2025-06-03 15:42:57,038 INFO: [['不 要 小 看 我 的 力 量 。'], ['你 能 大 声 点 讲 吗 ？ 我 听 不 太 清 。'], ['现 在 是 行 动 的 时 候 了 。'], ['我 仅 仅 是 在 和 T o m 交 谈 。'], ['你 真 的 一 点 没 变 。'], ['这 是 一 朵 美 丽 的 花 。'], ['您 想 要 多 少 工 资 ？'], ['她 对 UNK 画 有 很 好 的 鉴 赏 力 。'], ['每 个 人 都 请 教 汤 姆 。'], ['这 些 女 孩 当 中 其 中 一 个 被 留 下 来 了 。'], ['我 是 免 费 得 到 的 。'], ['我 不 相 信 孩 子 能 独 自 到 东 京 。'], ['房 间 里 没 有 任 何 人 。'], ['你 明 天 来 的 时 候 ， 我 就 看 完 这 本 小 说 了 。'], ['所 有 月 份 中 我 最 喜 欢 五 月 。'], ['那 是 一 支 铅 笔 。'], ['我 给 他 带 来 了 很 多 麻 烦 。'], ['他 没 有 成 功 的 机 会 。'], ['当 我 还 是 个 孩 子 时 ， 他 经 常 来 看 望 我 们 。'], ['老 师 给 我 们 布 置 了 家 庭 作 业 。'], ['她 穿 上 袜 子 。'], ['我 必 须 到 银 行 去 。'], ['我 跟 你 说 过 她 在 的 时 候 不 要 说 这 件 事 。'], ['昨 晚 我 和 汤 姆 说 话 了 。'], ['我 不 懂 汤 姆 怎 么 知 道 的 。'], ['他 是 世 界 上 最 有 钱 的 人 。'], ['汤 姆 一 定 很 能 讲 。'], ['让 他 们 向 我 们 学 习 。'], ['你 知 道 怎 么 煮 肉 吗 ?'], ['你 不 喜 欢 赌 博 ， 是 吗 ？'], ['我 想 要 的 就 是 这 个 。'], ['我 最 讨 厌 背 UNK 课 文 了 。'], ['我 来 协 助 你 。'], ['所 有 的 牛 奶 都 UNK 出 去 了 。'], ['他 喜 欢 一 切 甜 的 东 西 。'], ['汤 姆 想 吃 的 是 什 么 ？'], ['你 空 闲 时 间 喜 欢 做 什 么 ？'], ['我 们 要 做 的 很 简 单 。'], ['如 果 明 天 天 气 好 ， 我 们 就 去 野 餐 。'], ['路 中 间 有 一 辆 卡 车 。'], ['地 震 之 后 发 生 了 火 灾 。'], ['汤 姆 打 算 回 来 。'], ['我 想 UNK 回 我 之 前 的 UNK 述 。'], ['比 起 橘 子 ， 我 更 喜 欢 苹 果 。'], ['汤 姆 告 诉 我 他 不 喜 欢 UNK 酸 饮 料 。'], ['切 除 这 块 肉 的 UNK UNK 。'], ['我 可 以 使 用 我 的 医 疗 保 险 吗 ？'], ['你 喝 很 多 牛 奶 吗 ？'], ['当 然 。'], ['昨 天 我 很 早 起 床 。'], ['冬 天 的 某 日 ， 遇 到 了 她 。'], ['他 一 点 也 不 懂 英 语 。'], ['这 是 一 本 非 常 有 趣 的 书 。'], ['你 曾 在 哪 里 看 到 过 我 的 眼 镜 吗 ？'], ['我 只 是 不 想 失 去 你 。'], ['汤 姆 派 出 了 你 们 吗 ？'], ['这 批 货 物 是 由 船 只 运 送 的 。'], ['这 歌 叫 什 么 名 字 ？'], ['你 的 体 重 增 加 了 ， 不 是 吗 ？'], ['他 好 心 地 把 我 送 到 医 院 。'], ['他 怕 蛇 。'], ['玛 丽 不 是 真 病 。 她 只 是 装 病 。'], ['你 为 甚 么 不 跟 他 讲 ？'], ['我 们 在 树 荫 下 休 息 。'], ['你 在 阁 楼 上 做 了 什 么 ？'], ['请 重 新 考 虑 一 下 。'], ['我 们 想 知 道 真 相 。'], ['她 被 要 求 去 说 服 他 以 让 他 或 者 他 的 儿 子 或 者 是 别 的 人 来 粉 刷 屋 子 。'], ['你 无 法 说 “ 不 ” 。'], ['游 戏 几 点 开 始 ？'], ['我 今 天 早 上 抵 达 了 成 田 机 场 。'], ['干 活 慢 点 。'], ['学 校 8 点 半 开 始 上 课 。'], ['汤 姆 不 得 不 自 己 去 。'], ['我 打 电 话 给 汤 姆 了 。'], ['给 我 点 东 西 吃 。'], ['这 是 我 姊 姊 的 照 片 。'], ['她 看 到 镜 子 里 的 自 己 。'], ['她 留 了 很 多 钱 给 她 儿 子 。'], ['我 想 要 一 楼 的 座 位 。'], ['一 只 猫 从 桌 底 下 出 来 。'], ['他 每 天 晚 上 打 电 话 给 她 。'], ['关 灯 。'], ['我 需 要 去 派 对 吗 ？'], ['老 人 小 心 翼 翼 地 过 了 马 路 。'], ['这 不 关 你 的 事 。'], ['你 认 为 汤 姆 有 钱 吗 ？'], ['别 害 怕 犯 错 。'], ['我 宁 愿 你 待 在 家 里 。'], ['去 年 冬 天 很 暖 和 。'], ['有 它 的 应 用 吗 ？'], ['那 本 书 在 哪 儿 ？'], ['什 么 时 候 开 始 登 机 ？'], ['尽 可 能 地 多 阅 读 书 籍 。'], ['他 怕 那 只 狗 。'], ['你 能 看 吗 ？'], ['明 天 你 一 整 天 都 会 在 这 里 吗 ?'], ['她 的 手 提 包 被 偷 了 。'], ['还 有 谁 用 这 个 房 间 ？'], ['人 们 修 了 一 座 桥 过 河 。'], ['你 今 天 看 起 来 很 高 兴 。'], ['我 真 的 需 要 把 这 都 读 了 。'], ['汤 姆 从 他 的 自 行 车 上 掉 了 下 来 。'], ['我 们 都 有 秘 密 。'], ['你 家 里 谁 做 饭 ？'], ['不 要 随 便 开 玩 笑 。'], ['那 本 书 是 一 本 新 书 。'], ['这 些 信 息 对 我 们 非 常 重 要 。'], ['他 的 职 业 是 医 生 。'], ['突 然 开 始 下 雨 。'], ['你 最 喜 欢 哪 一 个 科 目 ?'], ['T o m 喝 我 的 苹 果 汁 。'], ['你 应 该 准 时 上 班 。'], ['今 天 ， 英 语 只 是 世 界 上 超 过 2 , 7 0 0 种 语 言 的 其 中 之 一 。'], ['这 首 歌 老 少 皆 宜 。'], ['在 美 国 说 英 语 。'], ['邮 局 在 街 那 头 。'], ['不 要 担 心 它 。'], ['她 的 体 重 减 轻 了 。'], ['水 是 液 体 。 冻 起 来 就 成 了 固 体 。'], ['在 花 园 里 的 玫 瑰 正 盛 开 著 。'], ['这 份 报 告 完 全 错 误 。'], ['为 了 正 当 目 的 并 非 总 是 可 以 不 择 手 段 .'], ['有 些 男 孩 走 进 了 教 室 。'], ['有 人 死 了 的 时 候 真 是 遗 憾 。'], ['你 最 好 立 刻 离 开 这 里 。'], ['我 佩 服 你 的 勇 气 。'], ['汤 姆 给 了 玛 丽 一 个 不 错 的 礼 物 。'], ['你 还 想 跟 我 谈 吗 ？'], ['我 们 很 节 省 地 旅 行 。'], ['建 造 这 堵 墙 是 为 了 把 人 隔 在 外 面 还 是 把 他 们 留 在 里 面 ？'], ['非 常 高 兴 再 次 见 到 你 。'], ['请 不 要 问 。'], ['我 不 相 信 这 样 的 事 情 存 在 。'], ['你 还 发 现 什 么 了 ？'], ['他 有 一 个 妻 子 和 两 个 孩 子 要 养 活 。'], ['他 终 于 达 到 了 自 己 的 目 标 。'], ['我 并 不 想 伤 害 他 的 感 情 。'], ['我 前 几 天 收 到 了 你 的 传 真 。'], ['她 奇 怪 地 看 了 我 一 眼 。'], ['你 工 作 太 勤 奋 了 。 休 息 一 会 吧 。'], ['我 借 给 他 一 盘 C D 。'], ['出 去 散 步 怎 么 样 ？'], ['汤 姆 不 浪 费 一 点 时 间 ， 不 是 么 ？'], ['上 帝 知 道 我 们 做 了 我 们 所 能 做 的 事 。'], ['你 该 告 诉 他 真 相 。'], ['伯 恩 是 瑞 士 首 都 。'], ['晚 上 好 ！'], ['我 同 意 他 。'], ['我 确 定 我 能 找 点 给 你 做 的 事 。'], ['这 不 是 很 流 行 。'], ['明 天 我 一 整 天 都 有 空 。'], ['请 穿 上 你 的 鞋 子 。'], ['我 能 开 拖 拉 机 吗 ？'], ['我 为 甚 么 该 感 谢 汤 姆 ？'], ['你 应 该 得 到 这 个 奖 金 。'], ['他 一 个 人 生 活 。'], ['我 在 法 国 认 识 了 他 。'], ['生 病 很 无 聊 。'], ['汤 姆 不 知 道 他 要 对 玛 丽 说 甚 么 。'], ['他 把 梯 子 倚 著 栅 栏 放 。'], ['我 能 和 你 谈 谈 吗 ？'], ['我 要 是 有 钱 ， 立 马 就 买 这 台 电 脑 。'], ['她 是 个 合 格 的 护 士 。'], ['他 的 房 子 又 小 又 旧 。'], ['我 真 蠢 。'], ['他 们 打 电 话 给 医 生 因 为 这 个 孩 子 生 病 了 。'], ['你 必 须 去 做 。'], ['耐 心 有 时 候 是 最 有 效 的 武 器 。'], ['你 的 建 议 似 乎 是 合 理 的 。'], ['他 告 诉 过 我 他 会 去 威 尼 斯 。'], ['汤 姆 说 他 还 没 决 定 要 做 甚 么 。'], ['没 有 任 何 肥 皂 。'], ['我 不 认 为 他 会 来 的 。'], ['说 英 语 的 时 候 不 要 怕 犯 错 。'], ['这 是 我 们 之 间 的 秘 密 。'], ['人 会 随 著 年 龄 的 增 长 而 更 加 地 玩 世 不 恭 。'], ['你 是 我 们 唯 一 的 希 望 。'], ['你 穿 几 号 的 鞋 子 ?'], ['如 果 你 离 开 日 本 ， 我 会 非 常 想 你 的 。'], ['请 把 电 视 关 掉 。'], ['我 把 我 借 来 的 刀 还 了 。'], ['他 的 年 纪 可 以 开 车 了 。'], ['她 和 以 前 比 起 来 变 了 很 多'], ['请 让 我 看 看 您 的 登 机 证 好 吗 ?'], ['汤 姆 在 找 新 工 作 。'], ['对 教 师 来 说 ， 教 她 很 有 趣 。'], ['这 些 是 她 自 己 烤 的 蛋 糕 。'], ['我 已 经 让 汤 姆 去 做 它 了 。'], ['我 认 为 你 知 道 那 不 是 真 的 。'], ['我 明 天 要 离 开 去 加 拿 大 。'], ['只 要 雨 一 停 我 们 就 走 。'], ['我 不 会 再 跟 他 说 话 了 。'], ['她 累 了 ， 但 她 继 续 工 作 。'], ['告 诉 汤 姆 我 不 需 要 他 的 帮 助 ！'], ['我 有 一 通 来 自 她 的 电 话 。'], ['从 这 里 到 公 园 UNK 离 两 英 里 。'], ['他 跑 得 比 他 哥 哥 快 。'], ['那 男 孩 儿 来 访 过 我 家 。'], ['我 们 昨 天 踢 了 足 球 。'], ['我 反 对 任 何 形 式 的 战 争 。'], ['你 和 谁 说 话 呢 ？'], ['我 收 到 了 一 张 请 UNK 。'], ['汤 姆 对 每 个 人 都 好 。'], ['他 是 个 好 人 。'], ['他 两 年 前 来 日 本 。'], ['汤 姆 必 须 马 上 去 做 。'], ['汤 姆 会 接 受 。'], ['哪 顶 帽 子 是 你 的 ？'], ['这 是 汤 姆 叔 叔 的 农 场 。'], ['我 很 高 兴 没 有 买 这 样 的 东 西 。'], ['你 知 道 这 个 意 外 是 如 何 发 生 的 吗 ？'], ['T o m 喝 果 汁 。'], ['少 一 把 叉 子 。'], ['很 明 显 的 是 这 两 者 之 间 有 很 强 烈 的 分 歧 。'], ['他 们 洗 手 。'], ['多 少 年 过 去 了 。'], ['你 喜 欢 这 些 画 里 的 任 何 一 幅 吗 ?'], ['尽 管 我 在 学 校 学 了 6 年 英 语 ， 我 还 是 说 不 好 。'], ['汤 姆 不 再 是 俱 乐 部 的 成 员 了 。'], ['河 边 的 老 教 堂 很 漂 亮 。'], ['汤 姆 不 会 伤 害 任 何 人 。'], ['这 些 天 我 的 视 力 正 在 变 差 。'], ['今 天 我 不 加 班 。'], ['我 会 跟 着 你 走 到 桥 那 里 。'], ['我 们 要 去 市 中 心 吃 比 萨 。'], ['我 去 车 站 的 路 上 路 过 了 市 政 厅 。'], ['我 不 时 地 觉 得 难 过 。'], ['我 们 别 再 浪 费 时 间 争 论 了 。'], ['这 份 设 计 很 蠢 。'], ['物 价 上 涨 了 。'], ['内 用 还 是 外 带 ?'], ['如 果 你 发 现 错 误 ， 那 就 请 你 纠 正 它 。'], ['我 的 行 李 丢 了 。'], ['已 经 是 早 上 七 点 了 。'], ['你 认 为 我 是 哪 种 女 人 ？'], ['那 会 有 关 系 。'], ['我 不 知 道 他 是 否 已 经 为 我 做 好 了 。'], ['我 爱 我 的 生 命 。'], ['春 天 是 我 最 喜 爱 的 季 节 。'], ['我 感 觉 还 不 是 那 么 饿 。'], ['几 乎 是 樱 花 UNK 放 的 时 候 了 。'], ['我 跟 汤 姆 外 出 行 吗 ？'], ['我 无 法 再 忍 受 这 个 噪 音 了 。'], ['我 需 要 一 支 铅 笔 ， 我 能 用 你 的 其 中 一 支 吗 ？'], ['报 纸 看 完 后 借 我 看 下 。'], ['她 问 这 怎 么 可 能 。'], ['这 个 城 市 毁 于 火 灾 。'], ['这 是 非 常 好 的 土 壤 。'], ['还 剩 多 少 时 间 ？'], ['汤 姆 是 个 不 寻 常 的 人 。'], ['你 要 参 加 会 议 吗 ？'], ['有 人 来 了 。'], ['我 不 知 道 他 住 在 哪 里 。'], ['你 能 给 我 看 看 这 个 包 吗 ？'], ['她 的 英 文 成 绩 很 好 。'], ['载 我 们 到 市 区 。'], ['我 为 我 儿 子 感 到 骄 傲 。'], ['我 们 的 队 伍 输 了 所 有 的 比 赛 。'], ['他 有 很 多 钱 。'], ['春 天 快 来 了 。'], ['请 开 车 开 慢 一 点 。'], ['我 要 当 律 师 。'], ['汤 姆 的 生 日 是 昨 天 。'], ['你 认 识 我 吗 ？'], ['他 是 在 战 争 中 受 伤 的 。'], ['我 们 知 道 人 皆 难 免 一 死 。'], ['请 考 虑 一 下 。'], ['请 安 静 地 关 门 。'], ['它 们 什 么 时 候 能 被 送 到 ？'], ['你 为 什 么 不 回 家 呢 ？'], ['你 应 该 去 竞 选 城 市 委 员 会 。'], ['去 年 她 从 高 中 毕 业 了 。'], ['我 除 了 星 期 天 外 每 天 都 上 班 。'], ['我 要 相 信 汤 姆 。'], ['你 有 多 少 朋 友 ？'], ['他 们 想 要 这 个 。'], ['她 马 上 离 开 了 这 里 。'], ['在 这 次 考 试 中 我 犯 了 几 个 错 误 。'], ['她 原 谅 了 男 孩 的 粗 鲁 。'], ['她 很 可 爱 。'], ['那 是 我 真 的 很 喜 欢 的 椅 子 。'], ['公 司 破 产 了 。'], ['我 需 要 一 张 邮 票 。'], ['我 没 见 到 他 。'], ['他 免 费 把 它 给 了 我 。'], ['汤 姆 所 言 不 符 时 局 。'], ['我 听 说 他 打 麻 将 很 厉 害 。'], ['坐 我 旁 边 。'], ['他 装 作 没 在 听 。'], ['他 从 没 去 过 法 国 。'], ['我 现 在 上 班 无 法 离 开 。'], ['别 动 ， 不 然 我 就 开 枪 射 你 。'], ['他 们 看 起 来 好 像 要 哭 了 。'], ['桌 子 底 下 有 一 个 篮 子 。'], ['汤 姆 在 考 试 中 犯 了 一 些 错 误 。'], ['关 于 那 个 你 有 什 么 看 法 ？'], ['他 们 其 中 一 人 是 间 UNK 。'], ['她 现 在 正 待 在 她 叔 叔 家 。'], ['她 酷 爱 打 网 球 。'], ['他 们 从 我 的 果 园 偷 了 苹 果 。'], ['他 给 自 己 定 下 每 天 早 上 散 步 的 规 矩 。'], ['没 有 办 法 知 道 。'], ['天 空 乌 云 密 布 。'], ['O UNK a i 是 他 最 喜 欢 的 作 者 。'], ['她 会 永 远 爱 她 的 丈 夫 。'], ['你 的 英 语 说 得 很 好 。'], ['非 常 感 谢 ！'], ['汤 姆 非 常 勇 敢 ， 不 是 么 ？'], ['汤 姆 给 我 们 看 他 的 新 车 。'], ['我 宁 愿 待 在 家 里 。'], ['你 有 看 见 过 汤 姆 生 气 的 时 候 吗 ？'], ['很 多 人 在 战 争 中 被 杀 。'], ['他 可 能 错 过 了 火 车 。'], ['帮 我 UNK 起 这 包 裹 。'], ['别 这 么 粗 心 ！'], ['你 的 旅 行 怎 么 样 ?'], ['图 书 馆 里 有 很 多 书 。'], ['我 迷 路 了 ， 能 不 能 请 您 帮 我 一 下 ？'], ['说 英 语 对 我 来 说 很 困 难 。'], ['这 里 是 湖 最 深 的 地 方 。'], ['今 天 的 汇 率 是 多 少 ？'], ['我 只 能 代 表 我 自 己 讲 话 。'], ['她 感 到 UNK UNK 不 乐 的 。'], ['大 家 都 知 道 他 是 诚 实 的 。'], ['给 我 一 些 我 可 以 在 上 面 写 字 的 东 西 。'], ['这 样 的 事 情 不 可 能 在 日 本 发 生 。'], ['火 车 准 时 到 了 。'], ['我 明 白 汤 姆 所 说 的 一 切 。'], ['这 个 工 作 一 天 有 1 0 , 0 0 0 日 圆 的 报 酬 。'], ['汤 姆 不 知 如 何 翻 译 “ 计 算 机 ” 一 词 ， 因 为 同 他 谈 话 的 人 从 未 见 过 一 台 。'], ['这 是 张 木 桌 。'], ['白 天 渐 渐 地 越 来 越 长 。'], ['你 不 再 只 是 一 个 孩 子 了 。'], ['汤 姆 说 他 累 了 。'], ['我 爱 这 首 歌 。'], ['他 出 生 在 非 洲 。'], ['我 希 望 你 弟 弟 好 点 了 。'], ['我 知 道 他 的 名 字 ， 但 不 知 道 他 长 什 么 样 。'], ['我 要 戴 头 UNK 。'], ['我 有 点 不 能 集 中 注 意 力 。'], ['你 应 该 光 荣 地 辞 职 。'], ['这 是 谁 的 ？'], ['他 刚 请 假 走 了 。'], ['走 开 ！'], ['最 近 物 价 已 经 下 降 。'], ['你 最 好 小 心 不 要 吃 过 量 。'], ['坚 持 下 来 ， 你 就 能 成 功 。'], ['隔 壁 的 男 孩 常 常 晚 回 家 。'], ['我 就 是 不 能 说 不 。'], ['他 留 给 了 他 的 儿 子 一 大 笔 财 富 。'], ['汤 姆 要 考 虑 很 多 。'], ['我 的 右 手 麻 了 。'], ['出 去 吃 晚 餐 如 何 ？'], ['我 知 道 怎 么 做 俄 式 炒 牛 肉 片 。'], ['汤 姆 是 好 人 。'], ['汤 姆 还 是 喝 ， 但 不 像 以 前 那 么 多 了 。'], ['你 在 写 信 吗 ？'], ['考 虑 到 他 的 年 纪 ， 他 做 得 很 好 。'], ['这 个 班 的 女 生 平 均 身 高 超 过 了 1 5 5 公 分 。'], ['欢 迎 。'], ['我 今 天 要 准 备 晚 饭 。'], ['他 很 快 就 会 回 来 的 。'], ['这 是 你 的 家 人 吗 ？'], ['汤 姆 没 有 能 求 助 的 人 。'], ['汤 姆 没 有 抱 怨 。'], ['女 孩 在 教 室 的 角 落 啜 泣 。'], ['我 们 爱 汤 姆 。'], ['你 六 点 起 床 吗 ？'], ['汤 姆 是 法 语 母 语 者 。'], ['他 不 像 他 的 兄 长 那 样 聪 明 。'], ['五 点 以 前 你 必 须 在 车 站 。'], ['它 至 少 要 花 五 美 元 。'], ['老 板 在 哪 里 ？'], ['汤 姆 过 去 在 这 里 工 作 。'], ['我 乐 意 分 享 。'], ['他 不 再 住 在 这 里 了 。'], ['你 不 能 指 望 他 们 的 帮 助 。'], ['人 无 法 长 生 不 死 。'], ['我 想 在 吃 这 肉 喝 你 最 好 的 白 酒 。'], ['我 住 在 一 个 大 城 市 里 。'], ['她 会 把 她 的 照 片 给 想 要 的 人 。'], ['你 会 说 简 单 的 英 语 吗 ？'], ['我 已 经 感 觉 够 坏 了 。'], ['我 的 肩 膀 很 酸 。'], ['我 将 参 加 这 个 会 议 。'], ['他 们 几 乎 不 给 我 们 添 麻 烦 。'], ['让 我 们 去 河 里 游 泳 吧 。'], ['汤 姆 完 全 UNK 疲 力 尽 了 。'], ['他 们 比 我 们 高 得 多 。'], ['这 不 是 我 点 的 食 物 。'], ['T o m 今 天 早 上 写 了 封 信 给 M a r y 。'], ['这 是 我 母 亲 。'], ['如 果 你 有 时 间 的 话 ， 请 过 来 一 趟 。'], ['我 在 困 难 时 总 是 依 赖 他 。'], ['能 不 能 麻 烦 你 告 诉 我 去 邻 村 怎 么 走 ？'], ['再 一 次 。'], ['她 总 是 随 心 所 欲 。'], ['我 们 什 么 都 知 道 。'], ['我 们 将 参 加 马 拉 松 。'], ['我 喜 欢 穿 长 袜 。'], ['试 著 不 要 哭 。'], ['你 上 个 夏 季 在 波 士 顿 吗 ？'], ['贝 多 芬 是 一 个 伟 大 的 音 乐 家 。'], ['她 用 玫 瑰 花 装 饰 了 她 的 房 间 。'], ['听 到 这 件 悲 剧 ， 他 俩 尽 皆 哭 泣 。'], ['我 父 亲 太 忙 而 无 法 去 散 步 。'], ['明 天 天 气 怎 么 样 ？'], ['我 忘 了 。'], ['在 派 对 上 见 。'], ['她 非 常 想 当 口 译 。'], ['我 另 有 计 划 。'], ['她 不 喜 欢 不 守 时 的 人 。'], ['士 兵 们 准 备 好 要 战 斗 了 。'], ['给 我 说 说 你 去 过 的 一 些 地 方 。'], ['我 是 游 泳 社 的 成 员 。'], ['我 们 晚 会 再 谈 这 事 。'], ['我 们 走 走 吧 。'], ['这 个 药 会 帮 助 你 。'], ['我 穿 著 我 的 睡 衣 吃 早 餐 。'], ['你 应 该 要 更 快 警 告 他 的 。'], ['它 有 改 善 了 。'], ['我 听 见 他 下 楼 的 声 音 。'], ['这 张 桌 子 太 占 空 间 了 。'], ['他 住 在 我 们 街 对 面 。'], ['如 果 你 想 ， 你 可 以 来 。'], ['这 里 有 人 知 道 汤 姆 住 在 哪 里 吗 ？'], ['我 要 你 去 。'], ['今 天 几 号 ？'], ['他 自 学 法 语 。'], ['这 个 作 家 是 俄 罗 斯 人 。'], ['他 现 在 正 忙 著 做 他 的 家 庭 作 业 。'], ['伏 特 加 在 哪 里 ？'], ['汤 姆 还 没 有 失 去 信 心 。'], ['我 见 一 只 猫 追 着 狗 跑 。'], ['他 们 没 有 东 西 吃 了 。'], ['汤 姆 搜 查 了 衣 柜 里 面 。'], ['汤 姆 今 早 出 发 晚 了 。'], ['明 天 天 气 晴 转 阵 雨 。'], ['我 昨 晚 读 书 。'], ['我 必 须 偿 还 债 务 。'], ['我 们 在 跟 时 间 斗 争 。'], ['我 昨 天 刚 收 到 你 的 信 。'], ['我 们 只 是 需 要 个 计 划 。'], ['汤 姆 学 了 几 年 法 语 。'], ['这 与 你 有 直 接 关 系 。'], ['我 喉 咙 痛 。'], ['她 把 书 还 给 了 图 书 馆 。'], ['那 是 你 的 车 吗 ?'], ['我 在 那 匹 马 下 十 美 元 的 赌 注 。'], ['他 坏 透 了 。'], ['多 可 爱 啊 ！'], ['不 少 的 美 国 人 喜 欢 寿 司 。'], ['我 们 不 在 波 士 顿 。'], ['你 不 能 打 一 点 折 吗 ？'], ['汤 姆 也 刚 离 婚 。'], ['我 们 是 隔 着 墙 的 邻 居 。'], ['我 不 在 乎 是 否 下 雪 。'], ['我 有 一 个 女 儿 。'], ['我 拒 绝 被 像 一 个 孩 子 般 对 待 。'], ['你 相 信 他 说 的 话 吗 ？'], ['向 右 转 。'], ['昨 天 我 收 到 了 她 的 信 。'], ['我 甚 至 不 知 道 汤 姆 离 开 了 。'], ['UNK 是 居 里 夫 人 所 发 现 的 。'], ['你 想 先 去 哪 里 ?'], ['足 球 是 我 最 喜 欢 的 运 动 。'], ['我 在 七 点 吃 早 饭 。'], ['放 轻 松 。'], ['我 的 其 中 一 个 行 李 不 见 了 。'], ['汤 姆 在 学 校 遇 到 了 很 多 问 题 。'], ['立 即 送 医 。'], ['我 不 知 道 为 什 么 卡 拉 O K 如 此 受 欢 迎 。'], ['已 经 9 点 了 。'], ['张 开 嘴 巴 闭 上 眼 睛 。'], ['她 声 称 自 己 没 罪 。'], ['你 很 健 忘 。'], ['我 是 一 个 自 由 的 人 。'], ['我 在 别 处 听 过 那 个 名 字 。'], ['汤 姆 问 玛 丽 她 把 钥 匙 放 在 哪 里 了 。'], ['你 不 吃 没 关 系 。'], ['她 急 忙 地 清 扫 了 她 的 房 间 。'], ['他 在 银 行 里 有 大 量 钱 财 。'], ['他 们 有 时 帮 我 们 。'], ['谢 谢 你 邀 请 我 吃 饭 。'], ['你 最 好 不 要 再 见 她 了 。'], ['我 想 我 懂 了 。'], ['今 天 不 比 昨 天 UNK 热 。'], ['你 看 上 去 很 傻 。'], ['老 人 们 很 早 就 起 床 。'], ['他 为 什 么 会 胃 痛 的 原 因 很 明 显 。'], ['西 蓝 花 是 最 健 康 的 蔬 菜 之 一 。'], ['你 的 父 母 有 多 高 ？'], ['昨 晚 下 了 一 场 大 雨 。'], ['观 察 鸟 类 是 个 很 好 的 业 余 爱 好 。'], ['王 子 爱 上 了 一 个 UNK 夫 的 女 儿 。'], ['我 一 直 都 想 做 。'], ['我 吃 苹 果 。'], ['汉 语 是 一 个 声 调 语 言 。'], ['我 当 时 不 孤 单 。'], ['赠 与 比 接 受 更 让 人 觉 得 幸 福 。'], ['你 会 游 泳 , 不 是 吗 ？'], ['要 是 你 饿 了 ， 我 能 给 你 做 饭 。'], ['没 有 重 建 的 钱 。'], ['他 们 所 有 的 秘 密 都 已 经 被 UNK UNK 了 。'], ['M a r y 霸 占 了 她 的 包 包 并 且 离 开 了 。'], ['我 把 我 的 头 发 剪 了 。'], ['他 不 适 合 当 老 师 。'], ['他 们 永 不 言 弃 。'], ['孩 子 通 常 没 有 耐 心 。'], ['那 个 肉 是 鸡 肉 。'], ['他 习 惯 了 旅 行 。'], ['多 么 有 趣 啊 ！'], ['我 刚 才 吃 了 寿 司 喝 了 啤 酒 。'], ['你 曾 爬 过 枪 UNK 吗 ?'], ['我 们 在 一 个 工 厂 工 作 。'], ['汤 姆 想 说 话 。'], ['你 应 该 喝 大 量 的 液 体 。'], ['这 口 井 里 没 有 水 。'], ['他 是 个 好 孩 子 。'], ['我 在 考 虑 出 国 。'], ['你 还 太 年 轻 无 法 取 得 驾 驶 执 照 。'], ['我 肩 膀 痛 。'], ['你 不 要 点 咖 啡 吗 ？'], ['汤 姆 想 报 仇 。'], ['人 无 法 长 生 不 死 。'], ['汤 姆 不 相 信 他 能 做 到 。'], ['汤 姆 告 诉 我 要 照 顾 好 我 自 己 。'], ['把 灯 打 开 。 我 什 么 都 看 不 见 了 。'], ['他 们 已 经 宣 布 订 婚 了 。'], ['这 条 裙 子 你 穿 着 很 合 身 。'], ['我 们 没 时 间 。'], ['让 你 叔 叔 想 一 想 。'], ['我 希 望 汤 姆 的 预 测 是 错 的 。'], ['你 明 天 要 来 吗 ？'], ['我 只 是 不 喜 欢 它 。'], ['我 认 为 这 些 问 题 很 容 易 。'], ['他 说 法 语 说 得 很 流 利 。'], ['请 跟 我 来 。'], ['你 怎 么 念 你 的 名 字 ？'], ['树 叶 在 十 月 开 始 掉 落 下 来 。'], ['他 拯 救 了 我 。'], ['我 觉 得 他 是 对 的 。'], ['他 给 我 们 讲 了 一 个 有 趣 的 故 事 ， 我 们 都 笑 了 起 来 。'], ['她 不 这 么 想 。'], ['我 能 帮 你 。'], ['别 去 想 它 。'], ['我 认 为 这 是 真 的 。'], ['C o o k i e 的 母 亲 死 于 癌 症 。'], ['我 确 定 汤 姆 不 会 游 泳 。'], ['你 可 以 借 我 你 的 脚 踏 车 吗 ?'], ['你 有 医 疗 保 险 吗 ？'], ['她 住 在 一 栋 两 层 楼 的 房 子 。'], ['我 感 觉 不 舒 服 。'], ['我 完 全 同 意 。'], ['当 她 听 到 这 个 消 息 的 时 候 ， 她 哭 了 。'], ['汤 姆 鬼 鬼 UNK UNK 地 遛 近 了 玛 丽 身 后 。'], ['让 我 进 去 。'], ['我 们 现 在 去 吧 。'], ['英 语 在 大 部 份 的 国 家 被 教 授 。'], ['我 会 晚 一 点 回 来 。'], ['我 的 学 校 在 我 家 左 边 。'], ['我 打 算 明 天 在 家 里 待 一 天 。'], ['你 记 得 自 己 该 买 蜡 烛 吗 ？'], ['我 在 省 钱 买 新 车 。'], ['河 里 没 有 水 了 。'], ['她 意 味 深 长 地 看 了 我 一 眼 。'], ['我 没 有 什 么 可 抱 怨 的 。'], ['不 允 许 在 火 车 上 吸 烟 。'], ['一 切 都 变 成 了 黑 色 。'], ['我 想 买 点 东 西 吃 。'], ['我 想 你 把 真 相 告 诉 我 。'], ['他 从 未 看 不 起 穷 人 。'], ['请 您 等 几 分 钟 好 吗 ？'], ['她 已 经 睡 下 了 。'], ['他 的 这 本 书 一 点 意 思 也 没 有 。'], ['我 不 知 道 有 没 有 时 间 。'], ['你 不 懂 基 本 逻 辑 吗 ？'], ['我 每 天 早 上 6 点 叫 醒 他 。'], ['我 没 有 汽 车 。'], ['显 然 地 势 必 要 做 些 什 么 。'], ['我 不 禁 为 他 感 到 难 过 。'], ['他 的 来 信 让 我 不 安 。'], ['我 们 该 报 警 。'], ['那 从 不 会 发 生 。'], ['你 能 记 起 来 的 最 后 一 件 事 是 什 么 ？'], ['她 只 是 个 孩 子 。'], ['他 的 父 亲 把 一 生 奉 献 给 了 科 学 。'], ['汤 姆 搭 公 车 去 市 区 。'], ['我 们 没 有 看 著 。'], ['啤 酒 瓶 是 玻 璃 做 的 。'], ['我 和 她 是 兄 妹 。'], ['你 本 应 该 这 样 做 的 。'], ['我 们 现 在 就 去 医 院 吧 。'], ['请 打 开 瓶 子 。'], ['你 会 在 日 本 多 久 ?'], ['我 的 愿 望 是 成 为 一 个 老 师 。'], ['我 不 喜 欢 科 学 。'], ['这 本 字 典 是 我 的 。'], ['学 生 们 回 来 了 。'], ['我 和 她 没 有 共 同 之 处 。'], ['我 同 意 您 的 意 见 。'], ['这 并 不 让 我 惊 讶 。'], ['你 知 道 我 是 正 确 的 。'], ['我 有 麻 烦 了 。'], ['汤 姆 把 伞 落 在 了 巴 士 上 。'], ['他 戴 眼 镜 。'], ['车 在 门 口 等 著 。'], ['他 们 一 直 闹 笑 话 。'], ['到 明 年 四 月 我 们 住 在 这 儿 就 满 两 年 了 。'], ['我 们 的 棒 球 队 很 强 。'], ['什 么 也 没 少 。'], ['我 猜 那 应 该 可 以 的 。'], ['他 说 的 话 根 本 毫 无 意 义 。'], ['我 在 玩 电 视 游 乐 器 。'], ['请 坐 下 。'], ['他 独 自 住 在 森 林 里 。'], ['我 的 老 板 要 我 加 班 。'], ['汤 姆 知 道 我 的 什 么 ？'], ['你 哥 哥 结 婚 了 ， 不 是 吗 ？'], ['他 死 于 一 场 车 祸 。'], ['灯 没 有 亮 着 。'], ['你 做 什 么 ？'], ['我 怎 么 跟 汤 姆 解 释 ？'], ['要 是 你 老 打 游 戏 的 话 ， 你 的 视 力 会 下 降 的 。'], ['语 言 不 是 他 的 强 项 。'], ['T o m 穿 得 像 个 海 盗 。'], ['这 本 书 对 我 来 说 很 难 读 。'], ['她 是 个 倔 强 的 女 孩 。'], ['我 在 家 。'], ['每 个 人 都 想 要 得 到 无 法 拥 有 的 东 西'], ['我 能 跟 你 私 下 谈 一 分 钟 吗 ？'], ['我 笑 了 。'], ['请 小 心 驾 驶 。'], ['我 看 电 视 看 到 厌 烦 了 。'], ['你 应 该 重 写 这 句 话 。'], ['汤 姆 没 有 让 他 的 孩 子 们 去 玛 莉 的 派 对 。'], ['汤 姆 不 必 今 天 就 完 成 那 工 作 。'], ['你 的 测 验 怎 么 样 ？'], ['这 是 我 的 妻 子 。'], ['他 习 惯 了 旅 行 。'], ['汤 姆 不 习 惯 光 着 脚 漫 步 。'], ['我 在 吃 米 饭 。'], ['你 打 算 出 国 吗 ？'], ['你 该 去 洗 牙 了 。'], ['他 的 回 应 出 乎 我 们 的 意 料 。'], ['汤 姆 得 了 第 一 名 ， 不 是 吗 ?'], ['汤 姆 的 发 育 已 经 很 好 了 。'], ['我 无 法 理 解 他 的 逻 辑 。'], ['警 察 UNK 准 了 那 个 男 人 。'], ['汤 姆 将 他 自 己 和 玛 丽 的 名 字 添 加 到 了 名 单 上 。'], ['这 让 我 开 心 。'], ['你 们 准 备 好 了 吗 ？'], ['我 没 有 一 点 退 休 的 念 头 。'], ['有 你 不 能 做 的 事 吗 ？'], ['我 希 望 如 此 。'], ['桌 子 上 只 有 一 本 书 。'], ['那 符 合 逻 辑 。'], ['您 想 听 它 吗 ？'], ['我 喝 醉 了 ， 做 不 到 。'], ['他 一 直 暗 恋 着 她 。'], ['为 什 么 任 何 人 应 该 感 到 惊 喜 ？'], ['她 需 要 上 英 语 补 习 班 。'], ['医 生 在 观 察 X 光 片 。'], ['在 那 儿 看 报 纸 的 男 人 是 我 叔 叔 。'], ['你 的 行 为 离 要 求 的 太 远 了 。'], ['他 能 解 决 这 个 问 题 。'], ['粗 心 大 意 可 能 导 致 严 重 的 事 故 。'], ['你 和 汤 姆 昨 天 做 了 什 么 ？'], ['他 七 点 钟 去 学 校 。'], ['我 有 很 多 朋 友 帮 我 。'], ['我 要 看 看 我 能 做 甚 么 。'], ['你 们 可 以 乘 火 车 从 华 盛 顿 去 纽 约 。'], ['你 介 意 我 开 门 吗 ?'], ['我 邀 请 我 的 朋 友 吃 晚 餐 。'], ['警 察 看 来 很 清 楚 我 们 在 哪 里 。'], ['她 守 著 这 个 秘 密 。'], ['那 真 不 公 平 。'], ['他 们 为 我 办 了 一 个 盛 大 的 派 对 。'], ['她 买 了 两 双 袜 子 。'], ['这 不 可 能 ！'], ['他 很 擅 长 UNK UNK 球 。'], ['我 不 能 让 你 给 我 你 最 后 十 美 圆 。'], ['“ 等 他 回 来 ， 我 要 让 他 给 你 打 电 话 吗 ？ ” “ 是 的 ， 谢 谢 。 ”'], ['有 空 的 时 候 ， 我 总 喜 欢 听 古 典 音 乐 。'], ['我 怎 么 去 警 察 局 ？'], ['我 叔 叔 住 在 公 寓 里 。'], ['我 很 抱 歉 那 么 晚 回 家 。'], ['我 不 喜 欢 大 城 市 。'], ['他 在 大 学 主 修 戏 剧 。'], ['你 叫 什 么 名 字 ？'], ['不 ， 我 没 写 。'], ['汤 姆 在 镜 前 练 习 。'], ['我 试 图 解 决 这 个 问 题 。'], ['你 能 借 我 些 钱 吗 ？'], ['他 们 有 工 作 。'], ['他 偶 尔 会 来 拜 访 我 。'], ['告 诉 我 你 的 故 事 。 我 会 注 意 听 。'], ['你 没 告 诉 我 你 为 汤 姆 工 作 。'], ['我 们 可 能 需 要 一 些 。'], ['看 那 个 房 子 。'], ['我 将 考 虑 考 虑 。'], ['她 喜 欢 啤 酒 胜 过 葡 萄 酒 。'], ['她 有 点 儿 面 包 。'], ['昨 天 我 出 席 了 会 议 。'], ['我 有 那 么 多 衣 服 ， 以 至 于 我 不 知 道 明 天 穿 什 么 了 。'], ['只 要 你 保 持 安 静 , 你 可 以 留 在 这 里 。'], ['我 们 看 著 他 们 打 棒 球 。'], ['别 走 ！'], ['我 必 须 到 银 行 去 。'], ['我 为 我 父 亲 而 自 豪 。'], ['她 给 花 园 里 的 花 都 起 了 名 字 。'], ['她 给 了 我 这 些 旧 硬 币 。'], ['我 们 感 觉 到 房 子 摇 动 了 一 下 。'], ['我 们 看 到 了 孩 子 们 进 入 这 个 房 间 。'], ['卖 车 是 我 的 工 作 。'], ['再 不 走 就 迟 到 了 。'], ['开 始 下 雪 了 。'], ['你 们 两 个 做 了 什 么 有 趣 的 事 情 呢 ？'], ['她 开 始 唱 歌 了 。'], ['我 上 周 几 乎 天 天 见 到 汤 姆 。'], ['你 唱 歌 像 天 使 。'], ['他 努 力 学 习 。'], ['这 是 我 的 妹 妹 。'], ['他 爱 旅 行 。'], ['汤 姆 回 到 了 他 的 卧 室 。'], ['他 在 生 你 的 气 。'], ['别 再 念 了 。'], ['你 不 必 这 么 大 声 说 话 。'], ['我 周 日 不 去 学 校 。'], ['据 我 所 知 ， 她 还 没 结 婚 。'], ['他 告 诉 我 不 论 发 生 什 么 ， 他 都 准 备 好 了 。'], ['别 把 我 一 个 人 留 在 这 里 。'], ['他 骑 自 行 车 去 的 。'], ['我 想 跟 汤 姆 走 。'], ['没 有 人 相 信 我 说 的 话 。'], ['停 火 。'], ['离 我 的 车 远 一 点 。'], ['他 们 前 进 了 几 步 。'], ['你 胡 说 什 么 呢 ？'], ['我 下 星 期 的 今 天 会 和 你 见 面 。'], ['他 开 会 往 往 会 迟 到 。'], ['你 喜 欢 吃 什 么 菜 ？'], ['你 们 要 米 饭 吗 ？'], ['她 已 经 睡 下 了 。'], ['你 最 好 不 要 在 这 里 等 。'], ['把 这 个 留 给 我 吧 。'], ['我 觉 得 很 无 聊 。'], ['我 不 知 道 我 能 不 能 做 。'], ['十 七 岁 的 男 孩 常 常 长 得 和 他 父 亲 一 样 高 。'], ['让 我 们 边 喝 咖 啡 边 谈 。'], ['你 身 上 有 钱 吗 ？'], ['我 明 年 1 7 岁 。'], ['" 他 明 天 会 去 游 泳 吗 ? " " 是 的 , 他 会 。 "'], ['我 们 是 特 别 的 。'], ['你 不 快 乐 吗 ?'], ['我 有 时 候 打 破 规 矩 。'], ['她 照 顾 了 我 的 狗 。'], ['从 地 上 捡 起 这 支 铅 笔 。'], ['军 人 必 须 履 行 他 们 的 命 令 。'], ['能 让 我 用 这 个 吗 ？'], ['我 不 能 忍 受 他 的 傲 慢 。'], ['请 带 我 到 处 看 看 。'], ['小 心 ！ 在 那 里 有 一 个 大 洞 。'], ['孩 子 们 不 喜 欢 摸 黑 外 出 。'], ['你 的 家 人 好 么 ？'], ['她 有 预 言 的 能 力 。'], ['汤 姆 真 正 想 要 的 是 有 足 够 的 钱 给 玛 丽 买 一 些 花 。'], ['早 餐 时 间 在 七 点 到 九 点 。'], ['我 更 愿 意 跟 着 你 。'], ['你 在 写 什 么 ？'], ['盒 子 上 面 不 要 放 任 何 东 西 。'], ['汤 姆 已 经 对 学 法 语 不 感 兴 趣 了 。'], ['还 有 几 间 空 房 。'], ['她 在 他 的 脸 颊 上 吻 了 一 下 。'], ['这 湖 里 有 许 多 鱼 。'], ['我 和 她 的 男 朋 友 在 一 起 上 班 。'], ['她 嫁 给 了 一 个 有 钱 人 。'], ['他 们 担 心 。'], ['我 无 所 谓 。'], ['如 果 你 咬 我 ， 我 就 咬 回 来 。'], ['你 不 需 要 考 试 。'], ['我 对 他 的 态 度 变 了 。'], ['有 二 十 个 国 家 说 西 班 牙 语 。'], ['她 在 赶 时 间 。'], ['他 常 常 坐 着 看 书 一 连 好 几 个 小 时 。'], ['我 放 弃 。'], ['不 要 让 电 视 机 开 着 。'], ['你 和 谁 说 话 呢 ？'], ['我 曾 与 他 的 比 赛 网 球 。'], ['我 认 为 我 能 做 好 。'], ['城 市 是 令 人 兴 奋 的 地 方 ， 但 也 会 让 人 产 生 压 力 。'], ['许 多 人 只 说 一 种 语 言 。'], ['谁 要 热 巧 克 力 ？'], ['哪 一 本 书 比 较 好 ？'], ['你 的 英 语 老 师 是 谁 ？'], ['晚 安 。'], ['你 能 在 这 里 签 名 吗 ?'], ['警 告 被 忽 视 。'], ['你 在 这 里 做 甚 么 ？'], ['你 为 什 么 这 么 早 来 这 里 ？'], ['我 发 觉 男 孩 儿 UNK 然 入 睡 了 。'], ['你 今 天 晚 上 能 来 吃 饭 吗 ？'], ['你 有 红 色 的 铅 笔 吗 ？'], ['他 不 会 游 泳 。'], ['那 样 做 有 什 么 用 ?'], ['下 一 个 街 角 左 转 。'], ['不 要 担 心 这 样 的 事 情 。'], ['我 不 能 让 那 事 发 生 。'], ['我 们 在 派 对 上 玩 得 很 开 心 。'], ['我 们 必 须 止 血 。'], ['美 貌 只 是 表 面 性 的 东 西 。'], ['我 父 亲 无 法 UNK 起 它 。'], ['自 从 他 离 开 去 法 国 ， 已 经 有 两 个 月 了 。'], ['我 无 法 忍 受 它 了 。'], ['你 最 后 一 次 看 到 汤 姆 是 什 么 时 候 ？'], ['如 果 必 要 的 话 ， 我 不 反 对 付 特 别 费 用 。'], ['春 天 快 来 了 。'], ['汤 姆 是 聪 明 的 孩 子 。'], ['我 可 以 回 答 所 有 问 题 。'], ['火 是 非 常 危 险 的 。'], ['我 完 全 地 UNK 疲 力 尽 了 。'], ['我 可 以 看 看 你 的 护 照 吗 ？'], ['我 们 被 鼓 励 使 用 想 像 力 。'], ['冰 岛 以 前 属 于 UNK 麦 。'], ['你 可 以 把 我 的 行 李 拿 到 楼 上 吗 ?'], ['他 是 我 的 一 个 邻 居 。'], ['每 个 人 都 很 欣 赏 他 所 画 的 图 画 。'], ['日 本 的 新 学 年 在 四 月 开 始 。'], ['几 年 前 ， 我 们 的 房 间 里 没 有 什 么 家 具 。'], ['玛 丽 买 了 一 件 衬 衫 和 一 条 连 衣 裙 。'], ['我 在 放 学 后 做 作 业 。'], ['三 点 钟 可 以 吗 ？'], ['为 了 参 加 划 船 比 赛 ， 一 支 新 的 队 伍 组 成 了 。'], ['量 力 而 行 。'], ['哈 佛 始 建 于 1 6 3 6 年 。'], ['我 对 他 们 的 关 系 一 无 所 知 。'], ['汤 姆 不 敢 求 助 。'], ['这 是 我 份 内 的 事 。'], ['服 务 生 ， 请 给 我 一 些 水 。'], ['你 整 个 周 末 会 做 什 么 ？'], ['她 把 这 个 工 作 派 给 他 做 。'], ['他 的 计 划 是 危 险 的 ！'], ['T o m ， 我 想 和 你 谈 谈 。'], ['我 发 现 这 本 漫 画 书 非 常 有 趣 。'], ['得 有 人 做 点 什 么 。'], ['你 在 这 里 是 要 见 谁 吧 ？'], ['请 脱 掉 你 的 鞋 子 。'], ['波 士 顿 是 一 座 非 常 好 的 城 市 。'], ['我 是 从 新 加 坡 来 的 。'], ['我 认 为 我 们 不 该 让 汤 姆 再 那 么 做 。'], ['因 为 风 暴 ， 他 们 晚 到 了 。'], ['他 不 会 长 寿 。'], ['你 为 什 么 不 再 试 一 次 ?'], ['无 论 我 做 什 么 ， 你 都 不 高 兴 。'], ['我 们 应 该 去 请 医 生 。'], ['停 止 抵 抗 ！'], ['我 的 手 指 冻 僵 了 ， 以 至 于 无 法 弹 钢 琴 了 。'], ['汤 姆 埋 怨 玛 丽 从 来 不 帮 他 。'], ['所 有 你 能 做 的 就 是 等 待 。'], ['您 要 赶 快 些 。'], ['他 有 很 好 的 英 语 能 力 。'], ['当 心 ！'], ['请 相 信 我 的 话 。'], ['你 属 于 哪 个 社 团 ?'], ['这 被 认 为 是 一 件 大 事 。'], ['汤 姆 浪 费 时 间 。'], ['几 乎 没 人 相 信 她 。'], ['在 我 前 面 走 。'], ['我 不 想 有 任 何 误 会 。'], ['你 觉 得 日 本 料 理 怎 么 样 ？'], ['交 通 事 故 的 数 量 似 乎 在 增 长 。'], ['这 个 老 人 独 自 住 在 那 里 。'], ['早 上 好 ！'], ['有 人 在 火 车 上 偷 了 我 的 钱 包 。'], ['你 应 该 照 顾 你 生 病 的 母 亲 。'], ['请 即 刻 停 止 。'], ['这 是 一 个 巨 大 的 挑 战 。'], ['跟 你 没 有 关 系 。'], ['他 可 能 会 改 变 心 意 。'], ['有 一 分 钟 的 沉 默 ， 然 后 每 个 人 都 开 始 尖 叫 。'], ['莎 士 比 亚 是 一 位 作 家 的 名 字 。'], ['你 为 什 么 来 这 儿 ？'], ['我 们 甚 么 时 候 出 发 ?'], ['但 你 不 在 那 里 。'], ['T o m 认 识 我 。'], ['我 们 今 天 得 去 养 老 院 唱 歌 。'], ['我 要 一 些 甜 的 东 西 。'], ['我 不 知 道 他 们 是 否 会 离 婚 。'], ['我 明 年 想 去 国 外 。'], ['我 请 了 二 十 位 朋 友 参 加 派 对 。'], ['宝 宝 正 在 睡 觉 。'], ['我 可 能 搞 错 了 。'], ['他 擅 长 放 风 筝 。'], ['她 是 个 数 学 天 才 。'], ['他 们 在 花 园 里 种 花 。'], ['世 界 上 许 多 学 生 正 在 学 习 英 语 。'], ['我 要 游 泳 。'], ['你 认 为 我 们 会 遇 到 好 天 气 吗 ？'], ['汤 姆 想 知 道 玛 丽 是 否 有 男 朋 友 ？'], ['课 程 下 周 开 始 。'], ['你 应 该 更 努 力 学 习 。'], ['你 太 大 方 了 。'], ['他 和 他 的 邻 居 相 处 。'], ['你 会 开 车 ， 不 是 吗 ?'], ['你 可 能 听 说 过 。'], ['请 尽 快 回 来 。'], ['他 还 没 到 这 里 。'], ['汤 姆 让 他 的 UNK 人 们 在 黑 暗 下 进 餐 。'], ['湖 冻 冰 了 。'], ['他 年 纪 越 大 变 得 越 UNK 固 。'], ['汤 姆 被 玛 丽 的 回 答 困 惑 了 一 下 。'], ['汤 姆 不 是 个 多 好 的 人 。'], ['今 天 晚 上 我 打 算 看 电 视 。'], ['我 不 知 道 这 个 词 的 意 思 。'], ['他 被 赶 出 了 这 栋 房 子 。'], ['小 木 屋 UNK 浴 在 月 光 之 中 。'], ['你 故 意 犯 这 个 错 , 是 吗 ?'], ['你 不 可 以 离 开 这 个 房 间 。'], ['你 有 吗 ？'], ['我 为 你 充 当 导 游 。'], ['你 可 以 选 择 他 们 之 中 的 任 何 一 个 。'], ['小 丑 做 了 个 鬼 脸 。'], ['我 期 待 你 的 帮 助 。'], ['她 看 上 去 十 分 优 雅 。'], ['你 想 和 我 们 一 起 吃 吗 ？'], ['我 们 能 私 下 谈 谈 吗 ？'], ['你 是 高 中 生 吗 ?'], ['他 们 午 饭 吃 了 三 明 治 。'], ['我 喜 欢 咖 啡 胜 过 茶 。'], ['我 不 想 再 失 去 你 。'], ['算 数 处 理 数 字 。'], ['我 做 噩 梦 了 。'], ['汤 姆 已 经 下 定 决 心 要 去 波 士 顿 念 书 。'], ['我 想 我 找 到 答 案 了 。'], ['我 们 会 保 持 安 静 。'], ['她 怕 过 马 路 。'], ['你 一 直 忙 。'], ['不 要 打 断 我 们 的 谈 话 。'], ['你 应 该 做 笔 记 。'], ['你 没 必 要 周 日 去 上 学 。'], ['女 人 往 往 比 男 人 活 得 更 长 。'], ['她 坚 持 让 我 去 看 医 生 。'], ['他 每 周 六 和 他 的 女 朋 友 见 面 。'], ['我 们 应 该 往 哪 个 方 向 走 ？'], ['你 经 常 服 用 任 何 药 物 吗 ？'], ['她 是 一 个 漂 亮 的 女 孩 。'], ['她 弹 吉 他 ， 他 唱 歌 。'], ['把 包 包 看 好 。'], ['我 的 姐 姐 经 常 就 着 牛 奶 喝 茶 。'], ['我 通 常 约 十 一 点 钟 上 床 睡 觉 。'], ['人 们 可 以 很 容 易 地 看 出 其 中 的 差 别 。'], ['你 迷 路 了 吗 ？'], ['我 在 一 个 乐 团 里 演 奏 。'], ['汤 姆 失 去 理 智 了 。'], ['无 论 你 去 哪 里 我 都 会 跟 著 你 。'], ['把 书 放 在 原 处 。'], ['你 觉 得 他 这 样 做 怎 么 样 ？'], ['你 有 一 双 可 爱 的 眼 睛 ， 不 是 吗 ?'], ['T o m 要 我 离 他 远 一 点 。'], ['你 为 什 么 知 道 这 么 多 的 日 本 历 史 ?'], ['我 结 婚 了 。'], ['他 们 在 小 学 时 就 是 朋 友 了 。'], ['昨 天 太 冷 了 ， 我 只 好 待 在 家 里 。'], ['这 是 给 你 的 礼 物 。'], ['她 说 的 话 让 我 觉 得 很 尴 尬 。'], ['我 承 认 他 是 对 的 。'], ['抓 住 绳 子 。'], ['请 尽 情 地 跳 舞 。'], ['汤 姆 想 要 孩 子 ， 但 玛 丽 不 想 。'], ['我 们 都 不 认 为 他 是 事 故 的 罪 魁 祸 首 。'], ['我 希 望 您 快 就 会 好 起 来 。'], ['戴 上 你 的 安 全 帽 。'], ['别 在 这 儿 扔 垃 圾 。'], ['穿 上 你 的 好 鞋 。'], ['你 觉 得 我 之 前 在 做 什 么 ？'], ['我 如 此 想 念 你 。'], ['令 我 惊 讶 的 是 ， 门 没 上 锁 。'], ['这 是 棵 很 高 的 树 。'], ['把 这 本 书 放 在 架 子 的 底 部 。'], ['我 爱 大 自 然 。'], ['不 要 害 怕 意 外 ， 但 要 有 准 备 。'], ['他 看 起 来 很 有 钱 。'], ['我 按 时 到 了 学 校 。'], ['很 遗 憾 您 不 能 来 派 对 。'], ['请 您 把 那 扇 窗 户 关 起 来 好 吗 ？'], ['她 把 她 所 有 的 洋 装 都 送 人 。'], ['我 认 为 汤 姆 可 能 不 想 那 样 做 。'], ['他 是 个 好 人 。'], ['包 UNK 早 饭 吗 ？'], ['我 的 生 日 在 星 期 日 。'], ['离 这 儿 有 多 远 ？'], ['他 们 两 个 人 都 在 房 间 里 。'], ['汤 姆 以 后 再 也 不 会 见 你 了 。'], ['我 请 她 等 一 会 儿 。'], ['他 假 装 没 有 听 见 我 。'], ['我 们 承 担 不 了 犯 错 的 后 果 。'], ['汤 姆 很 喜 欢 巧 克 力 蛋 糕 。'], ['你 能 借 我 这 本 书 吗 ？'], ['我 会 在 这 儿 再 待 上 三 天 。'], ['比 较 你 和 他 的 翻 译 。'], ['没 人 支 持 他 的 动 议 。'], ['别 再 插 手 。'], ['我 要 温 习 一 下 我 的 英 文 。'], ['他 悄 悄 地 递 给 我 一 张 纸 条 。'], ['我 没 有 和 她 相 处 过 。'], ['他 必 须 修 理 这 个 时 钟 。'], ['我 一 直 都 相 信 你 的 判 断 。'], ['所 有 的 医 药 费 我 大 概 要 付 多 少 ？'], ['我 跟 不 上 你 的 逻 辑 。'], ['这 场 革 命 已 经 带 来 了 很 多 改 变 。'], ['数 学 是 我 最 喜 欢 的 科 目 。'], ['来 商 量 吧 。'], ['这 个 男 孩 害 怕 黑 夜 。'], ['他 对 室 内 灰 尘 过 敏 。'], ['请 打 开 收 音 机 。'], ['他 坐 汽 车 到 波 士 顿 。'], ['我 出 城 度 假 了 。'], ['这 里 就 像 在 古 时 候 一 样 。'], ['我 要 他 弹 吉 他 。'], ['我 有 辆 新 车 。'], ['你 买 了 什 么 ？'], ['你 知 道 我 没 法 选 择 ， 不 是 么 ？'], ['这 不 是 一 个 句 子 。'], ['日 本 依 赖 外 国 的 石 油 。'], ['他 反 对 种 族 歧 视 。'], ['汤 姆 刚 从 邮 局 回 来 。'], ['情 况 一 天 比 一 天 差 。'], ['汤 姆 ， 我 想 跟 玛 丽 谈 话 。'], ['你 必 须 永 远 说 实 话 。'], ['我 们 需 要 英 雄 。'], ['我 哥 哥 喜 欢 恐 怖 电 影 。'], ['我 喜 欢 甜 食 。'], ['我 们 真 的 玩 得 很 开 心 。'], ['您 的 行 李 箱 有 多 重 ?'], ['我 们 在 第 三 章 讨 论 这 个 问 题 。'], ['我 怕 我 冒 犯 了 你 。'], ['许 多 房 屋 被 洪 水 冲 走 了 。'], ['汤 姆 上 夜 班 。'], ['你 保 证 吗 ？'], ['我 还 没 有 找 到 工 作 。'], ['打 开 收 音 机 。'], ['我 不 乘 公 交 去 学 校 。'], ['你 对 相 扑 知 道 得 很 多 。'], ['你 电 话 号 码 是 多 少 ？'], ['他 总 是 把 他 的 房 间 保 持 干 净 。'], ['你 还 在 收 集 邮 票 吗 ？'], ['他 的 画 被 UNK 挂 在 墙 上 。'], ['他 迟 早 会 后 悔 。'], ['你 应 该 先 从 最 简 单 的 问 题 开 始 。'], ['我 在 冬 天 出 生 。'], ['如 果 你 需 要 字 典 ， 我 就 把 我 旧 的 借 给 你 。'], ['我 可 以 试 穿 这 件 外 套 吗 ？'], ['我 有 个 盲 邻 居 。'], ['绿 色 适 合 你 。'], ['我 在 我 的 咖 啡 里 放 了 一 些 奶 油 。'], ['汤 姆 不 明 白 这 事 。'], ['最 近 的 大 卖 场 在 哪 里 ？'], ['汤 姆 害 羞 。'], ['这 是 她 曾 经 住 过 的 房 子 。'], ['我 觉 得 汤 姆 有 外 遇 。'], ['这 可 能 很 好 玩 。'], ['你 能 把 你 的 自 行 车 借 我 两 天 吗 ？'], ['我 完 全 不 懂 。'], ['她 可 以 来 。'], ['你 会 跳 舞 吗 ？'], ['你 愿 意 等 吗 ?'], ['它 真 重 。'], ['你 有 照 相 机 吗 ？'], ['上 个 星 期 这 架 飞 机 坠 毁 了 。'], ['我 会 去 你 家 接 你 。'], ['你 的 脚 踏 车 和 我 的 很 相 似 。'], ['我 昨 天 打 电 话 给 他 。'], ['她 继 续 工 作 。'], ['洗 您 的 脚 。'], ['他 可 能 病 了 。'], ['我 不 想 再 次 去 那 儿 。'], ['我 尽 可 能 地 跑 快 一 点 。'], ['事 实 是 倔 强 的 ， 但 统 计 是 柔 顺 的 。'], ['你 和 我 是 好 朋 友 。'], ['你 问 题 太 多 了'], ['她 早 上 7 点 起 床 。'], ['房 间 里 几 乎 没 有 人 。'], ['汤 姆 想 知 道 玛 丽 在 哪 里 学 会 了 法 语 。'], ['我 没 有 电 脑 。'], ['汤 姆 独 自 吃 了 半 个 蛋 糕 。'], ['他 每 天 早 晨 溜 狗 。'], ['让 我 给 你 UNK 茶 。'], ['我 喜 欢 打 网 球 和 高 尔 夫 球 。'], ['她 大 约 跟 我 同 年 纪 。'], ['我 无 法 弯 曲 我 的 右 手 臂 。'], ['有 罢 工 。'], ['你 没 必 要 马 上 去 做 。'], ['她 的 生 活 很 寂 寞 。'], ['他 仔 细 看 了 我 的 报 告 。'], ['今 天 早 上 ， 我 吃 了 面 包 夹 黄 油 。'], ['昨 天 的 消 息 让 我 感 到 震 惊 。'], ['汤 姆 没 有 参 加 会 议 。'], ['我 们 对 他 期 望 很 多 。'], ['当 我 到 的 时 候 ， 她 已 经 走 了 。'], ['他 还 在 这 儿 。'], ['我 爱 派 对 。'], ['“ 你 在 哪 里 ？ ” “ 我 在 一 个 朋 友 家 。 ”'], ['您 迷 路 了 吗 ？'], ['请 跟 我 来 。'], ['我 可 以 打 开 这 扇 窗 。'], ['说 她 美 不 如 说 她 可 爱 。'], ['你 有 很 多 休 闲 时 间 吗 ？'], ['她 打 了 他 。'], ['许 多 电 视 节 目 对 儿 童 有 不 良 的 影 响 。'], ['试 图 劝 她 是 没 有 用 的 。'], ['汤 姆 擅 长 烹 饪 。'], ['我 不 认 为 汤 姆 明 白 。'], ['元 旦 就 在 眼 前 。'], ['你 是 你 自 己 最 大 的 敌 人 。'], ['他 这 个 人 很 难 相 处 。'], ['我 不 介 意 在 雨 中 漫 步 。'], ['这 孩 子 哭 了 一 整 夜 。'], ['我 期 待 他 提 供 一 些 帮 助 。'], ['汤 姆 答 应 他 会 来 ， 但 他 没 来 。'], ['汤 姆 拒 绝 回 答 任 何 问 题 。'], ['我 们 在 同 一 时 间 到 了 那 里 。'], ['我 不 喜 欢 寿 司 。'], ['她 充 分 利 用 她 住 在 伦 敦 的 优 势 ， 提 高 英 语 。'], ['在 这 附 近 当 心 小 偷 。'], ['我 的 鞋 比 你 的 大 。'], ['我 父 亲 正 在 清 扫 车 库 。'], ['难 民 从 整 个 国 家 UNK 来 。'], ['这 只 狐 狸 和 这 只 熊 一 起 生 活 了 。'], ['让 他 们 照 顾 自 己 。'], ['抱 歉 ， 你 能 再 说 一 遍 吗 ？'], ['他 和 他 爸 爸 一 样 高 。'], ['这 是 张 舒 服 的 椅 子 。'], ['把 手 举 起 来 ！'], ['那 声 音 搅 了 我 的 美 梦 。'], ['小 女 孩 害 怕 从 屋 顶 上 跳 下 来 。'], ['你 能 让 我 知 道 汤 姆 什 么 时 候 来 吗 ？'], ['我 不 喜 欢 喝 茶 。'], ['她 给 我 UNK 了 茶 。'], ['他 在 一 次 意 外 中 失 去 了 他 的 视 力 。'], ['明 天 早 上 记 得 去 寄 这 封 信 。'], ['汤 姆 是 小 提 琴 教 师 。'], ['你 该 理 发 了 。'], ['你 的 狗 在 哪 儿 ？'], ['我 们 早 饭 吃 什 么 ？'], ['我 喜 欢 搭 火 车 旅 行 。'], ['她 昨 天 得 到 了 一 个 新 的 C D 播 放 机 。'], ['我 会 在 回 家 的 路 上 顺 便 去 邮 局 。'], ['汤 姆 这 人 确 实 很 有 意 思 。'], ['我 在 关 门 。'], ['我 和 汤 姆 说 了 话 。'], ['现 在 你 们 忙 吗 ？'], ['我 不 擅 长 运 动 。'], ['我 不 记 得 他 们 的 名 字 了 。'], ['很 少 人 活 到 1 0 0 岁 。'], ['她 在 行 走 。'], ['我 不 认 为 汤 姆 知 道 正 在 发 生 甚 么 。'], ['我 准 时 到 达 了 车 站 。'], ['他 很 敏 感 。'], ['汤 姆 和 玛 丽 都 知 道 你 是 谁 。'], ['十 二 月 有 三 十 一 天 。'], ['他 的 理 论 很 难 懂 。'], ['似 乎 很 明 显 他 病 了 。'], ['你 有 副 好 嗓 音 。'], ['从 什 么 时 候 开 始 您 就 这 里 工 作 着 的 呢 ？'], ['我 能 闻 到 他 呼 吸 中 的 酒 精 味 。'], ['我 已 经 好 久 没 有 见 到 你 了 。'], ['这 个 故 事 是 真 的 。'], ['他 坐 在 长 凳 上 。'], ['夏 天 我 穿 短 袖 衬 衫 。'], ['让 我 们 知 道 你 什 么 时 候 会 到 。'], ['我 无 法 理 解 他 的 想 法 。'], ['她 让 我 等 了 3 0 分 钟 。'], ['他 停 下 来 抽 根 烟 。'], ['他 去 过 体 育 馆 。'], ['请 去 银 行 。'], ['我 不 敢 相 信 你 父 母 让 你 自 己 过 来 。'], ['其 中 一 个 孩 子 让 门 开 著 。'], ['我 不 知 道 汤 姆 能 不 能 幚 我 们 。'], ['那 个 地 点 的 书 店 无 法 赚 足 够 的 钱 生 存 下 去 。'], ['没 有 人 知 道 他 为 何 拒 绝 我 帮 忙 。'], ['他 告 诉 我 他 那 时 很 忙 。'], ['这 张 书 桌 是 专 门 为 儿 童 设 计 的 。'], ['你 可 以 告 诉 我 如 何 到 火 车 站 吗 ?'], ['这 房 间 是 由 汤 姆 清 扫 的 。'], ['你 认 识 画 里 面 的 男 孩 吗 ？'], ['她 一 生 致 力 于 为 穷 人 工 作 。'], ['你 可 以 向 别 人 撒 谎 ， 但 你 不 会 向 自 己 撒 谎 。'], ['伦 敦 以 雾 著 名 。'], ['别 在 教 室 里 说 话 。'], ['你 为 什 么 问 我 ？'], ['他 非 常 喜 欢 科 幻 小 说 。'], ['他 去 年 八 月 回 来 的 。'], ['他 们 可 能 有 点 什 么 。'], ['我 完 全 不 认 识 那 个 女 人 。'], ['不 是 我 的 。'], ['让 我 们 知 道 你 是 否 能 来 。'], ['我 真 的 受 够 了 她 。'], ['你 怎 样 让 你 的 孩 子 们 吃 蔬 菜 ？'], ['他 的 观 察 是 敏 锐 的 ， 但 他 没 有 说 太 多 。'], ['没 有 一 个 人 迟 到 。'], ['他 经 常 搭 公 车 上 学 。'], ['我 们 促 膝 谈 心 。'], ['你 问 这 个 干 什 么 ?'], ['她 确 实 很 漂 亮 ， 但 她 很 自 私 。'], ['警 察 在 跟 著 他 。'], ['你 觉 得 这 个 计 划 怎 么 样 ？'], ['好 像 她 病 了 。'], ['我 几 乎 被 车 撞 到 了 。'], ['你 现 在 可 以 删 除 它 。'], ['那 么 吃 的 话 ， 肚 子 会 吃 坏 的 噢 。'], ['要 收 服 务 费 吗 ?'], ['我 希 望 玛 丽 通 过 考 试 。'], ['他 不 知 道 。'], ['我 父 亲 经 营 外 贸 多 年 。'], ['男 孩 在 玩 玩 具 兵 。'], ['我 父 亲 感 冒 了 。'], ['他 会 游 泳 。'], ['我 要 告 诉 汤 姆 。'], ['快 看 那 个 烟 。'], ['她 打 了 一 通 电 话 给 我 。'], ['我 遇 到 了 故 障 。'], ['他 几 乎 每 天 都 来 。'], ['她 浑 身 湿 透 了 。'], ['他 很 快 就 会 回 家 。'], ['这 是 鸟 类 UNK 护 所 。'], ['汤 姆 在 学 校 里 ， 不 是 么 ？'], ['她 好 像 很 讨 厌 你 。'], ['我 可 以 问 你 一 些 问 题 吗 ？'], ['我 给 你 再 买 一 个 吧 。'], ['我 想 现 在 结 帐 离 开 。'], ['它 有 毒 吗 ？'], ['他 喜 欢 看 电 视 上 的 棒 球 比 赛 。'], ['你 的 作 文 有 一 些 错 误 。'], ['没 有 学 生 缺 席 。'], ['谁 告 诉 你 我 和 汤 姆 在 交 往 的 ？'], ['我 不 喜 欢 上 学 。'], ['这 是 令 人 吃 惊 的 。'], ['真 是 太 好 了 。'], ['现 在 全 都 不 一 样 了 。'], ['这 封 信 是 寄 给 你 。'], ['这 块 石 头 太 重 了 无 法 UNK 起 来 。'], ['你 为 什 么 想 成 为 护 士 呢 ？'], ['你 已 经 辛 苦 地 工 作 好 几 个 月 了 , 当 然 可 以 休 假 。'], ['很 多 时 候 她 要 亲 自 去 。'], ['我 们 和 他 谈 了 这 个 计 划 。'], ['汤 姆 不 像 他 看 上 去 的 那 样 无 辜 。'], ['我 知 道 你 会 找 到 汤 姆 。'], ['这 是 去 帕 克 里 奇 的 巴 士 ？'], ['他 全 速 驾 驶 着 。'], ['今 晚 看 电 影 怎 么 样 ？'], ['他 正 吃 著 一 个 苹 果 。'], ['他 没 听 见 有 人 叫 他 的 名 字 。'], ['汤 姆 几 乎 能 游 得 跟 我 一 样 快 。'], ['戒 烟 难 。'], ['我 现 在 想 洗 澡 。'], ['顺 道 一 提 ， 我 的 英 语 是 绝 对 没 有 希 望 了 。'], ['他 想 到 了 一 个 解 决 的 好 办 法 。'], ['这 是 结 束 。'], ['汤 姆 是 个 很 有 才 华 的 作 家 。'], ['我 来 问 个 有 点 傻 的 问 题 。'], ['让 油 远 离 火 。'], ['你 觉 得 你 能 少 发 点 噪 音 吗 ？'], ['全 世 界 百 分 之 八 十 电 脑 上 的 资 讯 都 是 用 英 语 写 的 。'], ['以 下 是 我 们 怎 么 做 的 。'], ['显 然 ， 今 天 什 么 事 都 有 可 能 发 生 。'], ['林 肯 在 1 8 6 0 年 当 选 为 美 国 总 统 。'], ['那 天 我 丢 了 我 的 照 相 机 。'], ['我 无 法 回 答 所 有 问 题 。'], ['我 喜 欢 在 队 伍 里 。'], ['他 怕 自 己 的 影 子 。'], ['你 之 前 知 道 那 个 吗 ？'], ['我 想 要 酱 料 放 在 旁 边 。'], ['她 穿 了 一 条 红 色 的 裙 子 。'], ['玛 丽 悄 悄 地 关 上 了 门 。'], ['她 在 行 走 。'], ['我 想 和 T o m 一 样 高 。'], ['他 在 课 堂 上 心 不 在 UNK 。'], ['放 松 点 吧 。'], ['关 于 那 个 你 有 什 么 看 法 ？'], ['汤 姆 在 哈 佛 学 习 。'], ['我 该 去 睡 觉 了 。'], ['我 是 一 个 日 本 的 高 中 女 生 。'], ['我 抓 不 到 句 子 的 确 切 含 义 。'], ['我 很 抱 歉 ， 但 我 必 须 走 了 。'], ['别 紧 张 。'], ['我 累 死 了 。'], ['她 非 常 漂 亮 。'], ['我 今 天 下 午 可 以 去 游 泳 吗 ？'], ['行 动 胜 于 雄 辩 。'], ['他 去 美 国 学 医 了 。'], ['当 你 出 门 时 ， 别 忘 了 锁 门 。'], ['她 下 楼 。'], ['你 不 能 一 心 两 用 。'], ['她 说 他 不 会 戒 烟 。'], ['由 于 噪 音 ， 我 无 法 集 中 精 力 工 作 了 。'], ['你 们 为 什 么 想 杀 我 ？'], ['游 泳 很 简 单 。'], ['应 该 更 谨 慎 地 处 理 它 。'], ['希 望 下 次 我 在 纽 约 还 可 以 有 机 会 见 到 你 。'], ['告 诉 T o m 我 将 在 一 分 钟 内 到 达 这 里 。'], ['他 在 下 午 三 点 钟 的 时 候 来 了 。'], ['你 们 有 吗 ?'], ['他 不 喜 欢 被 惩 罚 。'], ['我 不 确 定 汤 姆 能 不 能 帮 忙 。'], ['冬 季 快 来 了 。'], ['有 人 在 监 视 。'], ['我 刚 刚 完 成 我 的 作 业 。'], ['骗 子 们 必 须 有 好 记 性 。'], ['请 说 慢 一 些 。'], ['她 现 在 依 然 依 靠 父 母 生 活 。'], ['汤 姆 认 识 他 。'], ['她 很 想 要 一 条 新 的 连 衣 裙 。'], ['这 真 是 有 趣 。'], ['他 的 说 明 并 不 清 楚 。'], ['我 怎 么 联 系 你 ？'], ['我 仔 细 地 考 虑 了 这 个 问 题 。'], ['他 出 国 留 学 了 。'], ['只 有 成 人 可 以 看 那 种 电 影 。'], ['我 们 认 识 你 么 ？'], ['是 的 ， 当 然 。'], ['有 你 的 电 话 。'], ['叫 救 护 车 。'], ['食 物 怎 么 样 ？'], ['那 个 学 生 跑 得 很 快 ， 不 是 吗 ？'], ['他 接 受 了 我 的 主 意 。'], ['汤 姆 被 卡 车 撞 到 而 且 当 场 死 亡 。'], ['他 给 了 跟 以 前 一 样 的 回 答 。'], ['男 孩 穿 着 袜 子 就 上 床 睡 觉 了 。'], ['我 们 俩 不 属 于 这 儿 。'], ['他 将 他 的 成 功 归 功 于 好 运 。'], ['对 事 情 比 较 正 经 严 肃 。'], ['你 缺 乏 耐 心 。'], ['自 作 自 受 。'], ['你 吃 过 午 饭 了 吗 ？'], ['信 写 完 了 。'], ['我 很 担 心 我 的 体 重 。'], ['请 你 把 盐 递 给 我 好 吗 ?'], ['你 很 聪 明 。'], ['北 海 道 并 不 总 是 寒 冷 。'], ['圣 诞 节 很 快 就 到 了 ， 对 吗 ？'], ['我 只 有 5 0 0 0 日 元 。'], ['戴 上 你 的 帽 子 。'], ['我 每 天 洗 一 次 澡 。'], ['我 的 爷 爷 喜 欢 大 清 早 的 散 步 。'], ['带 钥 匙 来 。'], ['你 会 开 手 排 车 吗 ?'], ['万 一 有 紧 急 情 况 ， 联 系 我 的 代 理 人 。'], ['不 用 说 ， 健 康 是 重 要 的 。'], ['请 你 不 要 说 这 个 。'], ['他 因 为 下 雪 所 以 迟 到 了 。'], ['我 不 喜 欢 鸡 蛋 。'], ['我 上 周 日 花 时 间 看 了 一 本 小 说 。'], ['我 的 儿 子 和 他 的 秘 书 订 婚 了 。'], ['我 会 把 这 个 工 作 留 给 你 。'], ['你 有 订 阅 任 何 杂 志 吗 ？'], ['你 会 弹 钢 琴 吗 ？'], ['手 续 费 是 多 少 ？'], ['别 听 她 的 。'], ['你 刚 说 了 什 么 ？'], ['读 这 本 书 很 容 易 。'], ['我 不 能 再 忍 受 这 种 痛 苦 了 。'], ['汤 姆 以 前 从 不 向 我 说 谎 。'], ['我 昨 晚 很 累 了 。'], ['先 生 ， 我 们 可 以 检 查 一 下 您 的 行 李 吗 ？'], ['他 也 许 明 天 能 来 。'], ['空 气 对 人 来 说 就 是 水 对 鱼 的 意 义 。'], ['你 怎 么 从 你 的 房 间 里 出 来 ？'], ['她 把 工 作 弄 得 一 团 糟 。'], ['大 爆 炸 致 死 六 人 。'], ['要 是 你 不 在 听 广 播 的 话 ， 就 关 掉 它 。'], ['我 不 认 为 他 会 说 好 。'], ['时 间 不 等 人 。'], ['他 每 天 刮 胡 子 。'], ['我 们 找 不 到 汤 姆 。'], ['天 暗 了 下 来 。'], ['我 们 快 破 产 了 。'], ['你 没 告 诉 我 玛 丽 这 么 漂 亮 。'], ['那 是 汤 姆 承 诺 的 。'], ['女 士 们 ， 先 生 们 ， 由 于 机 场 的 意 外 情 况 ， 我 们 的 着 陆 将 被 推 迟 。'], ['我 想 去 游 泳 。'], ['太 晚 了 。'], ['这 是 我 的 公 司 地 址 。'], ['我 们 的 新 家 有 一 台 电 梯 。'], ['我 应 该 去 做 。'], ['我 们 欠 你 个 道 歉 。'], ['这 不 是 好 主 意 。'], ['我 想 摆 脱 它 。'], ['玩 得 开 心 。'], ['让 我 们 放 轻 松 吧 。'], ['我 的 叔 叔 从 来 不 写 信 。'], ['他 曾 去 过 北 海 道 。'], ['我 不 能 走 。'], ['他 朝 着 大 狗 扔 了 块 石 头 。'], ['他 出 生 于 1 8 8 8 年 7 月 2 8 日 。'], ['我 被 工 作 困 住 了 。'], ['他 扔 一 块 石 头 到 池 塘 里 。'], ['有 人 喜 欢 夏 天 ， 有 人 喜 欢 冬 天 。'], ['她 总 是 一 身 黑 。'], ['你 找 到 有 趣 的 东 西 了 吗 ？'], ['我 请 他 在 这 里 等 。'], ['在 第 一 个 红 绿 灯 左 转 。'], ['我 还 年 轻 。'], ['这 盖 子 打 不 开 。'], ['你 明 天 这 个 时 候 会 是 在 做 什 么 ？'], ['你 不 应 该 出 去 。'], ['你 认 为 动 物 有 灵 魂 吗 ？'], ['我 们 的 孩 子 喜 欢 狗 ， 但 我 更 喜 欢 猫 。'], ['我 们 走 到 跟 火 车 站 那 样 远 的 地 方 。'], ['我 知 道 您 们 也 很 忙 碌 。'], ['我 父 亲 曾 经 去 过 澳 洲 两 次 。'], ['我 喜 欢 做 我 的 作 业 。'], ['本 来 这 间 房 间 里 没 有 家 具 。'], ['我 上 错 了 火 车 。'], ['上 床 睡 觉 前 要 刷 牙 。'], ['书 桌 下 有 一 只 猫 。'], ['测 速 的 方 法 有 很 多 。'], ['汤 姆 什 么 时 候 被 开 除 的 ?'], ['我 非 常 同 意 你 。'], ['我 们 希 望 你 喜 欢 这 个 表 演 。'], ['那 是 人 类 第 一 次 在 月 球 上 行 走 。'], ['1 0 0 0 日 元 够 不 够 ？'], ['我 从 来 没 有 看 过 他 穿 牛 仔 裤 。'], ['我 喜 欢 这 些 。'], ['我 没 去 派 对 。'], ['为 什 么 你 要 读 这 样 一 本 书 ？'], ['我 有 些 钱 。'], ['他 的 妻 子 在 医 院 里 因 为 她 在 一 场 车 祸 中 受 伤 了 。'], ['我 现 在 正 在 学 习 。'], ['她 的 父 亲 上 周 去 世 了 。'], ['下 周 一 开 学 。'], ['这 对 我 没 什 么 差 别 。'], ['我 认 为 我 可 能 已 经 犯 了 大 错 。'], ['汤 姆 想 看 看 玛 丽 的 房 间 。'], ['我 很 高 兴 听 到 这 个 消 息 。'], ['我 可 以 借 用 你 的 车 吗 ？'], ['昨 晚 有 一 场 大 地 震 。'], ['远 吗 ？'], ['汤 姆 感 谢 玛 丽 的 光 临 。'], ['这 实 验 是 成 功 的 。'], ['尽 管 她 在 日 本 长 大 ， 她 说 一 口 流 利 的 英 语 。'], ['你 怕 虫 子 吗 ？'], ['你 想 要 什 么 ?'], ['我 可 以 看 看 你 的 驾 驶 执 照 吗 ？'], ['他 还 没 来 。'], ['这 把 刀 很 锋 利 。'], ['汤 姆 说 他 很 有 钱 。'], ['我 爸 爸 拿 出 他 的 钱 包 ， 并 给 了 我 1 0 美 元 。'], ['她 在 他 的 背 上 戳 了 一 下 。'], ['这 些 巴 士 中 没 有 一 辆 去 新 宿 。'], ['请 告 诉 我 什 么 时 候 该 走 。'], ['我 们 最 好 叫 醒 汤 姆 。'], ['那 些 房 子 有 5 0 0 年 了 。'], ['我 想 要 一 个 M P 3 播 放 器 ！'], ['汤 姆 知 道 不 同 之 处 。'], ['现 在 假 期 结 束 了 。'], ['我 总 是 用 功 读 书 。'], ['我 必 须 在 礼 拜 六 之 前 把 书 还 回 去 。'], ['我 欠 他 1 0 0 0 美 元 。'], ['已 经 是 时 候 回 去 了 。'], ['他 因 为 没 有 被 邀 请 而 气 得 快 疯 了 。'], ['我 知 道 你 比 我 有 钱 。'], ['他 使 他 儿 子 成 了 个 有 钱 人 。'], ['我 听 到 我 们 的 狗 叫 了 一 整 夜 。'], ['请 给 我 一 些 热 的 东 西 喝 。'], ['汤 姆 说 他 的 家 里 有 把 枪 。'], ['这 里 ， 快 抓 住 。'], ['我 可 以 出 去 玩 吗 ？'], ['你 收 到 我 寄 给 你 的 包 裹 了 吗 ？'], ['我 想 试 试 这 件 。 请 问 哪 里 是 试 衣 间 ？'], ['我 想 哭 。'], ['也 许 你 最 好 和 我 们 一 起 来 。'], ['走 吧 。'], ['告 诉 我 拿 它 做 什 么 。'], ['我 帮 她 洗 碗 。'], ['你 有 电 视 吗 ？'], ['你 就 是 胆 小 鬼 。'], ['我 们 想 乘 明 天 早 上 第 一 班 公 交 车 。'], ['我 在 这 里 感 到 不 舒 服 。'], ['我 向 一 个 警 察 问 路 。'], ['让 我 们 偶 尔 出 去 一 起 吃 晚 餐 。'], ['他 玩 股 票 赔 了 。'], ['取 悦 他 很 难 。'], ['他 独 自 生 活 。'], ['请 允 许 我 去 。'], ['我 看 见 他 洗 车 。'], ['那 真 是 太 好 了 。'], ['他 很 容 易 感 冒 。'], ['这 些 球 拍 中 哪 一 支 是 你 的 ？'], ['汤 姆 为 了 甚 么 生 气 ？'], ['我 是 你 的 伙 伴 。'], ['你 能 告 诉 我 们 。'], ['只 要 你 方 便 ， 我 什 么 时 候 都 可 以 跟 你 见 面 。'], ['汤 姆 穿 著 一 件 防 弹 衣 ， 所 以 子 弹 没 把 他 杀 死 。'], ['我 和 妹 妹 去 了 城 堡 。'], ['您 不 是 医 生 。'], ['请 问 你 能 不 在 房 间 里 吸 烟 吗 ？'], ['你 在 哪 里 念 高 中 ?'], ['火 总 是 危 险 的 。'], ['我 认 为 我 们 该 试 试 。'], ['她 穿 那 件 红 色 的 衣 服 很 好 看 。'], ['困 死 了 。'], ['汤 姆 比 我 高 。'], ['他 不 必 上 学 。'], ['告 诉 我 们 多 一 点 。'], ['对 于 其 他 的 六 亿 人 口 而 言 ， 英 语 不 是 第 二 语 言 就 是 外 语 。'], ['当 我 还 是 个 孩 子 的 时 候 ， 我 在 这 个 泳 池 里 游 过 泳 。'], ['他 给 我 看 了 他 最 新 剧 的 底 稿 。'], ['我 不 会 告 诉 任 何 人 我 藏 宝 的 地 方 。'], ['我 知 道 有 个 人 可 能 能 帮 忙 。'], ['她 能 忍 受 长 途 旅 行 吗 ？'], ['这 个 果 汁 喝 起 来 酸 酸 的 。'], ['玛 丽 给 我 看 了 这 封 信 。'], ['我 就 要 读 完 这 本 书 了 。'], ['你 不 是 汤 姆 吗 ?'], ['她 通 常 很 早 起 床 。'], ['他 信 守 了 他 的 承 诺 。'], ['您 能 教 我 弹 钢 琴 吗 ？'], ['汤 姆 进 了 厨 房 ， 给 自 己 倒 了 杯 咖 啡 。'], ['他 总 是 说 实 话 。'], ['我 会 告 诉 汤 姆 你 说 了 那 话 。'], ['汤 姆 刚 好 准 时 到 了 。'], ['让 我 想 一 想 。'], ['我 有 兄 弟 。'], ['他 有 可 能 赢 得 比 赛 。'], ['关 门 。'], ['不 要 再 做 那 样 的 事 情 了 。'], ['这 是 搭 帐 篷 的 好 地 方 。'], ['今 天 天 气 怎 么 样 ？'], ['我 的 朋 友 邀 请 我 去 吃 晚 饭 。'], ['它 不 是 猫 。 它 是 狗 。'], ['她 想 到 了 一 个 好 的 解 决 办 法 。'], ['你 明 天 可 以 来 看 我 吗 ？'], ['他 昨 天 在 公 园 里 散 步 。'], ['你 会 溜 冰 吗 ？'], ['我 不 怕 死 。'], ['书 桌 上 有 一 个 苹 果 。'], ['很 棒 ！'], ['听 到 这 事 之 后 ， 汤 姆 为 之 色 变 。'], ['汤 姆 多 年 没 有 和 玛 丽 说 话 了 。'], ['我 不 敢 相 信 汤 姆 那 么 做 了 。'], ['她 给 孩 子 们 做 了 曲 奇 。'], ['谢 谢 你 来 跟 我 见 面 。'], ['孩 子 们 非 常 喜 欢 在 海 滩 上 玩 耍 。'], ['他 保 持 他 的 房 间 干 净 。'], ['据 说 老 房 子 闹 鬼 。'], ['气 压 计 下 降 了 UNK 要 下 雨 了 。'], ['你 不 能 在 这 附 近 停 车 。'], ['这 次 不 一 样 。'], ['离 开 房 间 时 ， 不 要 留 灯 。'], ['月 光 真 美 。'], ['我 的 书 在 哪 ？'], ['他 不 是 来 自 北 海 道 。'], ['我 们 休 息 一 下 吧 。'], ['你 是 不 是 瞒 着 我 什 么 ？'], ['我 们 谈 得 不 错 。'], ['我 们 要 等 多 久 ？'], ['他 很 快 地 走 出 了 房 间 。'], ['对 于 这 个 计 划 我 同 意 他 的 意 见 。'], ['汤 姆 拒 绝 帮 玛 丽 做 她 的 作 业 。'], ['我 开 始 不 喜 欢 她 了 。'], ['我 天 黑 后 不 喜 欢 出 门 。'], ['我 们 过 多 久 才 能 离 开 ？'], ['那 是 谁 发 明 的 ？'], ['你 的 卧 室 里 没 有 人 。'], ['她 停 下 来 抽 烟 。'], ['这 位 老 师 用 试 验 论 证 了 这 个 想 法 。'], ['谢 谢 你 的 答 复 。'], ['我 登 上 去 伦 敦 的 火 车 。'], ['如 果 不 是 因 为 有 你 的 帮 助 ， 我 不 可 能 完 成 了 这 个 工 作 。'], ['我 是 最 快 的 跑 者 。'], ['我 请 他 把 窗 户 打 开 。'], ['我 不 喜 欢 让 事 情 UNK 而 未 决 。'], ['我 们 还 剩 下 很 多 时 间 。'], ['你 的 作 业 做 完 了 吗 ？'], ['有 时 候 ， 发 生 的 事 情 并 不 是 合 情 合 理 的 。'], ['一 个 人 影 也 看 不 到 。'], ['我 有 个 东 西 您 该 看 看 。'], ['汤 姆 造 了 他 自 己 的 摩 托 车 。'], ['是 我 错 了 。'], ['那 个 是 我 的 。 我 不 知 道 你 的 在 哪 里 。'], ['请 说 大 声 一 点 儿 。'], ['她 唯 一 的 乐 趣 就 是 听 音 乐 。'], ['我 已 经 做 好 了 最 坏 的 打 算 。'], ['大 鱼 吃 小 鱼 。'], ['我 的 喉 咙 里 有 一 只 青 蛙 。'], ['T o m 处 理 了 卡 片 。'], ['带 我 向 你 家 人 问 好 。'], ['公 车 站 牌 就 在 街 对 面 。'], ['我 不 能 怪 汤 姆 不 等 著 。'], ['今 天 有 给 我 的 邮 件 吗 ？'], ['春 天 就 要 来 了 。'], ['他 俩 想 要 一 个 孩 子 。'], ['我 对 汤 姆 做 了 什 么 ？'], ['我 尽 快 需 要 。'], ['他 已 经 长 大 该 懂 事 了 。'], ['明 天 的 课 我 能 不 来 吗 ？'], ['我 与 我 的 弟 弟 相 处 融 洽 。'], ['这 些 钱 都 不 是 你 的 。'], ['伦 敦 的 人 口 远 远 多 于 其 他 英 国 城 市 的 人 口 。'], ['要 一 直 诚 实 是 不 容 易 的 。'], ['没 有 错 误 。'], ['已 经 花 费 了 很 多 的 时 间 和 精 力 。'], ['苹 果 树 上 挂 着 美 丽 的 花 朵 。'], ['我 已 经 写 完 信 了 。'], ['快 一 点 ， 你 就 能 赶 上 火 车 了 。'], ['T o m 正 在 找 其 他 人 代 替 M a r y 。'], ['“ 她 喜 欢 音 乐 。 ” “ 我 也 是 。 ”'], ['除 非 有 人 跟 他 说 话 ， 他 从 来 不 说 话 。'], ['通 常 ， 他 早 上 8 点 去 上 班 。'], ['你 给 了 我 很 好 的 建 议 。'], ['也 许 那 没 有 发 生 。'], ['关 闭 所 有 的 门 和 窗 户 。'], ['汤 姆 并 不 是 玛 丽 说 得 那 样 英 俊 。'], ['汤 姆 是 如 何 出 狱 的 ？'], ['他 朝 着 狗 扔 了 块 石 头 。'], ['我 没 有 遇 见 她 。'], ['我 将 要 在 这 里 待 几 天 。'], ['这 个 字 的 意 思 是 什 么 ？'], ['你 昨 天 晚 上 做 什 么 ?'], ['不 要 碰 我 的 车 。'], ['如 果 我 对 你 产 生 误 解 ， 我 实 在 抱 歉 。'], ['汤 姆 可 能 是 素 食 者 。'], ['我 没 有 特 别 的 理 由 去 做 。'], ['他 一 坐 下 ， 就 拿 起 了 电 话 。'], ['我 不 喜 欢 茶 也 不 喜 欢 咖 啡 。'], ['我 问 过 他 。'], ['我 在 回 家 ， 汤 姆 。'], ['我 认 为 你 比 你 想 象 的 更 强 。'], ['我 没 时 间 。'], ['他 想 得 到 一 本 新 的 字 典 。'], ['男 孩 学 会 了 阅 读 。'], ['我 从 没 低 估 汤 姆 。'], ['她 指 责 我 说 谎 。'], ['您 的 职 业 是 什 么 ？'], ['老 师 说 地 球 是 圆 的 。'], ['我 能 说 。'], ['你 可 以 利 用 他 的 图 书 馆 。'], ['它 真 的 很 便 宜 。'], ['你 有 任 何 话 要 说 吗 ？'], ['汤 姆 一 定 会 试 着 阻 挡 我 。'], ['不 要 失 望 。'], ['远 离 电 器 设 备 。'], ['你 读 完 那 本 书 了 吗 ？'], ['后 会 有 期 。'], ['妈 妈 为 我 准 备 了 午 饭 。'], ['我 做 菜 时 打 了 个 玻 璃 杯 。'], ['如 果 你 错 了 ， 那 么 我 也 错 了 。'], ['你 昨 天 晚 上 出 去 了 吗 ？'], ['我 是 必 须 去 做 这 事 的 人 。'], ['我 很 抱 歉 今 天 您 来 的 时 候 没 能 见 您 。'], ['我 也 紧 张 。'], ['你 应 该 努 力 去 戒 烟 。'], ['你 能 解 释 一 下 你 为 什 么 迟 到 吗 ？'], ['我 要 洗 澡 。'], ['我 永 远 不 会 逼 你 跟 他 结 婚 。'], ['我 继 续 阅 读 。'], ['我 自 己 走 进 了 树 林 里 。'], ['汤 姆 点 了 雪 茄 。'], ['你 还 想 给 我 一 个 拥 抱 吗 ？'], ['我 喂 我 的 孩 子 母 乳 。'], ['餐 厅 在 哪 里 ？'], ['他 被 选 为 市 长 。'], ['我 已 经 忘 了 他 的 名 字 。'], ['让 我 去 死 。'], ['他 的 忠 告 没 起 到 太 大 的 作 用 。'], ['你 是 大 学 生 吗 ？'], ['汤 姆 骑 摩 托 车 上 班 。'], ['我 不 会 上 当 的 。'], ['汤 姆 是 一 个 大 嘴 巴 。'], ['我 已 经 不 爱 他 了 。'], ['我 应 该 打 扫 我 的 房 间 。'], ['现 在 他 们 有 三 个 孩 子 。'], ['你 跑 。'], ['汤 姆 拿 了 玛 丽 给 他 的 音 乐 会 票 。'], ['但 愿 我 还 年 轻 。'], ['我 承 认 我 错 了 。'], ['我 一 周 去 图 书 馆 两 、 三 次 。'], ['我 的 姐 姐 嫁 给 了 她 的 高 中 同 学 。'], ['为 了 什 么 目 的 ？'], ['有 人 付 给 他 1 0 0 0 0 美 元 。'], ['你 圣 诞 节 买 东 西 给 她 了 吗 ?'], ['汤 姆 把 他 的 夹 克 挂 在 大 厅 衣 柜 里 。'], ['你 为 什 么 这 么 神 秘 ？'], ['或 许 我 是 第 一 个 给 你 祝 贺 的 人 。'], ['我 要 三 磅 的 鸡 肉 。'], ['我 怕 我 可 能 迟 到 了 。'], ['你 有 任 何 比 较 小 的 尺 寸 吗 ?'], ['她 做 了 一 套 新 衣 服 给 他 。'], ['您 会 开 车 吗 ？'], ['我 乘 船 过 了 河 。'], ['你 们 有 什 么 不 吃 的 吗 ？'], ['这 些 苹 果 看 起 来 很 新 鲜 。'], ['这 个 袋 子 里 的 柳 橙 都 烂 了 。'], ['我 在 剧 场 。'], ['我 们 到 的 时 候 正 在 下 雨 。'], ['在 您 国 家 的 人 是 吃 米 饭 的 吗 ？'], ['服 务 生 ， 我 要 点 菜 。'], ['他 是 一 个 高 大 的 男 孩 。'], ['他 的 村 屋 在 海 岸 上 。'], ['我 让 她 打 扫 了 我 的 房 间 。'], ['他 说 的 话 根 本 毫 无 意 义 。'], ['他 正 在 学 怎 么 开 车 。'], ['这 只 苹 果 非 常 红 。'], ['把 收 音 机 的 声 音 关 小 一 点 。'], ['我 真 是 惊 讶 。'], ['蛋 的 价 格 正 在 上 涨 。'], ['“ 相 信 我 。 ” 他 说 。'], ['这 本 书 是 新 的 。'], ['我 等 不 及 要 去 度 假 。'], ['我 每 天 都 说 英 语 。'], ['我 太 累 了 ， 做 不 了 功 课 。'], ['真 正 的 友 谊 比 金 钱 更 有 价 值 。'], ['请 记 得 把 信 寄 出 去 。'], ['我 看 那 糟 透 了 。'], ['我 正 等 著 这 家 店 开 门 。'], ['我 想 请 你 参 加 派 对 。'], ['这 辆 车 不 值 得 修 理 。'], ['我 的 右 眼 瞎 了 。'], ['别 在 马 路 上 玩 。'], ['我 们 游 泳 到 天 黑 。'], ['我 在 网 路 上 卖 衣 服 。'], ['汤 姆 不 喜 欢 做 作 业 。'], ['每 个 人 都 送 了 我 一 份 欢 送 礼 物 。'], ['它 看 起 来 像 橙 子 。'], ['进 来 , 门 是 开 的 。'], ['我 想 见 你 姐 姐 。'], ['也 许 下 一 次 吧 。'], ['在 危 险 的 时 候 你 必 须 跟 你 的 老 师 联 系 。'], ['桌 子 上 有 一 台 电 脑 。'], ['我 们 来 讨 论 下 明 天 吧 。'], ['这 个 工 作 没 有 酬 劳 。'], ['你 在 计 划 什 么 出 游 吗 ？'], ['我 会 带 你 到 公 交 车 站 。'], ['她 年 纪 够 大 该 懂 事 了 。'], ['我 们 决 不 能 混 淆 两 者 。'], ['你 还 年 轻 。'], ['我 一 点 也 不 懂 这 个 。'], ['她 立 刻 喜 欢 上 他 了 。'], ['不 要 问 我 要 钱 。'], ['星 期 天 的 时 候 ， 你 不 用 工 作 。'], ['我 是 这 里 的 外 地 人 。'], ['他 比 我 大 三 岁 。'], ['T o m 没 有 孩 子 。'], ['我 今 天 很 忙 。'], ['汤 姆 昨 晚 差 点 死 了 。'], ['你 必 须 跟 我 来 。'], ['我 决 定 买 一 辆 车 。'], ['他 将 成 为 一 名 工 程 师 。'], ['他 供 认 了 杀 人 的 罪 行 。'], ['他 还 没 回 我 的 信 。'], ['他 是 个 棒 球 手 。'], ['汤 姆 恐 高 。'], ['她 冷 静 下 来 。'], ['人 生 良 苦 。'], ['我 曾 经 像 猪 一 样 吃 。'], ['你 是 说 你 放 弃 了 吗 ？'], ['你 能 够 说 出 一 首 他 们 的 歌 的 名 字 吗 ？'], ['宝 宝 还 不 会 使 用 勺 子 。'], ['尽 管 政 府 拒 绝 承 认 ， 它 的 经 济 政 策 还 是 失 败 了 。'], ['我 不 喜 欢 那 家 熟 食 店 里 的 食 物 。'], ['爱 她 爱 得 要 命 。'], ['我 看 见 一 匹 马 拉 著 一 架 马 车 。'], ['告 诉 他 们 我 们 要 来 了 。'], ['你 应 该 闭 上 你 的 嘴 。'], ['这 个 犯 罪 和 我 一 点 关 系 都 没 有 。'], ['我 十 八 岁 时 ， 学 了 开 车 、 考 到 了 驾 照 。'], ['汤 姆 为 他 所 做 的 事 道 歉 。'], ['这 没 什 么 大 不 了 的 。'], ['5 0 分 钟 之 内 我 们 将 飞 到 那 里 。'], ['我 是 清 白 的 。'], ['我 明 天 会 来 看 你 。'], ['我 买 了 两 条 面 包 。'], ['对 了 ！'], ['我 不 是 老 板 。'], ['他 来 还 是 不 来 ， 结 果 是 一 样 的 。'], ['汤 姆 不 吃 红 肉'], ['我 下 周 日 不 在 家 。'], ['我 们 有 足 够 的 食 物 吗 ？'], ['我 弟 弟 没 我 两 年 前 高 。'], ['我 觉 得 这 没 什 么 好 。'], ['欧 洲 的 人 口 比 亚 洲 少 。'], ['汤 姆 和 我 在 同 一 个 班 里 。'], ['我 住 在 这 。'], ['对 不 起 ， 我 拨 错 了 号 码 。'], ['燃 料 短 缺 。'], ['所 有 饼 干 都 是 星 星 的 形 状 。'], ['就 在 去 年 我 们 有 了 一 个 孩 子 。'], ['它 需 要 修 理 。'], ['他 给 了 它 一 个 新 名 字 。'], ['她 用 刀 子 切 苹 果 。'], ['我 的 计 划 有 问 题 吗 ？'], ['谢 谢 你 ， 我 吃 饱 了 。'], ['别 来 烦 我 。'], ['请 你 为 我 解 释 规 则 好 吗 ?'], ['那 些 人 从 哪 来 的 ？'], ['你 知 道 我 在 做 什 么 吗 ？'], ['回 家 吧 。'], ['汤 姆 确 定 那 里 会 有 很 多 人 。'], ['工 作 困 难 吗 ？'], ['我 希 望 你 去 。'], ['把 盐 递 给 我 好 吗 ？'], ['请 不 要 告 诉 你 父 母 。'], ['请 把 帐 单 给 我 。'], ['我 知 道 为 甚 么 汤 姆 学 法 语 。'], ['汤 姆 奇 怪 为 什 么 他 的 房 子 里 有 只 狗 。'], ['他 们 的 努 力 都 白 费 了 。'], ['我 想 喝 点 热 的 饮 料 。'], ['我 们 应 该 告 诉 孩 子 怎 么 保 护 自 己 。'], ['你 自 己 拿 蛋 糕 吃 吧 。'], ['我 必 须 靠 自 己 做 所 有 事 。'], ['这 是 真 的 。'], ['进 来 之 前 请 敲 门 。'], ['我 母 亲 是 个 酒 鬼 。'], ['为 什 么 我 要 向 你 道 歉 ？'], ['把 这 本 书 给 她 。'], ['请 把 这 句 话 翻 译 成 日 文 。'], ['这 家 伙 像 个 狐 狸 。'], ['他 终 于 出 现 了 。'], ['他 对 每 个 人 都 非 常 友 善 。'], ['我 今 天 早 晨 感 觉 良 好 。'], ['雨 停 了 我 们 就 会 去 。'], ['请 帮 我 打 扫 房 子 。'], ['汤 姆 的 叔 叔 养 了 很 多 羊 。'], ['他 不 知 道 如 何 用 英 语 写 信 。'], ['对 不 起 ， 但 我 听 不 清 你 说 的 话 。'], ['他 带 我 到 车 站 。'], ['他 设 法 当 上 了 部 长 。'], ['他 能 读 得 很 好 。'], ['谁 在 玩 ？'], ['你 不 这 么 认 为 吗 ？'], ['我 又 失 去 了 一 次 机 会 。'], ['因 为 喝 酒 喝 太 多 ， 所 以 我 生 病 了 。'], ['我 的 伞 在 哪 ？'], ['没 有 人 喜 欢 被 人 嘲 笑 。'], ['我 赞 成 你 的 建 议 。'], ['不 是 所 有 的 东 西 都 可 以 用 金 钱 买 到 。'], ['我 不 怕 死 。'], ['去 哪 里 可 以 买 到 欧 洲 的 地 图 ？'], ['最 后 一 个 听 我 说 我 的 主 意 的 人 认 为 我 疯 了 。'], ['博 物 馆 入 场 费 是 三 十 美 元 。'], ['汤 姆 有 他 自 己 的 问 题 。'], ['多 漂 亮 的 花 啊 !'], ['我 在 车 站 附 近 。'], ['英 语 现 已 成 为 世 界 上 许 多 国 家 的 通 用 语 言 了 。'], ['他 是 哈 佛 大 学 的 生 物 学 教 授 。'], ['每 天 早 晚 ， 我 给 我 的 猫 喂 食 。'], ['汤 姆 住 在 波 士 顿 已 经 一 年 多 了 。'], ['这 条 路 上 的 车 辆 不 多 。'], ['什 么 吵 醒 你 了 ?'], ['当 我 在 你 这 个 年 纪 时 ， 冥 王 星 是 行 星 。'], ['您 学 英 语 吗 ？'], ['她 总 是 穿 著 黑 色 的 衣 服 。'], ['我 男 朋 友 是 个 记 者 。'], ['学 校 怎 么 样 ？'], ['我 从 没 见 汤 姆 笑 。'], ['印 度 于 1 9 4 7 年 脱 离 英 国 获 得 独 立 。'], ['我 终 于 说 服 了 他 买 它 。'], ['你 好 吗 ， 汤 姆 ？'], ['火 灾 的 原 因 不 明 。'], ['这 间 房 里 很 热 。'], ['那 改 变 了 一 切 。'], ['我 不 想 让 汤 姆 自 己 做 。'], ['这 是 她 读 过 最 有 趣 的 书 。'], ['她 可 以 为 她 的 女 儿 感 到 骄 傲 。'], ['洗 你 的 脚 。'], ['祝 你 好 运 。'], ['你 为 甚 么 让 汤 姆 那 么 对 待 你 ？'], ['他 们 拒 绝 了 。'], ['我 们 很 特 别 。'], ['有 人 穿 错 了 我 的 鞋 。'], ['他 是 个 糟 糕 的 司 机 。'], ['病 人 随 时 会 死 。'], ['但 愿 我 见 过 她 。'], ['对 不 起 ， 我 忘 了 作 业 这 回 事 了 。'], ['我 本 以 为 汤 姆 愿 意 了 解 这 件 事 。'], ['我 被 他 的 故 事 感 染 了 。'], ['我 成 功 地 得 到 了 我 想 要 的 。'], ['附 近 有 酒 店 吗 ？'], ['我 打 算 与 她 分 手 。'], ['有 人 说 你 是 个 很 有 能 力 的 人 。'], ['我 听 到 那 首 歌 时 ， 它 让 我 想 起 了 我 小 的 时 候 。'], ['汤 姆 没 被 射 中 真 走 运 。'], ['能 不 能 请 你 拿 着 这 端 ？'], ['没 有 人 理 解 我 。'], ['这 对 我 是 很 大 的 震 UNK 。'], ['这 座 山 被 雪 覆 盖 著 。'], ['有 人 说 谎 。'], ['稍 微 随 意 一 点 。'], ['我 根 本 不 喜 欢 我 的 头 发 。'], ['他 是 我 新 交 的 朋 友 。'], ['那 是 我 的 大 衣 。'], ['你 最 好 马 上 去 睡 觉 。'], ['她 会 说 英 语 吗 ？'], ['当 我 醒 来 时 ， 天 正 下 著 雪 。'], ['我 去 过 澳 洲 三 次 。'], ['他 每 件 事 做 之 前 都 会 细 心 计 划 。'], ['然 后 发 生 了 什 么 事 ？'], ['他 老 婆 很 有 才 。'], ['你 自 己 拿 蛋 糕 吃 吧 。'], ['靠 右 UNK 通 行 。'], ['我 们 和 朋 友 一 起 度 过 周 末 。'], ['我 让 她 等 了 一 分 钟 。'], ['希 望 我 们 会 喜 欢 我 们 的 中 国 之 旅 。'], ['应 该 趁 年 轻 多 读 点 书 。'], ['立 刻 走 ， 否 则 你 会 迟 到 。'], ['我 不 知 道 汤 姆 会 不 会 说 法 语 。'], ['她 上 个 月 在 美 国 。'], ['老 师 再 次 恢 复 健 康 了 。'], ['请 不 要 那 样 看 我 。'], ['我 本 想 去 参 加 音 乐 会 的 。'], ['汤 姆 一 个 人 回 家 了 。'], ['汤 姆 问 我 找 到 我 的 钥 匙 了 吗 。'], ['不 下 5 0 个 乘 客 死 了 。'], ['你 不 能 这 么 说 。'], ['如 果 我 们 应 该 少 听 多 说 话 , 那 么 我 们 应 该 得 到 两 个 嘴 巴 一 只 耳 朵 才 是 。'], ['他 会 说 五 种 语 言 。'], ['我 瘦 了 一 点 。'], ['不 要 烦 我 。'], ['这 是 镇 上 最 便 宜 的 商 店 。'], ['我 指 望 你 的 帮 助 。'], ['我 曾 是 世 界 上 最 幸 福 的 男 人 。'], ['他 们 从 人 群 中 挤 过 去 了 。'], ['这 座 山 有 一 个 美 丽 的 外 形 。'], ['你 们 都 准 备 好 了 吗 ?'], ['他 这 个 人 话 不 多 ， 但 总 是 遵 守 诺 言 。'], ['他 以 一 个 伟 大 的 诗 人 闻 名 。'], ['T o m 没 有 兄 弟 也 没 有 姊 妹 。'], ['你 能 在 我 的 背 上 涂 些 防 晒 霜 吗 ？'], ['别 被 吓 坏 了 。'], ['经 过 证 实 ， 谣 言 是 真 的 。'], ['我 很 好 。'], ['那 两 个 是 一 模 一 样 的 。'], ['我 可 以 用 哪 些 信 用 卡 ？'], ['我 在 公 交 车 上 睡 觉 了 。'], ['么 女 长 得 特 别 漂 亮 。'], ['你 的 履 历 给 我 留 下 深 刻 的 印 象 。'], ['你 想 吃 点 东 西 吗 ？'], ['我 整 个 下 午 都 在 花 园 里 。'], ['婚 礼 在 哪 儿 举 行 ？'], ['我 怀 疑 你 是 否 有 东 西 可 写 。'], ['待 在 这 里 ， 放 松 。'], ['我 不 喜 欢 红 酒 。'], ['填 上 你 的 姓 名 和 地 址 。'], ['我 能 协 助 你 。'], ['她 拒 绝 让 我 帮 助 她 。'], ['汤 姆 什 么 都 没 做 。'], ['他 无 法 得 到 这 份 工 作 。'], ['我 从 没 给 我 的 狗 喂 过 香 蕉 。'], ['我 屏 住 了 呼 吸 等 待 着 。'], ['我 不 知 道 你 不 喜 欢 汤 姆 的 理 由 。'], ['她 看 起 来 很 年 轻 。'], ['不 好 意 思 ， 让 我 指 出 先 前 文 章 的 三 个 错 误 。'], ['你 应 该 到 我 们 的 派 对 的 。'], ['京 都 和 波 士 顿 是 姐 妹 城 市 。'], ['汤 姆 需 要 更 新 他 的 网 站 。'], ['你 今 天 可 以 休 假 一 天 。'], ['你 看 上 去 很 苍 白 。'], ['那 是 一 朵 向 日 UNK 。'], ['别 理 汤 姆 。'], ['你 搭 公 车 上 下 学 吗 ？'], ['你 最 好 未 雨 UNK UNK 。'], ['老 师 不 可 能 说 过 这 样 的 事 。'], ['咱 在 汤 姆 回 来 之 前 开 溜 吧 。'], ['两 人 份 自 助 午 餐 ， 谢 谢 。'], ['我 高 中 时 曾 打 网 球'], ['请 将 收 音 机 打 开 。'], ['他 们 中 的 任 何 一 位 我 都 不 认 识 。'], ['做 运 动 有 利 于 健 康 。'], ['你 认 为 我 们 是 谁 ？'], ['这 西 装 好 像 真 的 很 贵 。'], ['我 想 我 的 右 手 臂 断 了 。'], ['你 喜 欢 日 本 料 理 吗 ?'], ['她 强 烈 反 对 我 的 计 划 。'], ['我 想 要 一 点 柳 橙 汁 。'], ['我 们 早 上 很 早 就 离 开 家 了 。'], ['汤 姆 为 去 音 乐 会 而 激 动 。'], ['我 在 我 的 工 作 上 需 要 一 些 帮 助 。'], ['我 想 我 是 对 的 。'], ['她 照 顾 孩 子 们 。'], ['警 察 调 查 事 故 的 原 因 。'], ['真 爱 不 会 变 老 。'], ['日 本 是 一 个 非 常 UNK 杂 的 国 家 。'], ['请 再 给 我 一 点 咖 啡 。'], ['每 个 人 都 在 等 汤 姆 。'], ['她 给 了 我 们 很 多 吃 的 东 西 。'], ['你 真 笨 去 接 受 他 的 提 议 。'], ['我 UNK 不 到 它 。'], ['他 讨 厌 打 扫 自 己 的 房 间 。'], ['牛 吃 牧 草 。'], ['你 去 教 堂 吗 ？'], ['我 们 每 个 周 末 都 一 起 出 去 。'], ['我 找 不 到 我 的 票 。'], ['去 伯 明 翰 的 火 车 从 3 号 站 台 出 发 。'], ['他 有 三 个 哥 哥 。'], ['我 们 尽 力 地 利 用 了 这 个 机 会 。'], ['一 百 年 被 叫 做 一 个 世 纪 。'], ['从 这 个 问 题 开 始 吧 。'], ['她 问 了 怎 么 烧 鱼 。'], ['她 走 路 去 上 学 。'], ['你 什 么 时 候 更 改 了 你 的 地 址 ?'], ['这 种 错 误 很 容 易 被 人 忽 视 。'], ['一 些 世 界 上 最 蓝 的 水 在 火 山 湖 。'], ['汤 姆 泪 流 满 面 。'], ['昨 天 我 买 了 这 个 。'], ['汤 姆 告 诉 我 他 紧 张 。'], ['我 看 了 他 一 段 时 间 。'], ['汤 姆 跟 我 说 我 不 应 该 晚 上 一 个 人 出 门 。'], ['你 令 人 难 以 抗 拒 。'], ['警 察 局 在 哪 里 ？'], ['我 梦 到 了 他 。'], ['他 把 信 读 了 一 遍 又 一 遍 。'], ['它 将 花 费 大 约 1 0 , 0 0 0 日 元 。'], ['我 今 天 累 ， 所 以 我 睡 得 早 。'], ['北 极 熊 正 在 死 去 。'], ['奥 克 兰 是 一 座 新 西 兰 的 城 市 。'], ['他 扔 了 一 块 石 头 到 池 塘 里 。'], ['搭 飞 机 是 最 快 的 旅 行 方 式 。'], ['您 全 都 有 。'], ['没 有 问 题 。'], ['不 要 忘 了 寄 这 封 信 。'], ['他 儿 子 想 当 律 师 。'], ['我 搞 砸 了 第 一 个 音 符 。'], ['在 他 父 亲 死 后 ， 他 接 管 了 公 司 。'], ['我 不 是 你 们 的 妈 妈 。'], ['这 是 开 往 东 京 正 确 的 火 车 吗 ?'], ['你 有 很 多 朋 友 吗 ？'], ['很 难 把 中 文 说 得 好 。'], ['我 想 把 它 给 你 看 。'], ['欢 迎 来 到 你 的 新 家 。'], ['我 们 的 车 再 过 十 分 钟 就 没 油 了 。'], ['它 真 特 别 。'], ['他 一 定 是 汤 姆 的 兄 弟 。'], ['你 没 发 烧 。'], ['我 有 一 个 愿 景 。'], ['太 空 跑 步 是 历 史 上 激 动 人 心 的 时 刻 。'], ['我 父 母 那 一 代 经 历 过 战 争 。'], ['他 从 没 放 弃 达 成 那 个 目 标 的 希 望 。'], ['她 问 了 他 问 题 。'], ['你 有 一 天 会 明 白 。'], ['T 喝 了 点 柳 橙 汁 。'], ['出 什 么 事 了 ， 宝 贝 ？'], ['让 我 看 你 一 会 儿 好 吗 ?'], ['把 书 放 回 书 架 上 。'], ['尽 量 避 免 制 造 任 何 更 多 的 麻 烦 。'], ['他 游 到 不 能 游 为 止 。'], ['进 来 ， 门 开 着 。'], ['天 变 暗 了 。 我 不 知 道 是 不 是 要 下 雨 。'], ['我 曾 经 每 周 末 都 和 朋 友 外 出 。'], ['给 我 东 西 吃 。'], ['我 跟 那 些 高 个 子 的 女 孩 很 熟 UNK 。'], ['你 怎 么 这 样 对 我 ？'], ['你 起 床 早 吗 ？'], ['我 希 望 你 去 那 里 。'], ['赢 的 机 会 微 乎 其 微 。'], ['最 合 逻 辑 的 放 鞋 处 是 门 口 附 近 。'], ['即 使 是 小 孩 也 能 读 这 本 书 。'], ['你 要 去 哪 里 吃 午 饭 ？'], ['它 多 贵 ?'], ['我 花 1 0 美 元 买 的 。'], ['他 发 生 了 什 么 事 ？'], ['他 精 神 很 好 。'], ['我 以 前 总 认 为 汤 姆 是 有 一 些 与 众 不 同 的 。'], ['伏 特 加 在 哪 里 ？'], ['这 什 么 都 说 明 不 了 ！'], ['昨 天 我 去 了 那 里 。'], ['这 本 书 非 常 厚 。'], ['鸡 肉 还 不 够 熟 。'], ['我 赢 得 了 我 想 要 的 。'], ['J UNK T 代 表 日 本 标 准 时 间 。'], ['完 成 这 个 工 作 不 会 花 太 长 时 间 。'], ['讲 清 楚 。'], ['知 识 就 是 力 量 。'], ['不 要 犹 豫 去 问 问 题 。'], ['他 买 了 一 件 洋 装 给 他 女 儿 。'], ['鸟 儿 歌 唱 。'], ['你 不 需 要 枪 。'], ['9 8 名 乘 客 只 有 3 人 生 还 。'], ['帮 助 我 们 达 成 目 标 。'], ['你 要 小 心 别 惹 他 生 气 。'], ['这 是 一 个 小 偷 。'], ['我 全 身 酸 痛 。'], ['请 你 将 来 注 意 点 。'], ['你 需 要 救 护 车 吗 ?'], ['她 教 我 们 法 语 。'], ['要 是 她 昨 晚 来 就 好 了 。'], ['这 真 可 怕 。'], ['我 现 在 非 常 饿 。'], ['大 部 份 的 国 家 都 教 英 语 。'], ['每 个 学 生 都 有 一 柜 子 。'], ['如 果 他 年 轻 一 点 ， 他 将 很 适 合 这 个 职 位 。'], ['汤 姆 从 没 进 过 监 狱 。'], ['汤 姆 阻 止 我 进 银 行 。'], ['他 也 学 习 汉 语 。'], ['你 现 在 在 哪 里 工 作 ？'], ['我 母 亲 买 了 两 瓶 橙 汁 。'], ['我 想 看 看 你 的 母 亲 。'], ['我 们 曾 有 失 去 生 命 的 危 险 。'], ['一 切 正 常 。'], ['我 永 远 不 会 再 看 到 他 。'], ['但 愿 你 可 以 跟 我 们 一 起 来 。'], ['他 整 天 打 网 球 。'], ['这 辆 自 行 车 是 谁 的 ？'], ['什 么 时 候 想 来 就 过 来 吧 。'], ['我 上 周 买 了 它 。'], ['我 终 于 找 到 工 作 了 。'], ['他 开 他 自 己 的 车 。'], ['汤 姆 说 他 需 要 钱 。'], ['我 们 没 有 任 何 共 同 之 处 。'], ['他 讲 了 一 小 时 。'], ['我 为 你 煮 马 铃 薯 。'], ['她 会 讲 英 语 和 法 语 。'], ['我 的 父 亲 6 5 岁 的 时 候 退 休 了 。'], ['能 够 出 一 份 力 太 好 了 。'], ['我 父 亲 有 五 个 兄 弟 姐 妹 。'], ['我 UNK UNK 做 了 一 条 新 裙 子 给 我 。'], ['一 年 有 四 季 。'], ['好 久 不 见 了 。 记 得 上 次 我 什 么 时 候 看 见 你 的 吗 ？'], ['这 个 是 你 的 。'], ['除 了 我 ， 其 他 人 都 被 邀 请 去 跳 舞 了 。'], ['您 会 使 用 计 算 机 吗 ？'], ['那 就 是 它 的 叫 法 吗 ？'], ['我 得 要 在 一 周 内 回 家 。'], ['他 在 公 共 场 合 取 笑 了 我 。'], ['山 坡 上 有 一 个 UNK 屋 。'], ['他 在 意 外 中 失 明 了 。'], ['沙 滩 上 的 人 非 常 少 。'], ['很 多 树 被 砍 倒 。'], ['可 能 汤 姆 紧 张 了 。'], ['我 喜 欢 运 动 。'], ['老 师 把 他 的 学 生 们 聚 集 在 他 周 围 。'], ['这 栋 房 子 属 于 我 的 叔 叔 。'], ['这 地 区 很 安 静 。'], ['我 买 了 台 新 电 视 机 。'], ['也 许 她 明 天 会 来 。'], ['别 让 任 何 人 按 这 个 按 钮 。'], ['你 知 道 一 个 好 饭 店 吗 ？'], ['我 们 沿 著 河 散 步 。'], ['你 想 要 什 么 ？'], ['汤 姆 把 日 历 挂 在 墙 上 。'], ['我 会 借 给 你 这 本 字 典 。'], ['汤 姆 在 游 泳 。'], ['我 被 他 英 语 的 快 速 进 步 惊 呆 了 。'], ['你 为 什 么 不 能 来 ?'], ['你 要 留 言 吗 ？'], ['我 看 过 了 , 但 是 没 看 到 什 么 东 西 。'], ['汤 姆 讲 法 语 看 来 比 以 前 好 。'], ['我 今 晚 没 地 方 睡 觉 。'], ['如 果 您 想 抽 烟 的 话 ， 您 必 须 出 去 。'], ['你 什 么 时 候 离 开 ？'], ['我 不 是 UNK 婆 。'], ['许 多 年 前 这 里 有 一 座 城 堡 。'], ['他 似 乎 无 法 理 解 那 首 诗 。'], ['突 然 ， 我 听 到 了 一 声 喊 叫 。'], ['我 也 想 要 和 你 身 上 那 件 同 样 的 外 套 。'], ['电 线 被 用 来 运 送 电 力 。'], ['别 问 汤 姆 他 的 工 作 的 问 题 。'], ['这 些 苹 果 很 大 。'], ['这 里 只 卖 女 鞋 。'], ['我 可 以 问 一 些 问 题 吗 ?'], ['我 们 需 要 做 计 划 。'], ['" 你 说 德 语 吗 ? " " 不 ， 我 不 说 。 "'], ['他 已 经 不 是 我 最 初 见 他 那 时 的 那 个 人 了 。'], ['我 认 为 汤 姆 帮 不 上 大 忙 。'], ['他 说 起 话 来 好 像 他 什 么 都 知 道 。'], ['他 们 已 经 结 婚 两 年 了 。'], ['我 认 为 汤 姆 好 运 动 。'], ['我 可 以 去 洗 手 间 吗 ？'], ['他 总 是 对 我 很 亲 切 。'], ['他 有 很 多 独 到 的 见 解 。'], ['他 在 全 力 以 赴 。'], ['孩 子 们 应 该 每 天 喝 牛 奶 。'], ['他 喜 欢 钓 鱼 。'], ['根 据 你 所 说 的 话 ， 我 认 为 我 们 应 该 重 新 审 视 我 们 的 计 划 。'], ['我 在 哪 儿 都 没 找 到 他 。'], ['这 个 消 息 没 有 道 理 。'], ['我 们 接 受 支 票 。'], ['T o m 有 个 在 波 士 顿 的 女 友 。'], ['我 叔 叔 住 在 国 外 很 多 年 了 。'], ['我 差 不 多 1 8 0 公 分 高 。'], ['一 定 是 汤 姆 做 的 。'], ['这 是 世 界 上 最 大 的 车 。'], ['你 租 房 子 了 吗 ？'], ['外 国 投 资 者 从 美 国 收 回 他 们 的 钱 。'], ['我 问 了 他 要 去 哪 里 。'], ['我 们 今 天 所 认 识 的 工 业 在 那 个 时 代 不 存 在 。'], ['这 是 一 个 十 分 愚 蠢 的 决 定 。'], ['你 一 共 花 了 多 少 钱 ？'], ['您 的 订 单 已 经 提 交 了 。'], ['这 个 小 女 孩 让 小 鸟 脱 逃 了 。'], ['你 不 够 快 。'], ['她 在 我 到 达 之 前 去 世 了 。'], ['这 件 衣 服 花 了 我 4 0 0 0 0 日 元 。'], ['谁 邀 请 了 你 们 ？'], ['停 止 射 击 。'], ['你 把 我 当 什 么 UNK ？'], ['您 吸 烟 吗 ？'], ['汤 姆 今 天 早 上 没 有 发 烧 。'], ['我 爸 爸 明 年 春 天 就 要 退 休 了 。'], ['让 我 们 假 定 那 会 发 生 。'], ['我 愿 意 帮 你 。'], ['他 很 快 就 会 回 来 。'], ['我 们 黎 明 时 起 床 以 避 开 交 通 堵 塞 。'], ['对 不 起 ， 我 拿 错 了 号 码 。'], ['这 张 书 桌 是 我 的 。'], ['汤 姆 用 UNK 子 在 沙 上 写 了 他 的 名 字 。'], ['他 坐 在 一 张 空 桌 旁 。'], ['他 试 图 自 杀 。'], ['她 是 一 个 著 名 的 歌 手 。'], ['他 跌 倒 的 时 候 受 了 伤 。'], ['你 做 完 作 业 了 吗 ？'], ['雪 持 续 下 了 十 天 。'], ['我 睡 觉 前 总 要 洗 个 澡 。'], ['他 很 少 ， 如 果 有 的 话 ， 去 教 堂 。'], ['我 爸 爸 走 路 。'], ['我 打 算 买 辆 车 。'], ['先 熨 烫 领 子 的 里 面 ， 然 后 是 外 面 。'], ['会 起 必 会 落 。'], ['实 际 上 他 根 本 没 有 去 考 试 。'], ['我 们 花 了 很 长 时 间 决 定 我 们 真 正 想 的 事 。'], ['这 支 笔 不 太 好 用 。'], ['我 认 为 ， 要 找 到 汤 姆 可 不 容 易 。'], ['那 是 我 在 这 里 的 另 外 一 个 理 由 。'], ['但 愿 我 知 道 他 在 哪 里 。'], ['我 不 喜 欢 他 讲 话 的 样 子 。'], ['他 们 没 有 人 了 解 她 暗 示 什 么 。'], ['我 们 的 母 语 是 日 语 。'], ['他 不 是 在 罗 马 ， 就 是 在 巴 黎 。'], ['它 很 特 别 。'], ['我 工 作 得 太 多 了 。'], ['汤 姆 得 出 无 论 他 做 什 么 ， 玛 丽 都 不 会 喜 欢 的 结 论 。'], ['他 酷 爱 钓 鱼 。'], ['他 每 天 去 学 校 学 习 。'], ['为 甚 么 我 们 不 吃 晚 饭 ？'], ['你 为 甚 么 买 日 本 车 ？'], ['他 已 经 死 了 十 年 。'], ['我 希 望 汤 姆 能 同 意 。'], ['天 暗 后 他 们 到 了 酒 店 。'], ['汤 姆 不 在 你 的 联 盟 里 。'], ['你 今 天 几 点 起 的 床 ？'], ['我 父 亲 每 天 早 上 去 散 步 。'], ['它 有 危 险 。'], ['它 是 什 么 什 么 时 候 盖 的 ？'], ['我 今 天 早 上 读 了 一 会 儿 书 。'], ['我 不 会 对 你 做 任 何 事 。'], ['让 我 们 保 持 联 络 。'], ['昨 天 不 是 很 冷 。'], ['你 是 那 个 建 议 我 们 一 起 做 那 件 事 的 人 。'], ['房 子 现 在 没 被 占 住 。'], ['火 星 是 一 颗 行 星 。'], ['我 姑 姑 给 了 我 一 本 相 簿 。'], ['我 渴 了 。'], ['他 在 这 个 镇 上 经 营 一 家 超 级 市 场 。'], ['我 希 望 再 次 见 到 你 。'], ['你 能 检 查 一 下 这 个 轮 胎 的 气 压 吗 ？'], ['你 投 给 谁 ？'], ['他 明 天 将 打 棒 球 。'], ['我 匆 匆 忙 忙 ， 为 的 是 能 赶 上 第 一 班 火 车 。'], ['你 打 算 自 己 一 人 把 它 全 部 吃 了 吗 ？'], ['你 想 我 了 ？'], ['我 对 这 本 书 评 UNK 很 高 。'], ['你 认 为 这 是 什 么 ？'], ['我 们 今 晚 一 起 出 去 找 乐 子 吧 。'], ['它 真 的 很 便 宜 。'], ['那 本 小 说 不 适 合 儿 童 。'], ['我 从 没 认 为 你 错 了 。'], ['他 不 是 傻 子 。'], ['那 你 会 给 我 什 么 ？'], ['我 们 对 你 知 道 得 不 多 。'], ['没 人 支 持 她 。'], ['开 什 么 国 际 玩 笑 。'], ['我 会 给 你 一 本 书 。'], ['他 正 在 筹 备 一 次 旅 行 。'], ['她 在 他 耳 边 低 声 说 话 。'], ['汤 姆 放 下 他 的 铅 笔 。'], ['你 什 么 时 候 要 回 家 ?'], ['我 很 早 就 去 睡 觉 。'], ['你 最 有 趣 的 朋 友 是 谁 ？'], ['我 谁 也 不 需 要 。'], ['我 会 弹 UNK UNK 。'], ['他 回 答 说 他 不 知 道 。'], ['她 进 了 她 的 房 间 换 裙 子 。'], ['她 急 于 见 她 的 父 亲 。'], ['我 认 为 他 是 位 伟 大 的 作 家 。'], ['每 个 人 都 向 往 幸 福 。'], ['我 不 是 UNK UNK 。'], ['我 要 坐 下 。'], ['那 是 一 个 耻 辱 。'], ['这 个 毯 子 还 是 湿 的 。'], ['我 们 有 特 殊 联 系 。'], ['这 张 是 我 妈 妈 的 照 片 。'], ['我 还 什 么 都 没 找 到 呢 。'], ['请 帮 我 洗 背 。'], ['我 想 有 人 在 敲 门 。'], ['我 生 于 1 9 8 8 年 。'], ['他 把 手 插 进 口 袋 里 。'], ['他 喝 很 少 的 水 。'], ['你 可 以 慢 慢 来 。'], ['你 经 常 去 国 外 旅 行 吗 ？'], ['我 的 母 亲 从 不 早 起 。'], ['请 你 帮 我 一 个 忙 好 吗 ？'], ['让 我 们 唱 英 文 歌 曲 。'], ['他 已 经 决 定 要 成 为 一 名 教 师 。'], ['我 必 须 吃 药 。'], ['我 的 预 感 被 证 明 是 正 确 的 。'], ['每 个 人 都 有 个 价 。'], ['请 给 我 你 的 意 见 。'], ['我 会 待 到 明 天 。'], ['你 回 来 之 前 我 会 跟 汤 姆 在 一 起 。'], ['这 架 客 机 降 落 在 东 京 了 。'], ['她 对 你 的 母 亲 很 熟 悉 。'], ['我 喜 欢 茄 子 。'], ['如 果 你 抓 紧 ， 你 还 能 赶 上 火 车 。'], ['你 出 席 了 我 的 婚 礼 。'], ['我 想 问 再 你 几 个 问 题 。'], ['我 有 个 朋 友 的 父 亲 是 知 名 的 作 家 。'], ['请 回 家 。'], ['融 合 爵 士 是 摇 滚 乐 与 爵 士 乐 的 融 合 。'], ['她 假 装 是 学 生 。'], ['我 在 机 场 见 了 个 朋 友 。'], ['我 哥 哥 会 开 车 。'], ['我 在 两 周 前 到 了 。'], ['我 永 远 不 会 忘 记 那 次 跟 她 一 起 去 夏 威 夷 。'], ['嘲 笑 别 人 是 无 礼 的 。'], ['这 个 手 提 箱 是 谁 的 ?'], ['我 买 了 单 。'], ['每 一 个 人 都 应 该 知 法 懂 法 ， 但 是 真 正 能 做 到 的 人 却 很 少 。'], ['我 不 知 道 他 从 哪 里 来 。'], ['我 一 无 所 知 。'], ['我 已 经 读 完 了 这 本 书 。'], ['这 个 夏 天 ， 我 去 苏 格 兰 度 假 了 。'], ['我 看 见 他 游 过 了 河 。'], ['我 爸 爸 会 在 这 周 末 回 家 。'], ['我 哥 哥 虽 然 矮 小 可 是 很 强 壮 。'], ['它 在 你 家 附 近 吗 ？'], ['直 到 快 要 中 午 前 他 都 没 出 现 。'], ['这 是 一 个 例 外 。'], ['马 力 很 可 爱 ， 不 是 么 ？'], ['我 有 许 多 问 题 。'], ['夜 里 游 泳 很 危 险 。'], ['没 问 题 。'], ['报 名 时 间 已 经 过 了 。'], ['你 想 要 伙 伴 吗 ？'], ['自 己 说 过 的 话 都 不 记 得 了 吗 ？'], ['我 没 任 何 零 钱 。'], ['来 吧 ， 摸 一 下 。'], ['汤 姆 不 知 所 UNK 。'], ['日 本 以 富 士 山 闻 名 。'], ['九 点 以 后 打 电 话 比 较 便 宜 吗 ？'], ['我 是 跑 得 最 快 的 人 。'], ['这 是 他 们 的 书 。'], ['这 是 我 的 书 。'], ['我 希 望 万 事 如 意 。'], ['谁 也 没 在 看 她 。'], ['你 不 该 抽 那 么 多 烟 。'], ['要 不 一 起 到 车 站 去 ？'], ['我 不 知 道 汤 姆 拿 到 了 甚 么 。'], ['我 每 个 星 期 一 都 觉 得 很 忧 郁 。'], ['她 每 天 擦 UNK 家 具 的 灰 尘 。'], ['我 还 没 有 完 全 吃 完 。'], ['在 派 对 中 我 和 他 聊 得 很 开 心 。'], ['我 的 妻 子 在 哪 里 ？'], ['春 天 是 我 最 喜 欢 的 季 节 。'], ['T o m 有 三 只 猫 。'], ['明 天 晚 上 我 们 有 一 个 派 对 。'], ['一 切 都 取 决 于 天 气 。'], ['我 喜 欢 花 时 间 和 T o m 在 一 起 。'], ['虽 然 正 在 下 雪 ， 但 是 我 也 非 去 不 可 。'], ['我 要 去 银 行 了 。'], ['汤 姆 不 能 把 他 的 真 实 感 受 告 诉 玛 丽 。'], ['他 喜 欢 听 广 播 。'], ['汤 姆 在 逃 跑 。'], ['你 要 好 好 把 握 这 个 时 机 。'], ['汤 姆 在 努 力 工 作 。'], ['我 更 喜 欢 用 手 写 信 。'], ['我 将 是 你 的 第 一 个 病 人 。'], ['把 椅 子 UNK 一 UNK 靠 近 桌 子 。'], ['他 的 急 脾 气 迟 早 会 惹 祸 上 身 。'], ['你 电 话 号 码 是 多 少 ？'], ['我 们 很 遗 憾 没 能 帮 助 你 们 。'], ['你 喜 欢 坐 哪 儿 就 坐 哪 儿 。'], ['她 是 女 教 师 。'], ['你 看 起 来 很 困 了 。'], ['我 们 明 天 讨 论 它 。'], ['我 脱 衣 服 。'], ['该 计 划 是 一 个 大 成 功 。'], ['我 今 天 收 到 了 她 的 信 。'], ['汤 姆 ， 我 们 必 须 谈 谈 。'], ['你 现 在 在 哪 里 ？'], ['你 打 算 和 你 的 家 人 去 做 什 么 ？'], ['不 要 往 河 里 扔 石 头 。'], ['这 本 书 受 到 学 生 的 欢 迎 。'], ['我 想 讲 一 口 流 利 的 英 语 。'], ['他 一 点 礼 貌 也 没 有 。'], ['汤 姆 不 想 一 个 人 走 。'], ['大 使 馆 就 在 最 高 法 院 旁 边 。'], ['去 年 圣 诞 节 做 了 什 么 了 ？'], ['我 今 天 上 午 到 了 车 站 。'], ['你 把 它 们 带 来 了 么 ？'], ['我 们 必 须 遵 纪 守 法 。'], ['我 已 经 不 爱 他 了 。'], ['我 喜 欢 流 行 音 乐 。'], ['你 可 以 帮 我 提 我 的 袋 子 吗 ?'], ['你 似 乎 错 了 。'], ['她 今 天 比 昨 天 要 好 很 多 。'], ['上 个 月 我 在 伦 敦 。'], ['我 担 心 可 能 帮 不 了 你 ， 你 需 要 找 其 他 人 帮 忙 。'], ['她 哭 得 UNK 肠 寸 断 。'], ['火 熄 灭 了 。'], ['汤 姆 开 始 唱 歌 。'], ['你 能 帮 我 买 些 东 西 吗 ？'], ['物 价 上 涨 。'], ['我 们 不 知 道 要 做 甚 么 。'], ['你 要 来 杯 咖 啡 吗 ?'], ['如 果 你 发 现 什 么 ， 请 打 给 我 。'], ['当 我 阅 读 的 时 候 ， 我 最 快 乐 。'], ['你 爸 爸 什 么 时 候 回 家 ？'], ['我 去 过 那 里 几 次 。'], ['为 什 么 它 应 该 要 变 得 不 一 样 ？'], ['他 加 入 了 陆 军 。'], ['请 你 再 说 一 次 好 吗 ？'], ['我 已 经 换 了 我 的 衣 服 。'], ['你 的 成 功 是 应 得 的 。'], ['英 语 已 经 普 及 全 国 。'], ['你 们 好 吗 ？'], ['我 没 有 疑 问 。'], ['汤 姆 非 常 性 感 。'], ['搭 飞 机 将 花 你 比 较 多 的 钱 。'], ['你 喜 欢 什 么 就 拿 吧 。'], ['我 是 一 个 外 国 人 。'], ['你 在 写 信 吗 ?'], ['你 不 必 吃 。'], ['我 们 能 私 下 见 见 吗 ？'], ['他 没 有 希 望 UNK 愈 了 。'], ['我 不 想 在 恐 惧 中 生 活 。'], ['我 可 以 有 张 公 车 的 时 刻 表 吗 ？'], ['她 的 衣 服 全 部 都 是 她 自 己 做 的 。'], ['从 什 么 时 候 开 始 您 就 这 里 工 作 着 的 呢 ？'], ['你 什 么 时 候 睡 觉 ？'], ['做 任 何 事 ， 你 必 须 要 做 到 最 好 。'], ['真 糟 糕 ！'], ['我 认 识 他 。'], ['请 出 示 您 的 票 子 。'], ['我 爸 爸 不 喜 欢 足 球 。'], ['我 们 没 理 由 害 臊 。'], ['天 空 完 全 变 黑 了 。'], ['他 昨 天 没 来 上 学 。'], ['她 教 了 三 十 年 的 音 乐 。'], ['我 今 晚 感 觉 良 好 。'], ['我 见 你 找 到 了 你 的 包 。'], ['我 们 去 山 上 滑 雪 。'], ['但 愿 我 有 好 一 点 的 记 忆 力 。'], ['我 每 年 夏 天 都 去 乡 下 。'], ['她 有 一 点 钱 。'], ['他 们 彼 此 相 爱 。'], ['你 在 那 里 干 什 么 ？'], ['如 果 你 不 抓 紧 的 话 ， 你 就 会 赶 不 上 火 车 。'], ['快 点 ， 不 然 你 就 要 错 过 火 车 了 。'], ['他 写 了 一 本 关 于 丛 林 冒 险 的 书 。'], ['我 写 下 了 那 个 电 话 号 码 。'], ['我 下 个 月 会 来 看 你 。'], ['把 平 底 锅 离 火 。'], ['我 从 来 没 有 爬 过 富 士 山 。'], ['不 论 我 做 什 么 ， 她 都 说 我 能 做 得 更 好 。'], ['那 只 狗 看 起 来 好 像 想 吃 东 西 。'], ['汤 姆 明 天 离 开 波 士 顿 。'], ['说 谎 是 错 误 的 。'], ['我 UNK 视 你 。'], ['汤 姆 说 话 不 多 。'], ['我 怎 样 才 能 连 络 到 你 ?'], ['战 争 还 没 结 束 。'], ['你 在 你 的 床 下 面 藏 了 多 少 钱 ？'], ['这 座 山 被 雪 所 覆 盖 。'], ['自 从 他 离 开 日 本 已 经 有 三 个 月 了 。'], ['你 觉 得 我 是 在 开 玩 笑 吗 ？'], ['多 吃 点 蔬 菜 。'], ['天 气 真 是 太 好 了 ！'], ['他 是 我 部 门 的 主 管 。'], ['大 家 都 想 见 到 你 ， 你 太 有 名 了 ！'], ['她 小 提 琴 演 奏 得 非 常 好 。'], ['你 现 在 可 以 回 家 了 。'], ['他 嫉 妒 我 的 成 功 。'], ['从 第 十 课 的 开 头 读 起 。'], ['这 是 我 唯 一 能 想 到 的 事 了 。'], ['我 从 没 想 过 它 会 变 成 这 样 。'], ['哪 里 有 问 题 ?'], ['我 能 跟 护 士 长 说 话 吗 ?'], ['我 借 钱 。'], ['现 在 有 票 。'], ['这 可 怜 的 女 孩 瞎 了 。'], ['她 每 星 期 去 作 一 次 健 美 操 。'], ['你 在 闲 暇 的 时 候 一 般 做 什 么 ？'], ['我 会 回 来 的 。'], ['你 可 以 为 我 把 这 份 报 告 翻 译 成 意 大 利 文 吗 ？'], ['我 刚 开 始 打 网 球 。'], ['他 有 一 个 大 家 庭 。'], ['他 知 道 如 何 去 吸 引 他 的 听 众 。'], ['她 只 是 个 孩 子 。'], ['我 不 觉 得 汤 姆 是 认 真 的 。'], ['他 准 会 忘 。'], ['他 一 直 暗 恋 着 她 。'], ['她 穿 著 深 褐 色 的 鞋 子 。'], ['我 去 公 园 。'], ['他 周 游 世 界 各 地 。'], ['吃 晚 饭 的 时 间 到 了 。'], ['英 语 是 国 际 语 言 。'], ['我 的 母 亲 钢 琴 弹 得 很 好 。'], ['她 毫 无 间 断 地 照 顾 自 己 的 孩 子 。'], ['你 计 划 卖 甚 么 ？'], ['现 在 读 这 个 。'], ['这 是 在 浪 费 时 间 和 金 钱 。'], ['我 不 太 确 定 。'], ['你 能 把 它 送 到 这 个 地 址 吗 ？'], ['我 期 待 著 您 的 光 临 。'], ['汤 姆 最 终 做 了 点 正 确 的 事 。'], ['发 生 了 什 么 事 吗 ？'], ['要 很 长 的 时 间 才 能 恢 复 吗 ？'], ['我 前 几 天 买 了 一 台 照 相 机 。'], ['抱 歉 ， 我 没 有 早 点 回 复 你 。'], ['回 答 这 个 问 题 很 容 易 。'], ['你 们 要 在 这 里 唱 歌 吗 ？'], ['有 人 跟 我 说 这 件 事 。'], ['他 比 以 前 重 得 多 。'], ['房 间 里 家 具 齐 全 。'], ['你 想 将 头 发 剪 成 怎 样 ？'], ['你 咳 嗽 吗 ？'], ['我 不 信 任 汤 姆 而 且 汤 姆 也 不 信 任 我 。'], ['我 听 过 这 首 歌 的 法 语 版 。'], ['这 是 三 天 之 前 了 。'], ['孩 子 们 在 公 园 里 玩 耍 。'], ['嫉 妒 让 他 那 样 做 。'], ['钟 响 过 了 吗 ？'], ['我 闻 到 瓦 斯 味 。'], ['我 认 为 我 要 坐 巴 士 去 。'], ['让 我 们 在 公 园 里 散 步 吧 。'], ['你 看 起 来 很 紧 张 。'], ['你 什 么 时 候 吃 早 餐 ？'], ['我 的 表 出 了 毛 病 。'], ['只 剩 下 一 点 点 牛 奶 了 。'], ['他 保 守 著 这 个 秘 密 。'], ['你 过 来 试 试 看 。'], ['她 有 一 双 迷 人 的 眼 睛 。'], ['我 了 解 你 。'], ['孩 子 应 该 服 从 他 们 的 父 母 。'], ['我 没 做 不 寻 常 的 事 。'], ['跳 进 来 。'], ['我 必 须 立 刻 做 吗 ？'], ['她 可 能 迟 到 ， 然 后 我 们 就 要 等 。'], ['这 条 鱼 还 是 活 的 吗 ？'], ['我 不 会 让 汤 姆 独 自 去 做 。'], ['这 个 箱 子 太 笨 重 了 无 法 携 带 。'], ['他 要 养 活 一 个 大 家 庭 。'], ['这 是 一 个 惊 喜 。'], ['他 把 球 扔 过 了 栅 栏 。'], ['我 应 该 拿 那 些 钱 的 。'], ['这 所 学 校 建 于 1 6 5 0 年 。'], ['他 迟 到 没 有 理 由 。'], ['她 成 功 地 开 车 了 。'], ['你 没 有 把 你 的 车 上 锁 吗 ？'], ['我 玩 得 很 开 心 。'], ['我 对 这 里 不 熟 。 恐 怕 我 不 能 帮 你 。'], ['用 筷 子 吃 饭 难 吗 ？'], ['保 持 微 笑 。'], ['T o m 被 抓 到 无 照 驾 驶 。'], ['他 跟 我 想 的 不 一 样 。'], ['法 律 不 应 受 到 侵 犯 。'], ['我 们 昨 晚 玩 得 很 开 心 。'], ['我 不 想 不 通 过 考 试 。'], ['我 必 须 要 换 衣 服 ， 因 为 我 现 在 穿 的 衣 服 不 适 合 这 个 环 境 。'], ['你 确 定 ？'], ['土 豆 太 热 ， 以 至 于 烫 到 了 我 的 嘴 。'], ['我 们 很 期 待 见 到 您 和 您 的 家 人 。'], ['我 现 在 不 能 回 答 你 。'], ['她 擅 长 打 网 球 。'], ['这 是 医 院 。'], ['我 们 明 天 回 来 。'], ['我 们 明 天 上 午 开 始 。'], ['你 想 要 来 些 炒 蛋 吗 ？'], ['我 来 警 告 你 别 那 样 做 。'], ['今 天 比 昨 天 暖 和 。'], ['汤 姆 今 天 来 得 比 往 常 要 早 一 些 。'], ['这 里 夏 天 非 常 热 。'], ['当 我 醒 来 时 ， 天 正 下 著 雪 。'], ['春 天 是 访 问 京 都 最 好 的 季 节 。'], ['请 你 告 诉 我 路 怎 么 走 好 吗 ？'], ['我 这 就 上 路 。'], ['父 亲 很 健 康 。'], ['我 有 好 消 息 要 告 诉 你 。'], ['汤 姆 没 给 我 我 跟 他 要 的 。'], ['天 上 没 有 云 。'], ['谁 选 你 来 做 这 个 任 务 ？'], ['我 把 我 的 伞 忘 在 计 程 车 上 了 。'], ['突 然 之 间 ， 三 只 狗 出 现 在 我 们 面 前 。'], ['我 马 上 做 比 较 好 。'], ['你 昨 天 玩 得 开 心 吗 ?'], ['那 是 一 本 书 。'], ['我 明 天 需 要 知 道 。'], ['我 不 怪 你 那 样 做 。'], ['这 是 个 危 险 的 任 务 。'], ['我 好 一 阵 子 没 看 到 你 了 。'], ['学 校 需 要 一 个 新 的 老 师 。'], ['你 随 时 可 以 来 。'], ['看 看 我 会 在 盒 子 里 找 到 什 么 ?'], ['他 终 于 达 到 了 自 己 的 目 标 。'], ['汤 姆 是 我 所 知 道 的 最 高 的 人 。'], ['这 里 夏 天 非 常 炎 热 。'], ['我 吃 了 汤 姆 的 三 明 治 。'], ['我 会 为 你 带 路 。'], ['我 希 望 汤 姆 能 在 那 里 。'], ['他 在 演 奏 音 乐 。'], ['理 发 师 是 为 男 人 刮 胡 子 和 剪 头 发 的 人 。'], ['晚 饭 后 我 洗 了 碗 碟 。'], ['汤 姆 去 波 士 顿 买 一 幅 画 。'], ['轻 轻 地 移 动 。'], ['我 带 孩 子 们 去 上 学 。'], ['她 现 在 忙 ， 没 有 办 法 跟 你 们 说 话 。'], ['许 多 亚 洲 人 以 英 语 作 为 共 用 的 语 言 。'], ['我 喜 欢 吃 。'], ['这 太 贵 了 。'], ['我 喜 欢 豆 子 。'], ['以 前 在 这 个 池 塘 里 有 许 多 青 蛙 。'], ['你 忙 吗 ？'], ['在 明 天 前 完 成 报 告 几 乎 是 不 可 能 的 。'], ['如 果 你 不 懂 ， 那 就 问 。'], ['他 打 网 球 打 得 很 好 。'], ['我 回 家 路 上 会 在 你 那 里 停 下 。'], ['他 放 学 后 打 棒 球 。'], ['我 早 有 一 种 感 觉 这 可 能 会 发 生 。'], ['你 明 天 早 上 七 点 可 不 可 以 叫 我 起 床 。'], ['士 兵 给 了 我 水 。'], ['他 十 分 钟 前 到 这 里 。'], ['坐 这 个 公 车 可 以 到 球 场 。'], ['多 亏 了 你 ， 我 还 活 着 。'], ['A I 代 表 人 工 智 能 。'], ['她 不 是 一 个 好 厨 师 。'], ['你 不 必 吃 。']]
2025-06-03 15:42:57,038 INFO: 

2025-06-03 15:42:57,039 INFO: ['不 要 低 估 我 的 力 量 。', '能 听 说 你 不 清 楚 我 能 好 吗 ？', '现 在 是 行 动 的 时 候 了 。', '我 只 是 在 谈 论 汤 姆 的 。', '你 一 点 都 没 变 。', '这 是 一 朵 花 非 常 美 丽 的 花 。', '你 要 多 少 个 月 在 波 士 顿 ？', '她 的 一 个 很 棒 的 画 。', '每 个 人 都 来 拜 访 汤 姆 。', '一 个 人 的 行 为 死 了 ， 后 面 包 。', '我 它 是 免 费 的 。', '我 不 知 道 自 己 独 自 生 活 。', '房 间 里 没 有 人 。', '这 本 书 前 我 可 以 前 读 完 成 这 个 的 时 间 。', '我 可 能 是 最 喜 欢 的 季 节 。', '那 是 一 支 铅 笔 。', '我 很 难 理 由 他 叫 了 麻 烦 。', '他 没 有 空 调 。', '我 们 常 常 在 小 时 看 到 他 的 时 候 ， 他 有 点 儿 子 。', '我 老 师 要 我 们 做 完 作 业 。', '她 把 袜 子 放 在 上 。', '我 要 去 银 行 了 。', '我 告 诉 你 别 在 这 里 玩 的 时 候 ， 她 跟 你 说 话 了 。', '昨 晚 我 和 汤 姆 说 话 了 。', '我 不 知 道 汤 姆 怎 么 能 懂 。', '他 是 个 城 市 的 人 。', '汤 姆 经 常 说 梦 话 。', '他 们 学 著 我 们 的 老 师 。', '你 知 道 怎 么 做 麻 将 吗 ？', '你 不 喜 欢 狗 ， 而 不 是 么 ？', '我 想 要 的 就 是 这 个 。', '我 最 喜 欢 的 科 目 前 不 知 道 所 有 主 要 什 么 。', '我 来 这 里 是 你 的 。', '所 有 的 牛 奶 都 出 去 了 。', '他 喜 欢 吃 点 什 么 。', '汤 姆 想 吃 什 么 ？', '您 空 闲 时 间 喜 欢 做 什 么 ？', '我 们 很 遗 憾 要 做 这 事 。', '如 果 明 天 天 气 好 ， 那 么 我 们 就 去 野 餐 。', '一 条 路 被 卡 车 撞 到 。', '火 警 发 生 在 地 震 中 。', '汤 姆 弄 丢 了 所 有 的 东 西 。', '我 想 要 听 我 的 收 入 场 比 赛 。', '我 喜 欢 橘 子 胜 过 苹 果 。', '汤 姆 告 诉 我 他 不 喜 欢 喝 酒 。', '这 肉 已 经 变 胖 了 。', '可 以 用 我 的 C D 吗 ？', '你 喝 了 多 牛 奶 吗 ？', '当 然 了 。', '昨 天 我 起 得 早 。', '我 在 她 的 前 天 在 一 天 回 来 。', '他 一 点 也 不 知 道 英 语 。', '这 本 书 很 有 趣 。', '你 在 哪 里 看 我 的 眼 镜 吗 ？', '我 只 是 不 想 失 去 你 。', '汤 姆 打 电 话 给 你 了 吗 ？', '船 被 哈 佛 大 学 生 们 的 损 失 。', '这 首 曲 子 叫 什 么 名 字 ？', '你 的 体 重 增 加 了 ， 不 是 吗 ？', '他 够 大 方 ， 可 以 帮 我 医 院 。', '他 害 怕 蛇 。', '玛 丽 不 是 很 幸 运 的 ， 她 不 是 因 为 她 生 病 了 。', '你 为 什 么 不 跟 他 说 话 ？', '我 们 休 息 了 一 会 儿 。', '你 在 做 什 么 的 时 候 ， 这 个 东 西 ？', '请 考 虑 考 虑 。', '我 们 想 知 道 这 个 结 果 。', '要 求 她 告 诉 他 去 安 静 房 子 的 地 方 。', '你 不 能 说 。', '比 赛 结 束 的 时 候 开 始 ？', '今 天 早 上 我 到 达 了 机 场 。', '慢 慢 来 。', '学 校 在 上 午 八 点 三 十 分 开 始 上 课 。', '汤 姆 要 独 自 去 。', '我 叫 汤 姆 起 来 。', '给 我 点 东 西 吃 。', '这 是 我 的 照 片 。', '她 看 了 看 到 自 己 的 镜 。', '她 儿 子 花 了 很 多 钱 。', '我 想 在 下 个 座 位 上 。', '猫 从 桌 子 底 下 来 。', '他 每 晚 都 给 她 打 电 话 。', '关 灯 。', '我 必 须 去 派 对 吗 ？', '这 名 男 人 在 公 司 上 老 板 上 。', '跟 你 没 半 毛 钱 关 系 。', '你 认 为 汤 姆 是 古 屋 吗 ？', '不 要 害 怕 犯 错 。', '我 宁 愿 待 在 家 里 。', '我 们 去 年 冬 天 去 了 美 国 。', '那 是 有 用 的 音 乐 吗 ？', '哪 本 书 在 哪 ？', '什 么 时 候 开 始 ？', '尽 可 能 拿 多 读 。', '他 怕 那 只 狗 。', '看 你 能 见 甚 么 吗 ？', '你 明 天 都 在 这 儿 吗 ？', '她 的 包 被 她 的 死 了 。', '这 间 房 间 还 是 谁 要 拿 他 的 ？', '一 座 桥 对 面 建 筑 物 的 桥 是 一 座 桥 。', '今 天 你 看 起 来 很 高 兴 。', '我 真 的 需 要 一 整 天 都 读 这 本 。', '汤 姆 从 他 的 自 行 车 上 掉 了 下 来 。', '我 们 所 有 的 人 都 得 保 持 沉 默 。', '你 在 家 的 厨 艺 术 家 里 ？', '别 再 盯 着 了 ， 别 人 。', '这 是 一 本 新 书 。', '这 个 机 器 人 对 我 们 来 说 很 重 要 。', '他 是 一 位 医 生 。', '突 然 间 ， 一 把 雨 停 下 来 了 。', '你 最 喜 欢 什 么 科 目 ？', 'T o m 喝 了 我 的 苹 果 汁 。', '你 应 该 准 时 赶 上 工 作 。', '英 语 是 一 种 世 界 上 最 大 的 语 言 。', '大 家 都 喜 欢 这 个 城 市 。', '在 美 国 的 人 说 英 语 。', '的 办 公 室 离 树 街 很 近 。', '不 要 担 心 。', '她 已 经 迷 失 了 。', '水 在 天 气 转 的 是 ， 可 能 是 时 候 。', '花 园 里 的 花 朵 都 在 生 长 。', '交 报 告 是 最 近 的 报 告 。', '这 不 是 一 个 正 确 的 总 统 。', '一 个 男 孩 进 了 入 学 生 。', '有 时 候 来 自 行 动 。', '你 最 好 在 这 里 待 著 。', '我 勇 气 的 勇 气 。', '汤 姆 给 玛 丽 一 份 漂 亮 的 礼 物 。', '你 还 想 跟 我 说 话 吗 ？', '我 们 用 少 的 预 算 旅 行 。', '这 种 人 们 能 为 他 们 出 去 看 自 己 的 行 为 吗 ？', '很 高 兴 再 次 见 到 你 。', '请 不 要 问 你 。', '我 不 相 信 这 么 要 看 不 动 。', '你 还 有 多 余 的 ？', '他 有 一 个 小 孩 子 和 两 个 女 孩 的 妻 子 。', '他 终 于 达 到 了 目 标 。', '我 不 想 伤 害 到 他 的 感 情 。', '我 前 几 天 前 还 有 你 的 时 间 。', '她 给 我 看 了 一 个 奇 怪 的 娃 。', '你 工 作 得 太 辛 苦 了 。 放 轻 松 一 下 。', '我 租 了 他 一 块 石 头 到 达 。', '出 去 散 步 怎 么 样 ？', '汤 姆 时 间 没 有 做 吗 ？', '我 们 都 知 道 我 们 为 什 么 都 无 法 做 。', '您 该 告 诉 他 真 相 。', '兰 辛 是 密 西 根 首 都 。', '晚 上 好 。 晚 上 好 。', '我 同 意 他 。', '我 确 定 你 能 做 点 事 。', '这 不 是 胡 子 。', '我 一 整 天 都 在 有 空 。', '请 穿 上 你 的 鞋 子 。', '我 可 以 开 车 吗 ？', '为 什 么 我 应 该 要 帮 T o m ？', '你 下 了 。', '他 独 自 一 人 独 自 生 活 。', '我 认 识 在 法 国 认 识 了 他 。', '非 常 无 聊 。', '汤 姆 不 知 道 玛 丽 说 什 么 。', '他 把 这 个 衬 衫 带 漆 成 绿 色 。', '我 可 以 跟 你 说 一 起 话 吗 ？', '如 果 我 有 钱 ， 我 就 会 买 这 件 事 。', '她 是 一 个 非 常 喜 欢 的 老 师 。', '他 的 房 子 又 离 婚 了 。', '我 很 傻 。', '他 们 在 医 生 下 了 一 个 孩 子 们 的 生 日 。', '你 必 须 做 到 。', '有 时 候 ， 所 有 的 作 者 值 得 一 名 单 身 上 。', '看 起 来 很 有 意 思 。', '他 告 诉 我 要 去 吃 晚 饭 。', '汤 姆 没 有 说 他 甚 么 需 要 做 的 。', '没 有 任 何 情 况 。', '我 不 认 为 他 会 来 。', '当 你 说 英 语 的 时 候 不 要 怕 犯 错 。', '这 只 是 你 和 我 们 之 间 的 秘 密 。', '许 多 人 年 轻 人 和 以 至 少 钱 。', '你 们 只 是 我 希 望 的 人 。', '你 的 鞋 子 用 这 件 鞋 子 做 什 么 ?', '如 果 你 很 高 兴 , 我 会 很 忙 你 。', '请 关 闭 电 视 机 。', '我 把 我 借 给 哪 里 的 钱 。', '他 的 年 龄 开 车 满 了 一 个 月 。', '我 从 上 周 去 年 见 过 她 的 时 候 就 离 开 了 。', '请 问 你 可 以 把 高 一 下 ， 可 以 借 过 一 下 吗 ？', '汤 姆 正 在 找 工 作 。', '老 师 表 达 她 成 为 了 学 校 。', '这 些 她 全 都 是 自 己 的 那 个 故 事 。', '我 已 经 把 汤 姆 放 在 上 班 了 。', '我 知 道 你 不 是 真 的 。', '我 明 天 将 离 开 去 加 拿 大 。', '我 们 走 吧 ， 一 到 雨 停 了 。', '我 再 也 不 再 跟 他 说 了 。', '她 累 了 ， 但 是 她 不 是 继 续 工 作 。', '我 不 需 要 汤 姆 帮 助 他 。', '我 打 电 话 给 她 。', '从 这 里 两 天 里 离 开 这 里 远 。', '他 比 他 的 兄 弟 高 兴 。', '在 这 个 男 孩 到 我 身 上 就 住 在 。', '我 们 昨 天 参 加 了 足 球 。', '我 试 著 改 变 任 何 地 方 都 能 理 。', '你 跟 谁 说 话 呢 ？', '我 当 然 感 到 了 邀 请 。', '每 个 人 都 在 对 汤 姆 说 谎 。', '他 是 一 个 好 厨 师 。', '他 两 年 前 来 日 本 。', '汤 姆 马 上 就 去 做 。', '我 会 接 受 汤 姆 。', '哪 帽 子 是 你 的 帽 子 ？', '这 是 汤 姆 年 级 的 叔 叔 。', '我 很 高 兴 我 不 是 这 样 买 点 东 西 。', '你 知 道 事 故 发 生 了 什 么 事 ？', 'T o m 喝 果 汁 。', '少 一 把 勺 子 。', '这 里 的 气 候 有 很 多 神 户 的 是 否 认 识 。', '他 们 洗 手 。', '汤 姆 经 过 了 大 约 。', '你 喜 欢 这 些 照 片 里 的 任 何 一 张 吗 ?', '在 我 学 习 英 语 ， 但 是 我 不 通 常 说 话 的 。', '汤 姆 不 能 再 这 种 演 员 。', '这 座 城 市 非 常 漂 亮 的 教 堂 。', '汤 姆 不 会 伤 害 到 任 何 人 。', '这 些 天 我 的 行 李 架 了 。', '我 今 天 不 想 上 班 。', '我 会 跟 你 一 起 走 的 屋 子 。', '我 们 要 吃 面 包 。', '我 走 过 了 火 车 去 城 市 的 路 。', '我 常 常 常 觉 得 悲 伤 。', '让 我 们 讨 论 它 花 了 不 多 时 间 。', '这 是 一 个 真 的 厨 师 。', '价 格 一 直 接 正 。', '去 这 儿 ， 你 还 是 不 要 去 ？', '如 果 你 看 来 好 ， 那 时 候 就 是 个 错 的 。', '我 的 行 李 丢 了 。', '已 经 过 了 。', '你 觉 得 我 女 人 怎 么 样 ？', '那 真 是 可 能 的 会 很 好 。', '我 不 知 道 他 是 否 会 做 。', '我 爱 我 的 生 活 。', '春 天 是 我 最 喜 欢 的 季 节 。', '我 还 没 有 感 觉 呢 。', '差 不 多 是 火 车 费 时 间 。', '我 不 知 道 汤 姆 和 我 一 起 去 吗 ？', '我 不 能 再 忍 受 这 噪 音 了 。', '我 能 需 要 一 支 铅 笔 吗 ？', '在 这 次 写 下 你 的 时 候 就 给 我 看 完 了 。', '她 很 明 显 ， 那 是 无 所 知 。', '火 灾 在 城 市 中 被 暴 风 雨 。', '这 个 湖 里 很 好 。', '花 多 久 时 间 ？', '汤 姆 是 个 国 人 。', '你 将 出 席 这 个 会 议 吗 ？', '有 人 来 了 。', '我 不 知 道 他 住 在 哪 里 。', '你 能 让 我 看 这 个 包 包 吗 ？', '她 在 英 文 上 取 得 了 很 好 的 成 绩 。', '我 们 推 荐 在 一 家 旅 馆 吧 。', '我 为 我 的 儿 子 厌 烦 了 。', '我 们 所 有 的 人 都 参 加 了 比 赛 。', '他 有 很 多 钱 。', '春 天 快 来 了 。', '请 开 车 慢 慢 点 。', '我 想 成 为 一 名 律 师 。', '昨 天 是 汤 姆 的 生 日 。', '你 还 认 识 我 吗 ？', '他 受 伤 了 这 个 星 期 五 。', '我 们 所 知 道 的 人 都 是 谁 。', '请 你 考 虑 考 虑 。', '请 关 门 。', '他 们 能 怎 么 样 ？', '你 为 什 么 不 回 家 ？', '你 应 该 在 公 园 前 进 行 。', '去 年 她 从 高 中 毕 业 了 。', '除 了 星 期 天 我 每 一 天 都 工 作 。', '我 相 信 汤 姆 想 说 话 。', '你 有 几 个 朋 友 ？', '他 们 要 这 个 。', '她 离 开 这 里 的 路 留 了 。', '我 在 考 试 时 犯 了 些 错 误 。', '她 为 他 的 孩 子 们 笑 话 让 了 一 个 道 歉 。', '她 非 常 漂 亮 。', '我 真 喜 欢 那 就 像 这 个 椅 子 。', '公 司 倒 闭 了 。', '我 需 要 一 张 邮 票 。', '我 没 看 见 他 。', '他 给 我 没 什 么 可 钱 。', '汤 姆 在 这 种 情 况 下 ， 不 会 说 的 。', '我 听 说 他 擅 长 烹 饪 。', '坐 在 我 旁 边 。', '他 假 装 听 不 见 。', '他 没 有 法 去 过 法 国 。', '我 现 在 在 工 作 无 法 离 开 。', '不 要 开 枪 ， 你 就 开 枪 了 。', '他 们 看 起 来 像 他 们 不 打 算 哭 。', '桌 子 里 有 一 只 猫 。', '在 考 试 时 犯 了 些 错 误 。', '你 的 意 见 是 甚 么 ？', '他 们 中 的 一 只 是 一 个 中 的 一 位 。', '她 现 在 正 在 离 开 她 家 的 家 。', '她 喜 欢 网 球 。', '他 的 苹 果 汁 被 我 们 的 苹 果 汁 。', '每 次 早 上 他 去 散 步 。', '没 有 办 法 去 知 道 。', '空 中 乌 云 密 布 。', '他 最 好 的 作 业 并 且 让 我 感 觉 。', '她 爱 永 远 爱 她 的 丈 夫 。', '你 的 英 语 说 得 很 好 。', '很 多 的 人 都 想 要 感 谢 。', '汤 姆 很 勇 敢 ， 不 是 么 ？', '汤 姆 让 我 们 新 车 。', '我 待 在 家 里 待 很 久 。', '你 有 看 见 过 汤 姆 生 气 的 时 候 吗 ？', '许 多 人 死 于 饥 饿 。', '他 错 过 了 火 车 。', '帮 我 把 那 个 包 裹 拿 起 来 。', '不 要 大 概 这 么 短 ！', '你 旅 行 怎 么 样 ？', '图 书 馆 有 很 多 书 馆 。', '请 问 你 能 帮 我 好 吗 ？', '英 语 对 我 来 说 很 难 。', '这 是 湖 的 最 深 处 。', '今 天 的 事 情 怎 么 了 ？', '我 可 以 说 我 会 是 无 法 语 。', '她 心 情 况 很 美 ， 而 且 有 趣 。', '每 个 人 都 知 道 他 的 那 个 事 。', '给 我 些 可 以 写 字 的 东 西 。', '这 种 事 情 在 日 本 不 会 发 生 的 事 。', '火 车 准 时 到 了 。', '我 说 的 所 有 事 都 给 汤 姆 了 解 你 。', '这 份 工 作 每 天 前 一 百 万 日 元 。', '汤 姆 不 知 道 怎 么 从 来 ， 但 没 有 人 知 道 他 想 过 那 么 说 话 的 。', '这 是 桌 子 。', '白 天 越 来 越 长 了 。', '你 不 再 是 小 孩 子 。', '汤 姆 说 他 累 了 。', '我 爱 这 首 歌 。', '他 生 于 澳 洲 。', '我 希 望 你 的 记 忆 力 。', '我 知 道 他 的 样 子 ， 但 不 知 道 他 的 名 字 。', '我 想 见 一 条 裤 子 。', '我 完 全 力 地 尝 试 了 。', '你 应 该 知 道 这 种 事 实 和 也 要 做 的 事 。', '这 是 谁 的 错 ？', '他 走 了 ， 走 路 。', '滚 ！', '最 近 检 查 一 下 。', '你 最 好 不 要 在 床 上 吃 东 西 。', '尽 管 你 会 成 功 。', '住 在 隔 壁 的 男 孩 常 常 常 很 晚 回 来 。', '我 只 是 不 能 说 就 。', '他 给 他 儿 子 一 大 笔 财 产 。', '汤 姆 对 事 很 多 事 情 。', '我 的 右 手 举 止 。', '出 去 吃 晚 饭 怎 样 ？', '我 知 道 怎 么 尽 量 按 钮 。', '汤 姆 是 好 人 吗 ？', '汤 姆 不 像 我 们 还 年 轻 ， 但 没 有 吃 香 蕉 。', '你 写 信 吗 ？', '汤 姆 年 纪 他 的 很 大 ， 让 他 做 得 很 好 。', '1 0 0 年 上 的 女 孩 是 1 0 0 0 岁 的 城 市 。', '欢 迎 来 到 我 的 欢 迎 。', '我 今 天 必 须 吃 晚 饭 。', '他 很 快 就 会 回 来 了 。', '这 是 你 的 家 庭 吗 ？', '没 有 人 帮 汤 姆 一 个 不 能 。', '汤 姆 不 抱 怨 。', '这 个 房 间 里 的 女 孩 长 得 很 紧 张 。', '我 们 爱 汤 姆 。', '你 六 点 起 床 吗 ？', '汤 姆 的 母 语 是 法 语 。', '他 没 有 他 弟 弟 聪 明 。', '你 应 该 十 点 钟 到 车 站 。', '花 费 5 美 元 要 花 费 5 0 美 元 。', '在 公 园 里 的 老 板 ？', '汤 姆 以 前 在 这 里 工 作 。', '我 愿 意 接 受 汤 姆 的 工 作 。', '他 不 再 住 在 那 里 了 。', '你 们 没 能 帮 助 他 们 。', '生 活 不 能 永 远 地 方 。', '我 想 用 这 件 红 色 的 葡 萄 酒 还 是 白 色 的 。', '我 住 在 一 个 大 城 市 里 。', '她 会 把 她 的 照 片 给 想 要 的 人 。', '你 们 用 英 语 说 那 种 语 言 吗 ？', '我 已 经 感 觉 不 够 好 了 。', '我 很 惊 讶 。', '我 会 参 加 会 议 。', '他 们 给 我 们 发 了 一 些 非 常 有 趣 的 东 西 。', '让 我 们 去 河 里 游 泳 。', '汤 姆 全 都 被 笑 了 。', '他 们 比 我 们 高 得 多 。', '我 不 懂 这 个 东 西 。', '今 天 早 上 给 汤 姆 写 信 。', '这 是 我 母 亲 的 母 亲 。', '如 果 你 想 过 来 ， 请 稍 后 。', '我 总 是 在 他 后 悔 。', '能 不 下 一 句 话 ， 可 以 把 它 放 到 你 的 C D 对 一 下 吗 ？', '再 次 一 次 。', '她 总 是 自 己 的 房 子 。', '我 们 都 知 道 我 们 的 一 切 。', '我 们 会 在 四 月 份 , 参 加 。', '我 喜 欢 穿 过 长 长 时 间 。', '让 我 们 试 著 哭 。', '你 去 年 夏 天 在 波 士 顿 吗 ？', '瑞 士 是 一 种 非 常 成 员 。', '她 用 优 秀 的 房 间 弄 脏 了 她 的 房 间 。', '他 们 通 过 后 的 男 孩 结 婚 后 不 会 哭 。', '我 父 亲 忙 于 无 法 去 散 步 。', '明 天 天 气 怎 么 样 ？', '我 忘 了 忘 记 。', '在 派 对 上 见', '她 有 一 个 很 多 的 工 作 而 且 有 强 的 工 作 。', '我 计 划 有 了 所 知 道 的 计 划 。', '她 不 喜 欢 那 个 人 都 是 不 喜 欢 待 的 。', '参 加 了 婚 礼 。', '有 些 时 候 ， 我 跟 你 说 一 些 照 顾 你 的 电 话 。', '我 参 加 戏 剧 社 。', '我 们 每 天 晚 谈 这 个 会 再 谈 。', '我 们 走 吧 。', '这 药 会 帮 你 吃 。', '我 穿 著 睡 衣 吃 早 饭 。', '你 应 该 多 警 告 他 的 。', '它 是 错 的 。', '我 听 见 了 他 下 楼 。', '这 张 桌 子 太 占 空 间 了 。', '他 对 我 们 来 说 ， 这 个 城 市 住 。', '如 果 你 想 就 来 吧 。', '汤 姆 知 道 有 人 住 在 哪 里 吗 ？', '我 想 要 你 去 。', '今 天 是 什 么 日 本 ？', '他 法 语 说 得 很 好 。', '这 是 本 书 的 。', '他 现 在 忙 于 功 课 。', '哪 里 痛 ？', '汤 姆 失 去 他 的 信 息 不 失 去 。', '我 看 见 一 只 猫 在 狗 跑 下 。', '他 们 没 有 吃 东 西 。', '汤 姆 用 了 这 里 有 三 十 美 元 。', '今 天 早 上 汤 姆 迟 到 了 一 小 时 。', '明 天 气 允 许 的 话 ， 可 能 会 下 雨 。', '我 昨 晚 看 了 一 本 书 。', '我 必 须 付 钱 的 预 订 。', '我 们 总 是 打 算 有 时 间 。', '我 刚 才 收 到 了 你 的 信 。', '只 要 我 们 计 划 休 息 。', '汤 姆 学 了 几 年 法 语 。', '这 条 路 上 你 想 起 床 。', '我 很 少 有 纸 发 烧 。', '她 把 书 还 给 图 书 馆 。', '你 的 车 是 那 辆 车 吗 ？', '我 十 分 钟 后 那 个 地 方 数 约 。', '他 表 现 的 是 很 大 的 作 家 。', '多 怪 啊 ！', '很 少 有 人 喜 欢 吃 寿 司 。', '我 们 不 在 波 士 顿 。', '你 不 能 稍 微 笑 吗 ？', '汤 姆 就 是 走 了 ， 就 没 办 法 离 开 了 。', '我 们 门 被 锁 上 了 。', '我 不 要 照 顾 它 。', '我 有 女 儿 。', '我 拒 绝 被 当 孩 子 们 像 个 孩 子 。', '你 相 信 他 说 的 话 吗 ？', '右 转 。', '我 昨 天 收 到 了 她 的 信 。', '我 甚 至 不 知 道 汤 姆 走 了 。', '当 雨 发 现 的 是 一 个 月 份 , 可 能 在 被 用 的 地 方 。', '你 愿 意 去 哪 里 ?', '足 球 是 我 最 喜 欢 的 足 球 拍 。', '我 七 点 吃 早 餐 。', '拿 走 路 ， 它 花 很 容 易 。', '我 的 一 个 包 包 不 见 了 。', '汤 姆 在 学 校 里 很 多 问 题 。', '立 刻 派 人 去 请 医 生 来 。', '我 为 什 么 不 高 兴 呢 ？', '已 经 9 点 了 。', '闭 上 你 的 眼 睛 ， 把 眼 睛 睁 开 。', '她 不 如 果 那 样 有 罪 。', '你 很 难 看 。', '我 是 个 有 人 身 上 。', '我 以 前 从 没 听 过 那 个 地 方 的 名 字 。', '汤 姆 向 玛 丽 求 她 妈 回 来 的 地 方 。', '这 不 吃 任 何 东 西 。', '她 在 下 午 餐 后 打 扫 了 她 的 房 间 。', '他 的 银 行 里 有 很 多 钱 。', '他 们 有 时 候 ， 我 们 帮 不 想 要 帮 助 。', '谢 谢 你 邀 请 我 吃 晚 饭 。', '你 现 在 不 可 能 最 好 见 她 。', '我 认 为 我 明 白 了 。', '今 天 没 有 昨 天 潮 湿 。', '你 看 起 来 很 无 聊 。', '起 初 人 比 你 早 起 。', '他 的 胃 明 显 为 失 去 了 他 的 健 康 。', '西 兰 花 是 最 健 康 的 蔬 菜 之 一 。', '你 的 父 母 是 如 何 ？', '昨 晚 下 大 雨 。', '一 幅 画 是 一 个 很 好 的 画 。', '爱 迪 生 女 儿 把 一 个 世 界 上 的 女 性 使 用 于 女 孩 。', '我 一 直 想 做 。', '苹 果 落 的 地 方 都 被 我 吃 了 。', '日 本 是 一 种 中 文 。', '那 个 人 不 在 那 时 候 。', '比 起 小 心 的 高 ， 他 比 付 得 多 。', '你 会 游 泳 ， 不 会 吗 ？', '如 果 你 可 以 做 你 想 要 的 东 西 。', '钱 没 有 找 到 这 个 借 口 。', '他 们 所 有 的 人 都 失 败 了 。', '玛 丽 的 包 和 她 的 钱 包 出 来 了 。', '我 把 头 发 剪 头 发 了 。', '他 不 是 老 师 ， 而 是 教 师 。', '他 们 从 不 放 弃 。', '有 时 候 ， 孩 子 们 有 时 会 成 功 。', '那 是 吃 点 。', '他 习 惯 了 旅 行 。', '多 少 钱 啊 ！', '我 吃 了 啤 酒 ， 但 啤 酒 不 好 。', '您 曾 经 爬 过 飞 机 吗 ？', '我 们 在 一 家 工 厂 工 作 。', '汤 姆 想 谈 这 件 事 。', '你 喝 了 很 多 的 东 西 。', '那 条 河 的 水 很 少 。', '这 个 男 孩 子 很 懒 。', '我 在 国 外 出 国 。', '你 还 年 轻 得 到 太 多 了 ， 以 至 于 没 法 开 车 。', '我 痛 。', '你 不 要 喝 点 咖 啡 吗 ？', '汤 姆 想 介 意 。', '人 们 永 远 不 能 生 活 。', '汤 姆 不 能 相 信 他 做 到 了 。', '汤 姆 告 诉 我 我 好 自 己 。', '我 什 么 时 候 看 不 到 任 何 东 西 。', '他 们 交 通 办 了 婚 约 。', '这 件 衣 服 很 适 合 你 。', '我 们 没 时 间 。', '让 我 想 你 的 想 法 。', '我 希 望 汤 姆 的 健 康 是 错 的 。', '你 明 天 会 来 吗 ？', '我 不 喜 欢 就 这 样 。', '我 觉 得 这 个 问 题 很 容 易 。', '他 说 法 语 的 很 流 利 。', '跟 著 我 说 话 。', '你 怎 么 拼 你 的 名 字 ？', '在 十 月 十 日 开 始 就 开 始 了 。', '他 已 经 来 我 的 是 真 的 。', '我 觉 得 他 有 点 不 舒 服 。', '他 们 给 我 们 讲 了 一 个 有 趣 的 故 事 。', '她 不 想 这 么 多 。', '我 能 帮 你 。', '把 你 的 话 说 出 来 。', '我 想 这 是 真 的 。', '妈 妈 死 于 肺 癌 。', '我 不 确 定 汤 姆 会 游 泳 。', '你 能 把 你 的 自 行 车 借 给 我 吗 ？', '你 有 东 西 吗 ？', '她 住 在 一 个 小 房 子 里 的 故 事 。', '我 感 觉 不 舒 服 。', '我 觉 得 我 很 喜 欢 。', '当 她 听 到 这 个 消 息 时 ， 她 哭 了 。', '汤 姆 把 玛 丽 放 到 了 两 个 星 期 。', '让 我 进 去 。', '现 在 让 我 们 走 吧 。', '英 国 的 首 都 是 世 界 上 使 用 最 大 的 。', '我 回 来 的 迟 早 就 迟 了 。', '我 的 学 校 在 桌 上 。', '明 天 我 一 整 天 都 在 家 。', '你 以 前 去 买 那 种 方 式 是 你 应 该 买 的 吗 ？', '我 买 了 新 车 。', '这 条 河 的 水 干 了 。', '她 给 我 看 看 不 起 来 的 画 。', '我 什 么 都 没 抱 怨 。', '火 车 上 没 有 在 上 班 。', '一 切 都 把 黑 色 的 东 西 漆 成 一 切 。', '我 想 吃 点 东 西 。', '我 想 要 你 把 真 相 告 诉 我 。', '他 从 来 不 抽 烟 的 人 看 起 来 很 少 。', '能 不 能 请 你 等 几 分 钟 ？', '她 正 在 睡 觉 。', '他 的 书 一 点 也 不 有 趣 。', '我 不 知 道 我 有 没 有 时 间 。', '你 不 知 道 理 解 日 本 吗 ？', '我 每 天 早 上 6 点 叫 醒 他 。', '我 没 有 车 。', '很 明 显 的 是 它 发 生 了 。', '我 不 能 感 到 他 帮 助 。', '他 的 信 使 我 觉 得 我 新 容 易 。', '我 们 应 该 叫 警 察 来 。', '那 种 事 情 不 会 发 生 。', '你 最 喜 欢 什 么 事 情 ？', '她 只 是 个 孩 子 。', '他 父 亲 把 一 生 都 科 学 家 都 科 学 。', '汤 姆 是 坐 公 车 去 市 区 。', '我 们 不 在 看 不 。', '这 啤 酒 是 一 杯 啤 酒 。', '她 和 我 是 姐 弟 。', '你 应 该 做 的 。', '让 我 们 现 在 医 院 。', '请 把 瓶 子 打 开 。', '你 会 待 在 日 本 多 久 ？', '我 的 梦 想 是 成 为 一 名 教 师 。', '我 不 喜 欢 科 学 。', '这 本 字 典 是 我 的 。', '学 生 都 通 过 了 。', '我 和 她 没 有 共 同 之 处 。', '我 同 意 你 的 意 见 。', '这 不 是 我 惊 讶 。', '我 知 道 你 是 对 的 。', '我 遇 到 困 难 了 。', '汤 姆 把 他 的 车 停 在 公 车 上 了 。', '他 摘 下 了 眼 镜 。', '在 车 站 的 时 候 等 着 。', '他 们 总 是 被 要 说 话 的 人 。', '我 们 将 在 这 里 待 了 三 十 年 。', '我 们 的 队 部 分 是 很 棒 的 。', '没 什 么 是 我 什 么 都 没 有 。', '我 想 那 应 该 没 关 系 的 。', '他 说 他 有 能 力 主 要 完 成 这 个 文 章 。', '我 看 了 电 视 上 的 电 视 。', '请 坐 下 。', '他 独 自 生 活 。', '我 老 板 把 我 的 工 作 介 绍 给 老 板 。', '汤 姆 知 道 我 的 意 思 吗 ？', '你 哥 哥 伦 敦 ， 不 是 么 ？', '他 在 一 场 交 车 祸 中 被 车 撞 了 。', '不 要 站 着 。', '你 在 做 什 么 ？', '我 怎 么 能 解 汤 姆 ？', '如 果 你 计 划 去 玩 的 时 候 , 你 会 议 都 会 吃 惊 。', '他 的 数 学 不 值 得 尊 重 。', '汤 姆 被 当 选 手 。', '这 本 书 对 我 来 说 读 起 来 读 起 来 很 难 。', '她 是 个 孩 子 的 女 孩 。', '我 在 家 。', '他 们 不 能 有 人 想 要 那 么 大 。', '我 能 和 你 说 几 分 钟 话 吗 ？', '我 笑 了 。', '请 开 车 小 心 点 。', '我 厌 倦 了 看 电 视 。', '你 该 用 这 本 字 典 。', '汤 姆 让 玛 丽 不 知 道 他 的 派 对 。', '汤 姆 今 天 没 需 要 工 作 。', '你 的 测 验 怎 么 样 ？', '这 是 我 的 妻 子 。', '他 习 惯 了 旅 行 。', '汤 姆 不 习 惯 赤 脚 漫 步 。', '我 在 吃 米 饭 。', '你 打 算 出 国 吗 ？', '别 忘 了 刷 牙 。', '他 们 的 计 划 被 我 的 时 候 告 诉 了 他 们 。', '汤 姆 起 了 ， 不 是 么 ？', '汤 姆 已 经 很 好 了 。', '我 不 能 忍 受 他 的 钥 匙 。', '警 察 抓 了 他 的 包 。', '汤 姆 把 玛 丽 的 名 字 加 到 他 的 名 和 名 单 上 了 起 来 。', '这 让 我 高 兴 。', '您 准 备 好 了 吗 ？', '我 不 知 道 这 个 词 的 意 思 。', '有 什 么 事 是 你 不 能 做 的 吗 ？', '我 希 望 这 就 是 如 此 。', '书 桌 上 有 一 本 书 。', '那 个 责 任 对 很 有 兴 趣 。', '你 想 听 听 听 听 吗 ？', '我 太 年 轻 了 无 法 做 那 事 。', '他 爱 上 她 的 年 轻 人 满 足 。', '为 什 么 人 应 该 吃 惊 ？', '她 有 必 须 取 得 了 英 文 课 。', '医 生 正 在 检 查 一 个 人 的 工 作 。', '那 边 读 过 我 的 一 个 男 人 在 那 里 。', '你 的 行 为 非 常 注 意 到 的 行 李 。', '他 解 决 了 这 个 问 题 。', '这 场 可 能 是 一 场 令 人 难 的 事 情 。', '你 昨 天 跟 汤 姆 在 做 什 么 ？', '他 在 学 校 里 种 了 十 分 钟 。', '我 朋 友 很 多 帮 助 我 。', '我 在 做 什 么 能 看 到 。', '你 从 火 车 上 大 约 1 0 0 分 钟 能 开 始 的 事 。', '你 介 意 我 开 门 吗 ?', '我 朋 友 邀 我 共 赴 晚 餐 。', '我 们 看 来 知 道 正 在 哪 里 的 人 。', '她 给 自 己 所 有 的 人 保 护 这 个 。', '那 真 的 不 公 平 。', '他 们 给 我 为 了 一 个 大 利 的 故 事 。', '她 买 了 两 块 袜 子 。', '不 可 能 ！', '他 擅 长 驾 驶 。', '我 无 法 给 你 我 们 买 这 支 手 机 。', '" 你 知 道 他 什 么 时 候 接 手 回 来 吗 ? " " " " " 我 可 以 打 电 话 ， "', '我 总 是 喜 欢 听 音 乐 器 吗 ？', '我 怎 么 能 到 火 车 站 ？', '我 的 叔 叔 住 在 一 个 公 寓 里 。', '我 很 抱 歉 回 家 。', '我 大 象 不 喜 欢 大 象 。', '他 在 大 学 主 修 哲 学 。', '叫 什 么 名 字 ？', '我 没 写 信 ， 也 不 会 写 。', '汤 姆 在 镜 子 前 面 前 面 。', '我 解 决 这 个 问 题 。', '你 可 以 借 我 一 些 钱 吗 ?', '他 们 有 着 我 们 。', '他 偶 尔 会 来 拜 访 我 的 国 家 。', '我 的 故 事 都 告 诉 你 我 的 故 障 。', '汤 姆 没 有 告 诉 我 你 我 你 别 的 工 作 。', '我 们 可 能 需 要 一 些 东 西 。', '看 那 栋 房 子 。', '我 想 一 下 这 会 考 虑 。', '她 喜 欢 喝 酒 ， 啤 酒 。', '她 有 点 头 发 。', '昨 天 我 参 加 了 会 议 。', '我 不 知 道 怎 么 穿 过 这 么 多 衣 服 。', '你 要 在 这 儿 待 多 久 ， 就 留 下 来 。', '我 们 看 了 他 们 在 打 棒 球 。', '别 离 开 ！', '我 必 须 去 银 行 。', '我 父 亲 以 我 为 荣 。', '她 花 园 里 所 有 的 花 朵 都 在 花 园 里 。', '她 给 了 我 这 些 旧 闻 。', '我 们 这 栋 房 子 有 一 个 时 间 内 完 全 带 。', '我 们 看 见 房 间 里 面 向 小 孩 。', '洗 衣 服 是 我 的 工 作 。', '如 果 我 们 不 继 续 赶 路 ， 我 们 会 迟 到 的 。', '雪 被 雪 覆 盖 了 。', '你 们 两 个 认 为 他 做 这 个 班 ?', '她 开 始 唱 歌 。', '我 每 周 看 见 T o m 每 天 都 在 上 班 。', '你 唱 歌 就 像 一 样 。', '他 努 力 学 习 。', '这 是 我 的 妹 妹 。', '他 喜 欢 旅 行 。', '汤 姆 把 他 的 回 他 的 房 间 去 了 。', '他 对 你 生 气 很 生 气 。', '停 止 看 不 。', '你 没 必 要 这 么 大 声 。', '我 周 日 不 去 学 校 。', '她 还 没 有 结 婚 ， 我 的 妻 子 就 结 婚 。', '他 告 诉 我 真 相 ， 他 可 能 会 发 生 了 什 么 。', '别 让 我 一 个 人 离 开 这 儿 。', '他 骑 脚 踏 车 去 。', '我 想 和 汤 姆 一 起 走 。', '没 人 知 道 我 说 什 么 。', '火 警 一 点 。', '我 的 儿 子 别 留 下 了 一 个 人 。', '他 们 计 划 进 了 一 场 快 的 旅 馆 。', '你 现 在 在 说 甚 么 ？', '今 天 我 从 今 天 看 到 一 周 内 你 。', '他 迟 到 会 议 不 会 迟 到 。', '你 喜 欢 吃 什 么 比 萨 ？', '你 们 要 米 饭 吗 ？', '她 睡 著 了 。', '你 最 好 不 要 在 这 里 等 。', '让 我 留 在 这 个 。', '我 感 谢 您 。', '我 不 知 道 我 是 否 能 做 。', '他 跟 玛 丽 的 父 亲 一 个 大 约 常 高 。', '我 们 来 咖 啡 吧 。', '你 有 钱 吗 ？', '我 明 年 将 满 十 七 岁 。', '“ 他 明 天 去 游 泳 吗 ？ ” “ 没 错 ”', '我 们 有 一 个 特 别 的 情 。', '你 高 兴 吗 ？', '有 时 候 ， 我 会 打 扰 自 己 。', '她 照 顾 我 的 狗 。', '从 银 行 拿 起 来 。', '他 们 的 婚 礼 没 有 人 要 保 持 他 们 。', '我 要 用 这 个 吗 ？', '我 受 不 了 他 的 傲 慢 。', '请 带 我 看 看 四 处 。', '在 那 儿 有 一 张 火 车 的 大 声 。', '孩 子 们 不 要 在 天 黑 暗 中 出 去 。', '你 的 家 庭 好 吗 ?', '她 收 入 了 一 张 圆 的 礼 物 。', '汤 姆 真 的 很 想 要 玛 丽 买 一 些 钱 。', '早 餐 从 九 点 开 始 。', '我 宁 愿 跟 你 一 起 走 。', '你 在 看 什 么 ？', '不 要 放 任 何 东 西 在 箱 子 上 面 。', '汤 姆 已 经 失 去 学 习 法 语 的 兴 趣 。', '还 有 几 个 月 ， 电 话 可 能 还 是 个 。', '她 亲 吻 他 的 脸 颊 。', '这 个 湖 里 有 很 多 鱼 。', '我 和 她 的 丈 夫 一 个 工 作 。', '她 嫁 给 了 一 个 有 钱 的 男 人 。', '他 们 很 担 心 。', '我 不 在 乎 视 。', '如 果 你 不 去 ， 我 就 会 回 来 。', '你 不 必 要 马 上 通 意 。', '让 我 怀 疑 他 的 意 见 了 我 。', '在 日 本 的 人 说 西 班 牙 语 。', '她 很 快 地 赶 时 间 。', '他 常 常 在 读 书 很 多 读 书 。', '我 做 得 很 失 去 。', '不 要 把 电 视 关 掉 。', '你 跟 谁 说 话 呢 ？', '我 和 他 的 员 打 网 球 比 赛 。', '我 认 为 我 能 够 理 解 决 这 件 事 。', '在 某 种 程 度 上 ， 但 是 一 个 优 秀 的 人 都 是 身 边 。', '许 多 人 说 服 了 许 多 人 。', '谁 喜 欢 说 金 ？', '哪 本 书 比 较 好 ？', '谁 教 你 老 师 是 英 语 ？', '晚 上 好 。', '你 能 在 这 里 签 名 吗 ？', '警 察 盘 子 指 责 备 了 。', '你 在 这 里 做 什 么 ？', '为 什 么 你 这 么 早 来 这 里 ？', '我 发 现 这 个 男 孩 睡 着 了 。', '今 晚 你 晚 可 以 吃 晚 饭 吗 ？', '你 有 铅 笔 吗 ？', '他 不 知 道 如 何 游 泳 。', '干 嘛 那 么 麻 烦 ?', '在 下 一 个 转 角 右 转 。', '不 要 担 心 这 样 的 事 情 。', '我 能 发 生 这 一 点 。', '我 们 在 聚 会 上 玩 得 很 开 心 。', '我 们 停 止 住 了 视 线 。', '她 的 皮 肤 比 ， 可 能 是 个 漂 亮 的 。', '我 父 亲 不 能 修 理 。', '他 一 直 在 两 次 世 界 里 ， 以 两 次 已 经 上 两 次 了 。', '我 受 不 了 它 。', '你 上 次 见 汤 姆 的 时 候 了 吗 ？', '我 没 有 必 要 分 特 别 的 感 觉 是 不 是 有 空 。', '春 天 就 要 来 了 。', '汤 姆 是 个 大 利 兴 趣 的 男 友 。', '我 能 回 答 所 有 的 问 题 。', '火 总 是 火 消 失 的 。', '我 累 死 了 。', '我 能 看 看 您 的 护 照 吗 ？', '我 们 的 意 见 很 重 要 。', '习 惯 在 公 司 中 央 和 旅 行 。', '你 可 以 把 我 的 行 李 箱 拿 到 我 的 行 李 吗 ?', '他 是 我 的 一 个 包 。', '每 个 人 都 坐 在 他 的 图 片 里 装 满 了 他 的 脸 。', '在 日 本 的 年 轻 人 学 习 现 在 在 在 开 始 上 学 。', '几 间 小 屋 里 有 了 我 们 的 房 间 。', '玛 丽 买 了 一 条 新 裙 子 给 她 。', '我 放 学 后 会 做 我 的 功 课 。', '可 以 不 要 行 吗 ？', '在 新 加 坡 的 街 上 被 暴 风 雨 袭 击 。', '随 心 就 自 己 做 。', '法 国 在 1 9 6 年 前 建 立 。', '我 对 他 们 的 任 何 事 都 不 知 道 。', '汤 姆 很 忙 。', '这 是 我 的 工 作 。', '请 给 我 一 杯 水 。', '你 周 末 要 做 什 么 ?', '她 派 他 做 这 个 工 作 。', '他 的 计 划 是 危 险 的 。', '我 想 和 汤 姆 一 起 ， 但 你 想 聊 得 。', '我 觉 得 这 本 书 非 常 有 趣 。', '有 些 事 要 做 的 事 。', '你 是 有 人 来 见 过 这 里 吗 ？', '请 脱 掉 你 的 鞋 子 。', '波 士 顿 是 个 很 棒 的 城 市 。', '我 从 树 上 唱 。', '我 认 为 我 们 不 该 再 相 信 汤 姆 做 了 。', '他 们 因 为 风 暴 停 了 ， 所 以 他 迟 到 了 。', '他 不 会 长 生 活 。', '为 什 么 你 不 再 试 一 下 ？', '你 不 会 做 什 么 高 兴 。', '我 们 应 该 来 接 受 医 生 。', '别 再 住 了 ！', '我 的 钢 琴 弹 得 这 种 态 度 不 好 玩 。', '汤 姆 帮 玛 丽 不 会 让 他 那 样 做 。', '所 有 你 能 做 的 就 是 等 待 。', '你 要 赶 快 些 。', '他 有 英 语 和 一 个 很 好 的 英 语 言 。', '手 表 当 了 ！', '我 只 要 注 意 它 。', '您 去 俱 乐 部 哪 个 俱 乐 部 吗 ？', '这 件 事 弄 得 大 家 很 重 要 。', '汤 姆 想 到 了 很 多 时 间 。', '没 有 人 几 乎 她 所 有 人 。', '走 进 步 吧 。', '我 不 想 误 导 任 何 人 。', '你 觉 得 日 本 人 怎 么 样 ？', '数 据 所 有 的 人 在 树 性 使 用 于 动 物 上 。', '那 位 老 人 独 自 生 活 。', '早 上 好 得 很 好 。', '我 的 手 指 责 任 在 火 车 上 被 偷 了 。', '你 应 该 照 顾 她 的 母 亲 。', '请 现 在 就 没 有 任 何 关 系 。', '那 条 路 是 一 个 很 棒 的 。', '跟 你 没 关 系 。', '他 可 能 改 变 他 的 想 法 。', '每 个 人 都 有 时 候 ， 又 开 始 轻 松 了 。', '这 个 名 字 是 一 种 被 用 的 名 字 。', '你 们 来 这 儿 干 嘛 ？', '我 们 什 么 时 候 要 去 ？', '你 不 在 那 儿 。', 'T o m 知 道 我 有 了 解 汤 姆 。', '我 们 今 天 必 须 在 公 园 里 遇 到 一 个 老 人 。', '我 要 了 点 东 西 。', '我 不 知 道 他 们 是 否 会 离 开 的 。', '我 明 年 想 出 国 留 学 。', '我 在 聚 会 上 主 要 问 汤 姆 。', '婴 儿 正 在 摇 篮 里 睡 觉 。', '我 可 能 犯 了 个 错 。', '他 在 打 字 典 。', '她 数 学 是 一 个 数 学 生 。', '他 们 在 花 园 里 种 花 朵 。', '英 国 是 一 种 很 多 国 家 的 学 生 。', '我 会 游 泳 。', '我 认 为 你 们 会 好 吗 ？', '汤 姆 想 知 道 玛 丽 有 个 男 孩 是 否 有 想 要 的 错 误 。', '下 周 开 始 。', '你 应 该 更 努 力 学 习 。', '你 太 小 了 。', '他 和 他 的 公 共 场 合 相 处 。', '你 会 开 车 ， 不 是 吗 ？', '你 可 能 听 到 它 。', '请 尽 快 回 来 。', '他 还 没 在 这 儿 。', '汤 姆 在 饭 后 不 打 算 吃 了 这 个 火 鸡 蛋 糕 。', '湖 上 的 冰 湖 很 冰 。', '他 比 以 其 他 的 长 得 多 了 。', '汤 姆 被 玛 丽 的 背 景 点 儿 没 有 。', '汤 姆 不 是 个 好 人 。', '我 今 晚 要 看 电 视 。', '我 不 知 道 这 个 词 的 意 思 。', '他 卖 了 房 子 的 时 候 。', '小 屋 里 的 必 须 有 一 点 大 小 说 。', '你 故 意 犯 了 ， 不 是 吗 ？', '你 不 应 该 离 开 这 个 房 间 。', '你 有 一 个 人 吗 ？', '我 会 给 你 所 知 道 的 。', '你 可 以 选 择 任 何 你 们 。', '这 张 红 色 的 头 发 是 一 种 明 的 。', '我 期 望 你 的 帮 助 。', '她 看 起 来 很 快 乐 。', '你 想 跟 我 们 一 起 吃 晚 饭 吗 ？', '我 们 能 在 私 下 说 法 语 吗 ？', '你 是 个 高 中 生 吗 ？', '他 们 午 饭 吃 了 午 饭 。', '我 喜 欢 茶 胜 过 咖 啡 。', '我 不 想 再 想 再 见 你 了 。', '约 有 四 个 人 在 短 的 短 件 事 。', '我 有 一 条 道 歉 。', '汤 姆 必 须 去 波 士 顿 学 习 。', '我 觉 得 我 找 到 了 这 个 答 案 。', '我 们 保 持 安 静 。', '她 怕 过 马 路 。', '你 总 是 忙 。', '打 断 我 们 的 谈 话 不 可 。', '你 应 该 预 约 。', '你 周 日 不 必 去 学 校 。', '比 平 常 年 轻 人 喜 欢 待 在 夜 。', '我 看 见 她 应 该 在 医 生 看 那 样 的 医 生 。', '他 女 朋 友 发 现 他 的 名 字 。', '我 们 应 该 去 哪 个 ？', '您 有 任 何 药 物 理 吗 ？', '她 是 一 个 漂 亮 的 女 孩 。', '她 弹 钢 琴 ， 他 弹 得 很 好 。', '留 着 一 下 你 的 眼 睛 。', '我 妹 妹 常 和 你 的 牛 奶 。', '我 通 常 十 一 点 上 床 睡 觉 。', '人 们 很 容 易 就 能 找 到 他 们 的 秘 密 。', '你 失 去 了 吗 ？', '我 打 算 有 一 个 小 孩 。', '汤 姆 走 神 了 。', '无 论 你 去 哪 里 ， 我 都 会 跟 著 你 。', '它 留 在 书 的 原 因 。', '你 认 为 他 是 怎 么 想 的 ？', '你 有 紧 张 眼 睛 ， 不 是 吗 ？', '汤 姆 希 望 我 留 在 他 家 里 。', '你 知 道 怎 么 样 读 日 本 书 ？', '我 已 婚 。', '他 们 在 学 校 老 是 被 朋 友 们 成 为 了 第 一 名 。', '我 昨 天 很 冷 ， 所 以 我 待 在 家 。', '这 是 一 个 礼 物 给 你 的 。', '我 说 她 是 被 说 的 。', '我 猜 想 他 是 对 的 。', '绳 子 抓 住 了 一 只 鸟 。', '请 为 主 意 时 候 跳 舞 。', '汤 姆 想 玛 丽 不 是 孩 子 。', '他 们 指 责 我 没 有 想 过 他 们 的 事 。', '我 希 望 你 很 快 就 会 好 起 来 。', '到 你 的 时 候 ， 以 见 到 你 。', '不 要 把 这 里 丢 掉 。', '你 把 手 放 在 桌 子 上 。', '你 觉 得 我 在 干 什 么 呢 ？', '好 想 见 到 你', '门 铃 响 了 ， 我 的 就 是 门 油 。', '这 是 一 个 很 高 的 城 市 。', '汤 姆 把 书 放 在 了 书 架 上 。', '我 爱 自 己 。', '不 管 是 很 棒 的 ， 但 每 天 气 将 准 备 好 了 。', '他 看 来 有 点 累 。', '我 准 时 到 校 。', '很 遗 憾 你 不 能 来 这 个 派 对 。', '请 您 把 那 扇 窗 户 关 起 来 好 吗 ？', '她 把 所 有 的 人 都 放 弃 了 她 。', '我 认 为 汤 姆 可 能 不 会 去 做 那 事 。', '他 是 一 个 好 的 家 人 。', '早 餐 是 从 波 士 顿 吃 的 吗 ？', '生 日 星 期 在 我 的 名 字 。', '从 这 儿 远 离 开 远 ？', '他 们 两 个 房 间 里 都 是 加 拿 大 的 。', '汤 姆 再 也 不 会 见 你 了 。', '我 请 问 她 等 一 下 。', '他 假 装 听 不 见 我 说 。', '我 们 不 能 担 心 它 的 错 误 。', '汤 姆 喜 欢 很 多 种 颜 色 。', '你 能 借 我 这 本 书 吗 ？', '我 将 在 三 天 后 还 要 待 这 里 。', '你 的 理 论 比 他 的 快 用 。', '没 有 他 的 失 败 了 他 的 感 动 。', '别 再 说 话 了 。', '我 想 复 习 英 语 。', '他 给 我 了 一 张 卡 片 。', '我 没 跟 她 一 起 走 。', '他 晚 饭 后 没 有 注 意 到 的 时 间 。', '我 总 是 忘 记 你 的 总 统 。', '我 怎 么 付 钱 ？ 这 个 问 题 都 要 付 费 用 的 ？', '我 不 能 永 远 地 告 诉 你 的 眼 镜 。', '许 多 人 参 加 了 伦 敦 。', '数 学 是 我 最 喜 欢 的 科 目 。', '我 们 讨 论 它 吧 。', '这 男 孩 要 黑 暗 中 身 上 。', '他 对 自 己 的 房 子 非 常 洗 。', '请 打 开 收 音 机 。', '他 开 车 去 波 士 顿 。', '我 在 欧 洲 的 假 期 中 出 去 。', '这 看 来 你 和 前 一 样 的 长 时 间 就 结 婚 了 。', '我 想 弹 吉 他 。', '我 有 一 辆 新 车 。', '你 买 了 什 么 ？', '你 不 知 道 ， 是 什 么 意 思 吗 ？', '这 不 是 一 句 话 。', '日 本 的 石 油 依 靠 进 口 。', '他 反 对 种 族 歧 视 。', '汤 姆 刚 从 邮 局 回 来 。', '情 况 越 来 越 糟 糕 。', '汤 姆 想 跟 玛 丽 说 话 ， 我 想 跟 着 。', '你 总 是 必 须 遵 守 实 话 。', '我 们 有 个 问 题 。', '我 弟 弟 喜 欢 看 电 影 。', '我 喜 欢 跑 步 。', '我 们 真 的 玩 玩 的 很 开 心 。', '你 的 手 表 多 少 钱 ？', '我 们 将 于 这 个 月 和 三 十 分 处 理 。', '我 恐 怕 您 已 经 见 到 了 。', '一 场 毁 灭 性 的 房 子 被 盗 窃 了 。', '汤 姆 在 夜 晚 工 作 。', '你 保 证 ？', '我 还 没 找 到 工 作 。', '收 音 机 开 大 声 一 点 。', '我 不 知 道 要 搭 公 车 。', '你 知 道 很 多 关 于 汤 姆 的 知 道 。', '你 电 话 号 码 是 多 少 ？', '他 总 是 让 我 们 清 扫 房 间 。', '你 还 是 依 然 的 邮 票 吗 ？', '他 的 照 片 在 墙 上 挂 着 。', '他 迟 早 会 回 来 的 。', '你 应 该 六 点 前 开 始 。', '我 在 冬 季 生 病 。', '如 果 你 需 要 我 的 建 议 ， 我 借 你 一 本 字 典 。', '我 能 试 一 下 这 件 外 套 吗 ？', '我 做 了 一 个 重 要 的 时 候 被 重 要 。', '你 很 衬 衫 。', '我 在 咖 啡 上 加 些 奶 油 。', '汤 姆 不 懂 这 个 。', '最 近 的 电 话 亭 在 哪 里 ？', '汤 姆 害 羞 。', '这 是 她 住 的 房 子 。', '我 认 为 汤 姆 吃 了 这 个 披 萨 。', '这 个 能 很 好 。', '你 能 把 你 的 自 行 车 借 给 我 一 辆 自 行 车 吗 ？', '我 一 点 都 不 懂 。', '她 也 许 来 。', '你 知 道 怎 么 跳 舞 吗 ？', '你 能 想 等 吗 ？', '它 真 的 很 漂 亮 。', '你 有 一 台 相 机 吗 ？', '上 周 日 只 飞 机 一 直 在 飞 行 。', '我 会 很 快 让 你 回 家 。', '你 的 脚 踏 车 和 我 的 相 似 。', '昨 天 我 叫 了 他 的 昨 天 。', '她 不 停 地 工 作 。', '洗 你 的 洗 步 。', '他 可 能 已 经 离 开 了 。', '我 不 想 再 去 那 里 了 。', '我 跑 得 尽 可 能 快 。', '事 实 上 ， 这 个 性 情 况 性 还 是 古 怪 。', '你 和 我 是 好 朋 友 。', '你 问 了 许 多 问 题 。', '她 七 点 起 床 。', '房 间 里 没 有 人 。', '汤 姆 认 识 玛 丽 的 那 些 法 语 。', '我 电 脑 没 有 脑 。', '汤 姆 把 蛋 糕 吃 了 蛋 糕 吃 。', '他 每 天 早 上 喂 过 狗 。', '让 我 给 你 一 些 茶 。', '我 喜 欢 打 网 球 ， 又 打 高 尔 夫 球 。', '她 大 约 跟 我 同 年 纪 。', '我 无 法 举 起 我 的 右 手 臂 。', '有 一 家 公 园 。', '你 不 必 马 上 玩 。', '她 生 活 很 孤 独 。', '他 看 了 我 的 报 告 。', '我 今 天 早 上 吃 了 面 包 。', '我 昨 天 被 这 场 见 过 了 生 活 。', '汤 姆 没 有 参 加 会 议 。', '我 们 对 他 期 望 很 高 。', '我 已 经 到 达 了 时 候 ， 她 已 经 到 了 。', '他 还 在 这 里 。', '我 爱 上 爱 。', '“ 你 在 哪 儿 ？ ” “ 我 家 ？ ” “ 我 一 个 朋 友 是 谁 。 ”', '你 失 去 了 吗 ？', '跟 我 一 起 来 吧 。', '可 以 开 窗 。', '她 的 钢 琴 比 漂 亮 。', '你 有 时 间 表 现 在 多 时 间 吗 ？', '她 收 到 了 他 。', '许 多 孩 子 在 工 作 的 电 视 节 目 有 关 注 。', '没 有 比 她 的 好 处 就 更 好 了 。', 'T o m 对 烹 饪 很 在 行 。', '我 不 认 为 汤 姆 能 了 解 它 。', '一 年 的 手 表 现 在 在 这 里 一 点 钟 。', '你 是 你 自 己 最 大 的 敌 人 。', '他 这 个 人 很 难 相 处 。', '我 不 喜 欢 走 路 。', '这 个 婴 儿 一 整 夜 都 在 哭 。', '我 想 给 他 们 一 些 帮 助 。', '汤 姆 希 望 他 没 有 来 会 来 。', '汤 姆 拒 绝 回 答 答 所 有 的 问 题 。', '我 们 有 一 样 的 时 间 在 同 一 起 了 。', '我 不 喜 欢 寿 司 。', '她 在 1 9 6 年 里 的 英 语 就 有 足 够 的 时 候 支 持 她 。', '这 里 是 温 暖 的 地 方 。', '我 的 鞋 子 比 你 的 好 。', '我 爸 爸 正 在 浴 室 里 洗 车 。', '全 体 育 通 过 国 家 来 了 。', '把 所 有 的 老 师 都 和 住 在 一 起 。', '让 他 们 照 顾 好 自 己 。', '不 好 意 思 ， 你 能 再 说 一 遍 吗 ？', '他 跟 他 爸 爸 一 样 高 。', '这 是 一 个 舒 适 的 椅 子 。', '手 举 起 来 。', '我 的 手 指 头 睡 着 了 。', '这 个 男 孩 从 树 上 的 死 亡 。', '你 让 我 知 道 汤 姆 什 么 时 候 来 吗 ？', '我 不 喜 欢 茶 。', '她 给 我 泡 了 茶 。', '他 在 一 场 意 外 中 失 去 了 他 的 视 力 。', '今 天 早 上 6 点 起 床 。', '汤 姆 是 个 拉 小 提 琴 。', '你 该 剪 头 发 了 。', '你 的 狗 在 哪 里 ？', '我 们 早 餐 吃 什 么 ？', '我 喜 欢 搭 飞 机 旅 行 。', '她 昨 天 买 了 一 台 新 的 书 机 。', '我 到 家 去 海 边 回 事 情 。', '汤 姆 是 个 有 趣 的 人 。', '我 在 门 口 。', '我 和 汤 姆 说 了 话 。', '现 在 您 忙 吗 ？', '我 头 痛 得 很 好 。', '我 不 记 得 他 们 的 名 字 。', '很 少 人 活 到 1 0 0 岁 。', '她 走 过 去 了 高 兴 。', '我 不 认 为 汤 姆 的 生 意 了 甚 么 。', '我 准 时 到 达 了 火 车 站 。', '他 对 非 常 有 益 。', '你 和 汤 姆 都 是 玛 丽 的 两 个 男 友 。', '几 天 之 间 已 经 完 成 了 。', '他 的 理 论 很 难 懂 。', '他 看 来 很 明 显 ， 生 活 。', '你 的 声 音 很 愉 快 。', '你 什 么 时 候 开 始 这 里 的 ？', '我 的 手 指 望 他 能 不 足 球 。', '我 有 很 长 的 时 间 没 有 见 到 你 了 。', '这 个 故 事 是 真 的 。', '他 坐 在 长 椅 上 。', '我 宁 愿 搭 飞 机 在 公 司 上 海 。', '我 们 知 道 你 什 么 时 候 会 到 的 。', '我 不 明 白 他 的 想 法 。', '她 让 我 等 了 半 小 时 。', '他 以 前 有 个 很 多 友 邮 票 。', '他 已 经 被 解 释 了 。', '请 把 银 行 去 。', '我 不 能 把 你 父 母 来 自 己 在 这 里 。', '门 儿 没 有 一 个 孩 子 的 把 门 开 着 。', '我 不 知 道 汤 姆 能 不 能 帮 我 们 。', '那 些 钱 不 能 买 到 一 个 人 的 钱 包 。', '他 不 知 道 为 什 么 没 有 人 来 打 扰 我 。', '他 告 诉 我 他 很 忙 。', '这 张 桌 子 是 木 制 的 。', '你 可 以 告 诉 我 要 怎 么 去 火 车 站 吗 ?', '这 是 汤 姆 清 扫 房 间 。', '你 知 道 那 张 相 机 的 男 孩 吗 ?', '她 把 生 活 在 她 的 玩 具 上 升 。', '你 能 不 说 谎 ， 但 是 因 为 你 自 己 人 能 够 负 责 任 。', '伦 敦 是 一 名 古 屋 。', '别 进 入 室 里 。', '你 为 什 么 在 看 我 ？', '他 喜 欢 很 热 的 科 学 。', '他 最 近 去 世 了 。', '他 们 有 可 能 会 发 生 了 什 么 。', '我 不 知 道 那 个 女 人 真 的 很 认 识 。', '这 不 是 我 的 。', '让 我 们 知 道 你 们 来 。', '我 刚 才 是 她 的 钱 。', '你 怎 么 得 孩 子 的 行 李 照 顾 你 的 ？', '他 的 说 ， 但 他 很 有 钱 包 。', '不 是 一 个 晚 人 的 ， 而 是 因 为 没 有 。', '他 经 常 搭 公 车 上 学 。', '我 们 用 心 情 况 不 同 意 。', '你 为 什 么 要 问 题 ？', '她 很 快 ， 但 她 的 是 她 的 妹 妹 有 。', '警 察 起 来 。', '你 觉 得 这 个 计 划 如 何 ?', '她 似 乎 已 经 不 去 世 了 。', '我 差 点 被 一 辆 汽 车 撞 上 了 。', '你 现 在 可 以 住 口 。', '那 么 吃 的 话 ， 吃 坏 的 话 就 吃 坏 了 。', '那 个 能 够 出 一 个 的 人 的 工 作 吗 ？', '我 希 望 玛 丽 发 现 了 文 件 。', '他 不 知 道 那 件 事 。', '我 爸 爸 有 1 0 0 0 美 元 。', '这 个 男 孩 正 在 玩 具 。', '我 的 父 亲 患 上 了 重 感 冒 。', '他 知 道 如 何 游 泳 。', '我 要 告 诉 汤 姆 。', '看 那 个 男 孩 看 着 。', '我 打 电 话 给 她 。', '我 问 题 是 一 个 解 决 的 问 题 。', '他 几 乎 每 天 来 这 里 。', '她 从 火 车 上 湿 了 。', '他 很 快 回 家 。', '这 只 鸟 是 一 种 非 常 悲 伤 的 画 。', '汤 姆 在 学 校 ， 不 是 么 ？', '她 看 起 来 不 讨 厌 你 。', '我 能 问 你 们 一 些 问 题 吗 ？', '让 我 买 给 你 一 个 东 西 。', '我 想 现 在 最 好 的 旅 行 。', '它 是 用 政 治 家 吗 ？', '他 们 看 了 电 视 上 的 棒 球 比 赛 。', '你 有 几 页 犯 了 不 错 的 错 误 。', '没 有 学 生 们 。', '你 告 诉 我 汤 姆 和 约 会 是 谁 ？', '我 不 喜 欢 去 学 校 。', '这 首 歌 都 是 唱 歌 的 。', '它 很 棒 。', '现 在 都 不 同 样 的 事 。', '这 封 信 寄 错 了 。', '这 个 老 得 快 乐 。', '你 想 成 为 什 么 护 士 ？', '努 力 工 作 和 你 一 个 努 力 工 作 。', '不 论 她 都 去 过 那 儿 ， 而 不 是 因 为 她 所 有 人 都 喜 欢 去 。', '我 们 跟 他 谈 了 这 个 计 划 。', '汤 姆 看 他 不 像 他 长 那 样 高 。', '我 知 道 汤 姆 会 让 你 幸 福 的 。', '这 辆 公 车 客 满 了 吗 ？', '他 现 在 在 开 车 到 九 点 钟 。', '今 晚 我 们 要 去 看 电 影 怎 么 样 ？', '他 正 吃 著 一 个 苹 果 。', '他 没 有 听 见 他 的 名 字 。', '汤 姆 能 游 得 我 们 一 样 快 。', '戒 烟 很 难 。', '我 现 在 正 在 休 息 一 下 。', '据 我 的 英 语 说 ， 我 的 是 一 种 错 误 的 。', '他 做 得 到 了 一 个 好 的 成 功 。', '这 是 胡 同 的 。', '汤 姆 有 一 个 很 多 才 能 。', '让 我 送 一 个 问 题 。', '从 火 车 上 离 开 这 个 村 子 。', '你 认 为 有 没 有 能 够 的 能 力 吗 ？', '全 世 界 有 一 种 最 大 的 语 言 和 英 语 言 。', '我 们 在 这 里 做 甚 么 。', '没 有 什 么 话 ， 今 天 也 没 有 很 幸 福 。', '林 肯 总 统 在 六 十 年 轻 松 。', '我 前 几 天 丢 了 我 的 照 相 机 。', '我 不 能 回 答 所 有 的 问 题 。', '我 喜 欢 队 长 。', '他 是 个 胆 小 鬼 。', '你 以 前 知 道 前 做 什 么 了 吗 ？', '我 想 要 一 边 站 在 沙 滩 上 。', '她 穿 了 一 件 白 色 的 洋 装 。', '玛 丽 把 门 关 上 。', '她 正 走 路 。', '我 想 跟 汤 姆 一 样 高 。', '他 的 班 里 充 满 了 饥 饿 。', '放 松 一 下 。', '那 个 意 见 是 你 的 想 法 ？', '汤 姆 在 哈 佛 大 学 学 习 。', '我 该 去 睡 觉 了 。', '我 是 个 高 中 生 。', '我 不 明 白 出 什 么 意 思 。', '对 于 我 来 说 ， 我 很 抱 歉 。', '拿 走 路 ， 它 花 很 容 易 。', '我 累 死 了 。', '她 非 常 漂 亮 。', '我 今 天 下 午 可 以 去 游 泳 吗 ?', '行 动 比 语 言 更 响 亮 。', '他 去 美 国 读 书 了 。', '出 门 之 后 你 不 必 要 忘 了 。', '她 下 楼 来 了 。', '你 不 可 以 马 上 两 次 这 种 事 。', '他 不 会 说 她 戒 烟 。', '因 为 我 的 工 作 不 能 领 带 ， 所 以 我 的 工 作 。', '你 为 什 么 想 杀 我 ？', '游 泳 很 容 易 。', '做 完 了 更 多 的 事 。', '我 想 我 会 很 快 就 会 在 哪 里 见 到 你 。', '我 会 告 诉 汤 姆 一 会 到 那 里 。', '他 在 下 午 三 个 月 前 离 开 了 这 个 房 间 。', '你 有 它 吗 ？', '他 不 喜 欢 被 人 记 忆 。', '我 不 确 定 汤 姆 要 帮 助 。', '冬 天 就 在 转 角 处 。', '有 人 在 看 著 有 人 。', '我 刚 刚 做 完 了 我 的 功 课 。', '好 的 记 忆 力 很 好 。', '请 说 慢 一 点 。', '她 是 我 的 父 母 还 是 老 族 。', '汤 姆 知 道 他 的 任 何 人 。', '她 的 新 衣 服 想 是 一 件 新 衣 服 。', '这 个 药 很 有 趣 。', '他 说 明 并 不 清 楚 。', '我 能 怎 么 样 ？', '我 对 这 个 问 题 感 到 非 常 困 惑 。', '他 国 外 学 习 了 。', '那 只 是 一 场 电 视 可 能 已 经 看 过 了 。', '我 们 知 道 你 们 吗 ？', '当 然 ， 我 是 新 的 。', '你 要 在 电 话 的 东 西 。', '一 打 电 话 号 码 。', '食 物 怎 么 样 ？', '那 么 学 校 ， 不 是 吗 ？', '我 知 道 他 的 是 我 的 想 法 。', '汤 姆 被 暴 风 雨 过 后 面 被 卡 车 撞 了 。', '他 同 样 的 答 案 了 同 样 的 答 案 。', '上 个 男 孩 把 他 的 袜 子 穿 反 了 。', '这 里 的 两 个 星 期 我 不 必 这 里 。', '他 把 他 的 成 功 归 功 于 好 运 。', '这 里 发 生 的 事 情 多 少 都 多 少 。', '你 耐 心 不 耐 心 。', '对 你 说 感 到 。', '你 吃 过 午 饭 了 吗 ？', '这 封 信 是 完 成 的 。', '我 担 心 我 的 体 重 。', '请 你 把 盐 递 给 我 好 吗 ？', '你 很 聪 明 。', '京 都 不 值 得 一 点 也 不 要 冷 。', '圣 诞 节 快 到 了 ， 不 是 吗 ？', '只 有 一 万 日 元 。', '你 戴 上 了 帽 子 。', '我 每 天 洗 一 次 澡 。', '我 早 餐 前 要 早 餐 。', '把 钥 匙 带 来 。', '你 能 在 旅 行 动 物 上 开 车 吗 ？', '在 新 的 时 候 ， 我 的 百 分 之 间 有 内 投 入 。', '不 管 是 说 清 楚 的 健 康 是 重 要 。', '请 不 要 这 样 说 。', '因 为 他 的 迟 到 了 下 雪 。', '我 不 喜 欢 吃 鸡 蛋 。', '我 昨 天 在 看 一 个 小 说 的 英 语 。', '我 的 儿 子 和 他 的 儿 子 都 是 个 女 儿 。', '我 会 留 在 这 个 工 作 。', '你 卖 报 纸 吗 ？', '你 可 以 弹 钢 琴 吗 ？', '多 少 钱 ？', '不 要 听 她 。', '你 就 是 说 的 那 个 ？', '这 本 书 很 容 易 读 。', '我 无 法 再 忍 受 这 种 痛 苦 。', '汤 姆 以 前 从 我 身 上 没 去 过 我 。', '昨 晚 我 累 得 很 累 。', '请 你 快 点 好 吗 ？', '他 明 天 可 能 能 来 。', '水 星 是 我 们 所 有 的 鱼 子 。', '你 怎 么 从 你 的 房 间 里 出 去 了 ？', '她 工 作 做 得 乱 七 八 糟 。', '六 只 鸟 被 人 参 加 了 那 个 河 流 。', '不 要 听 到 电 话 ， 你 在 关 小 声 音 。', '我 不 认 为 他 会 同 意 。', '没 有 时 间 。', '他 每 天 都 跑 步 。', '我 们 找 不 到 汤 姆 。', '天 空 变 得 越 来 越 暗 了 。', '我 们 几 乎 被 淹 死 了 。', '你 没 有 告 诉 我 玛 丽 的 狗 。', '那 就 是 汤 姆 需 要 的 。', '在 人 们 中 ， 只 会 改 变 我 们 的 第 一 个 人 的 工 作 ， 而 且 拒 绝 对 待 着 快 乐 会 议 。', '我 想 去 游 泳 。', '还 太 晚 了 。', '这 是 我 的 地 址 。', '我 们 家 有 趣 的 新 电 脑 。', '我 应 该 做 的 。', '我 们 欠 你 一 个 道 歉 的 。', '这 不 是 一 个 好 主 意 。', '我 想 要 它 。', '玩 笑 。', '让 我 们 来 胡 子 吧 。', '我 的 叔 叔 没 写 信 给 我 。', '他 曾 经 去 北 海 道 。', '我 不 去 。', '他 扔 了 块 石 头 到 狗 。', '他 上 星 期 五 年 出 生 于 1 7 6 年 。', '我 在 这 份 工 作 是 困 难 的 。', '他 扔 一 块 石 头 到 池 塘 里 。', '有 人 喜 欢 夏 天 ， 其 他 人 喜 欢 巧 克 力 。', '她 穿 著 黑 色 的 衣 服 是 一 件 衣 服 。', '你 有 什 么 事 发 现 吗 ？', '我 让 他 在 这 里 等 。', '第 一 印 象 转 动 了 。', '我 年 轻 人 很 年 轻 。', '不 要 打 开 此 门 。', '你 明 天 能 在 做 什 么 ？', '你 不 应 该 出 去 。', '你 认 为 动 物 有 灵 魂 吗 ？', '我 喜 欢 狗 ， 但 我 们 更 喜 欢 猫 。', '我 一 到 车 站 的 路 程 。', '我 知 道 你 忙 。', '我 爸 爸 有 1 0 个 大 利 亚 去 澳 洲 。', '我 喜 欢 做 我 的 功 课 。', '房 间 里 没 有 提 供 所 有 的 家 具 。', '我 错 过 了 火 车 。', '在 别 忘 了 下 床 上 。', '猫 在 桌 子 底 下 。', '有 些 人 可 能 确 定 地 方 。', '汤 姆 什 么 时 候 被 解 雇 的 ?', '我 再 同 意 你 不 过 了 。', '我 们 希 望 你 会 很 高 兴 。', '那 是 一 个 月 前 应 该 在 一 个 球 上 出 生 的 人 。', '一 万 日 元 够 吗 ？', '我 从 没 穿 过 他 的 衣 服 。', '我 喜 欢 这 个 。', '我 在 聚 会 上 没 了 。', '为 什 么 你 读 这 本 书 呢 ？', '我 身 上 有 一 大 笔 钱 。', '她 在 医 院 里 装 满 了 他 的 妻 子 ， 因 为 她 的 妻 子 。', '我 现 在 在 学 习 。', '她 父 亲 上 周 去 世 了 。', '下 周 一 开 学 校 。', '对 于 我 来 说 没 有 意 义 。', '我 认 为 我 可 能 犯 了 个 错 。', '汤 姆 想 见 玛 丽 的 房 间 。', '我 很 高 兴 听 到 这 样 的 声 音 。', '我 能 借 你 的 车 吗 ？', '昨 晚 发 生 了 一 场 很 大 的 地 震 。', '离 开 远 吗 ？', '汤 姆 感 谢 玛 丽 的 来 。', '电 视 坏 了 。', '在 她 的 英 语 说 ， 但 是 她 很 快 乐 能 成 功 。', '你 会 怕 死 吗 ？', '你 想 要 什 么 ?', '你 可 以 看 看 我 的 驾 驶 执 照 吗 ？', '他 还 没 来 。', '这 刀 非 常 有 趣 。', '汤 姆 说 他 很 有 钱 。', '我 的 父 亲 为 我 的 钱 包 付 了 十 分 钱 。', '她 把 他 的 床 单 铺 在 床 上 。', '这 些 巴 士 都 不 去 新 宿 。', '告 诉 我 什 么 时 候 停 下 。', '我 们 叫 汤 姆 醒 来 。', '那 些 老 房 子 很 容 易 被 抢 劫 。', '我 想 要 一 个 可 以 的 奶 油 。', '汤 姆 知 道 不 同 的 。', '现 在 就 要 假 了 。', '我 一 直 努 力 学 习 。', '我 前 必 须 在 周 日 回 家 前 。', '我 花 了 大 约 1 0 美 元 。', '是 该 回 家 了 。', '他 因 为 生 病 了 ， 所 以 他 没 有 受 到 邀 请 。', '我 知 道 你 比 我 大 部 分 。', '他 的 儿 子 给 他 做 了 一 个 人 的 儿 子 。', '我 听 到 一 整 夜 的 人 都 在 这 里 。', '请 给 我 些 饮 料 喝 。', '汤 姆 说 他 的 家 里 有 把 枪 。', '快 ！ 请 住 在 这 儿 ！', '我 出 去 玩 吗 ？', '你 把 我 送 到 了 回 家 吗 ？', '我 想 知 道 这 个 下 午 可 以 坐 在 哪 里 吗 ?', '我 喜 欢 在 哭 。', '你 最 好 不 要 跟 我 们 来 。', '我 们 走 吧 !', '告 诉 我 该 做 什 么 。', '我 帮 她 洗 碗 了 。', '你 有 电 视 吗 ？', '你 只 是 个 傻 子 。', '我 们 明 天 早 上 想 起 床 。', '我 不 舒 服 在 这 里 感 觉 。', '我 警 察 找 了 一 个 警 察 。', '一 起 吃 晚 饭 的 时 间 让 我 们 吃 一 起 吃 晚 饭 。', '他 在 一 个 很 多 孩 子 的 主 要 讨 论 。', '他 很 难 对 付 。', '他 独 自 一 人 独 自 生 活 。', '请 允 许 我 去 。', '我 看 见 他 在 洗 车 。', '那 不 太 好 。', '他 很 容 易 感 冒 。', '这 些 箱 子 是 你 的 哪 个 ？', '汤 姆 对 这 些 生 气 很 什 么 生 气 ？', '我 是 你 的 体 型 。', '你 能 告 诉 我 们 。', '我 会 很 高 兴 你 看 到 它 。', '汤 姆 不 喜 欢 把 小 心 装 作 业 并 且 再 次 自 己 。', '我 妹 妹 跟 我 去 了 城 市 。', '您 不 是 医 生 。', '你 不 能 在 这 个 房 间 里 待 吗 ？', '你 在 哪 儿 见 面 ?', '火 总 是 火 消 失 的 。', '我 们 认 为 我 们 该 试 一 个 。', '她 穿 那 件 红 色 的 洋 装 很 好 看 。', '我 累 死 了 。', '汤 姆 比 我 高 。', '他 不 必 去 学 校 。', '告 诉 我 们 的 情 况 比 我 们 。', '英 语 是 一 种 全 世 界 通 过 的 语 言 。', '当 我 是 在 这 个 小 孩 的 时 候 ， 我 很 难 过 游 泳 池 。', '他 让 我 新 的 新 商 店 里 装 满 了 他 的 新 房 子 。', '我 没 跟 任 何 人 说 过 我 会 去 过 确 定 的 确 定 。', '我 可 能 知 道 有 谁 可 以 帮 助 你 。', '她 能 用 一 次 长 时 间 旅 游 日 本 吗 ？', '这 只 猫 卖 了 柳 橙 汁 。', '把 我 的 信 给 玛 丽 写 信 。', '我 几 乎 读 完 了 这 本 书 。', '你 不 是 汤 姆 吗 ？', '她 通 常 早 起 。', '他 信 守 诺 言 。', '你 能 教 我 怎 么 游 泳 好 吗 ？', '汤 姆 想 在 自 己 倒 后 一 杯 咖 啡 ， 谢 谢 。', '他 总 是 穿 著 说 实 话 。', '我 会 告 诉 汤 姆 你 会 说 。', '汤 姆 刚 好 时 间 起 来 。', '让 我 想 想 。', '我 有 兄 弟 。', '他 赢 得 这 场 比 赛 就 好 了 。', '关 上 门 。', '再 也 不 喜 欢 什 么 东 西 了 。', '这 是 一 个 很 好 的 城 市 中 心 。', '今 天 的 天 气 怎 么 样 ?', '我 朋 友 邀 我 吃 晚 饭 。', '那 不 是 猫 。 那 是 狗 。', '她 为 自 己 的 成 功 ， 但 她 做 得 很 好 。', '你 明 天 可 以 来 看 我 吗 ？', '他 昨 天 在 公 园 里 散 步 。', '可 以 讲 你 吗 ?', '我 不 怕 死 。', '桌 上 有 个 苹 果 。', '那 个 家 庭 来 ！', '汤 姆 这 个 消 息 和 他 生 气 。', '汤 姆 跟 玛 丽 谈 了 话 。', '我 只 是 不 能 相 信 汤 姆 做 了 。', '她 为 孩 子 们 做 了 饼 干 。', '谢 谢 你 来 接 我 。', '孩 子 们 喜 欢 在 沙 滩 上 玩 。', '他 不 打 扫 了 他 的 房 间 。', '他 们 老 师 说 了 这 个 房 子 。', '天 快 要 下 雨 了 。', '你 不 能 在 这 里 公 园 里 玩 。', '这 一 次 不 一 样 。', '出 去 之 间 的 时 候 请 你 不 要 离 开 房 间 。', '月 真 的 很 美 丽 。', '我 的 书 在 哪 里 ？', '他 不 是 北 海 道 而 来 的 。', '我 们 休 息 一 会 儿 吧 。', '你 在 藏 什 么 东 西 吗 ？', '我 们 谈 了 一 个 好 的 工 作 。', '我 们 要 等 等 好 多 久 ？', '他 不 快 速 就 离 开 了 房 间 。', '我 认 为 他 的 计 划 同 意 这 一 部 分 。', '汤 姆 帮 玛 丽 做 她 的 功 课 。', '我 正 在 抱 歉 ， 她 不 喜 欢 打 扰 了 。', '当 天 气 不 要 出 门 的 时 候 。', '我 们 怎 么 能 准 备 离 开 ？', '谁 发 明 了 那 个 ？', '没 有 你 的 卧 室 里 。', '她 戒 烟 了 。', '老 师 把 这 个 问 题 想 成 的 老 师 。', '谢 谢 您 的 迅 速 回 复 。', '我 搭 公 车 在 火 车 上 伦 敦 。', '如 果 你 没 有 上 司 ， 我 就 没 有 办 法 去 找 到 你 的 帮 忙 。', '我 在 紧 急 情 况 下 。', '我 请 他 打 开 窗 口 。', '我 不 喜 欢 把 空 气 变 成 的 事 情 。', '我 们 还 剩 下 很 多 时 间 。', '你 做 完 回 家 作 业 了 吗 ?', '这 没 有 什 么 事 要 说 就 有 时 候 会 发 生 。', '看 不 到 任 何 人 在 一 个 月 。', '我 得 见 了 你 一 些 东 西 。', '汤 姆 把 自 己 的 房 子 放 弃 了 。', '那 是 我 错 的 。', '我 不 知 道 你 是 哪 个 在 的 。', '请 说 话 大 声 一 点 。', '她 只 是 听 音 乐 的 音 乐 边 。', '我 准 备 好 了 走 路 。', '鱼 有 鱼 鱼 。', '我 的 手 指 头 有 一 根 刺 。', '汤 姆 打 牌 。', '请 你 的 家 庭 好 。', '公 车 站 在 街 上 对 街 。', '我 不 能 等 汤 姆 。', '我 今 天 有 任 何 我 的 忙 吗 ？', '春 天 快 来 了 。', '他 们 都 想 要 一 个 小 孩 。', '我 该 做 甚 么 ？', '我 需 要 它 。', '他 年 纪 够 大 可 以 了 解 更 多 。', '我 可 以 在 周 日 空 吗 ？', '我 和 我 哥 哥 相 处 。', '这 些 都 不 是 你 的 钱 。', '伦 敦 的 人 比 亚 政 府 有 一 个 城 市 。', '老 师 总 是 说 话 不 容 易 。', '没 有 错 。', '已 经 有 一 个 月 ， 可 以 放 轻 松 一 下 。', '玛 丽 的 苹 果 树 干 了 一 整 洁 。', '我 写 了 这 封 信 。', '快 点 ， 否 则 你 会 赶 上 火 车 。', '汤 姆 正 在 找 玛 丽 的 地 方 。', '“ 她 也 喜 欢 音 乐 。 ”', '除 非 有 人 跟 他 说 话 ， 他 不 会 改 变 话 。', '他 通 常 在 上 班 族 上 睡 觉 。', '你 给 我 的 忠 告 很 好 。', '也 许 那 不 会 发 生 。', '所 有 的 人 都 把 门 关 上 了 。', '汤 姆 不 像 玛 丽 说 他 那 么 聪 明 。', '汤 姆 出 现 了 怎 么 样 ？', '他 扔 了 块 石 头 到 狗 。', '我 遇 见 她 。', '我 将 要 在 这 里 待 几 天 。', '这 个 字 是 什 么 意 思 ?', '你 昨 晚 做 了 什 么 ？', '我 的 儿 子 别 留 下 了 一 个 人 。', '如 果 你 抱 歉 ， 我 就 没 有 打 扰 到 你 了 。', '汤 姆 可 能 是 最 高 的 等 一 个 。', '我 没 有 这 么 想 念 自 由 。', '他 一 边 就 接 下 来 了 ， 所 有 的 电 话 就 放 下 。', '我 不 喜 欢 茶 ， 茶 不 是 咖 啡 。', '我 问 他 了 。', '我 回 家 ， 汤 姆 回 来 了 。', '我 认 为 你 知 道 很 多 对 比 较 多 。', '我 没 有 时 间 。', '他 想 要 新 字 典 。', '这 个 男 孩 有 数 到 了 这 个 男 孩 。', '我 从 来 没 有 打 断 汤 姆 。', '她 指 责 我 说 了 谎 。', '你 的 行 李 有 什 么 ？', '说 这 个 老 师 是 说 的 话 。', '我 会 说 话 可 以 。', '你 可 以 使 用 他 的 书 可 以 。', '真 的 很 便 宜 。', '你 有 什 么 事 要 说 吗 ？', '汤 姆 甚 至 不 会 愿 意 我 和 你 去 做 。', '别 为 自 己 感 到 羞 耻 。', '把 马 上 从 马 来 不 远 的 地 方 。', '你 读 完 那 本 书 了 吗 ？', '我 们 会 再 见 面 。', '妈 妈 让 我 吃 午 饭 。', '我 当 时 洗 了 澡 的 时 候 ， 她 的 工 作 。', '如 果 你 那 么 做 ， 我 就 是 错 了 。', '昨 晚 你 出 去 了 吗 ？', '这 是 我 必 须 做 的 人 。', '很 抱 歉 ， 我 还 是 没 见 到 你 今 天 的 时 候 。', '我 也 是 紧 张 。', '你 应 该 停 止 吸 烟 。', '你 为 什 么 会 迟 到 呢 ？', '我 想 洗 个 澡 。', '我 永 远 不 会 让 你 去 打 扰 他 的 。', '我 继 续 看 书 。', '我 走 过 了 在 火 车 上 自 己 的 时 候 。', '汤 姆 经 常 接 受 他 的 报 告 。', '你 能 借 我 个 抱 歉 吗 ？', '我 在 给 婴 儿 正 的 婴 儿 正 是 一 个 婴 儿 。', '打 扫 房 间 ？', '他 被 选 为 主 席 。', '我 让 他 的 名 字 很 名 。', '让 我 死 。', '他 的 忠 告 没 有 很 多 他 的 建 议 。', '你 是 学 生 吗 ？', '汤 姆 决 定 骑 摩 托 车 去 上 班 。', '我 不 会 被 弄 坏 了 。', '汤 姆 有 大 象 的 大 象 。', '我 已 经 不 爱 他 了 。', '我 应 该 打 扫 我 的 房 间 。', '现 在 他 们 有 三 个 孩 子 。', '你 跑 步 。', '汤 姆 提 出 了 玛 丽 会 音 乐 。', '但 愿 我 年 轻 一 点 。', '我 会 错 了 。', '每 周 三 我 去 两 次 法 国 。', '我 妹 妹 跟 她 结 婚 了 。', '这 个 目 的 是 什 么 意 思 ？', '他 花 了 大 约 两 百 元 。', '你 要 给 她 买 些 东 西 吗 ？', '汤 姆 穿 着 手 里 拿 着 外 套 。', '为 什 么 你 不 担 心 ？', '我 可 能 是 最 后 一 次 的 工 作 。', '我 想 吃 三 个 鸡 蛋 。', '我 可 能 会 迟 到 。', '你 有 任 何 其 他 的 讯 息 吗 ？', '她 为 他 做 了 一 套 新 衣 服 。', '你 知 道 如 何 开 车 吗 ？', '我 乘 船 过 河 。', '你 不 必 吃 东 西 吗 ？', '这 些 新 鲜 气 看 起 来 很 美 。', '这 个 袋 子 里 的 袋 子 包 含 了 。', '我 在 海 边 的 人 。', '我 们 到 的 时 候 下 雨 了 。', '在 你 们 国 家 吃 米 饭 吗 ？', '我 想 吃 好 ， 所 以 我 想 要 的 。', '他 是 一 个 高 大 的 男 孩 。', '他 的 房 间 在 海 边 被 烟 边 。', '我 打 扫 她 的 房 间 里 有 一 支 持 她 。', '这 场 交 报 告 不 是 他 所 有 事 情 要 说 的 。', '他 正 在 开 车 一 学 习 。', '这 个 苹 果 是 红 的 苹 果 。', '把 收 音 机 开 大 声 一 点 。', '我 真 的 很 惊 讶 。', '蛋 糕 很 快 把 蛋 糕 放 入 了 。', '“ 我 说 ： “ ” “ ” 。 ”', '这 本 书 是 新 的 。', '我 不 能 去 度 假 。', '我 每 天 都 讲 英 语 。', '我 太 老 了 以 至 于 我 的 作 业 。', '钱 比 我 的 值 得 多 。', '请 记 得 要 寄 信 。', '我 认 为 那 是 很 可 能 的 。', '我 在 这 个 商 店 等 候 开 门 。', '我 想 你 必 须 派 对 。', '这 车 不 值 得 修 了 。', '我 的 右 眼 睛 是 瞎 的 。', '别 在 马 路 上 玩 。', '我 们 从 天 黑 暗 中 走 了 。', '我 卖 掉 了 这 条 路 。', '汤 姆 不 喜 欢 做 作 业 。', '我 从 来 接 受 了 一 个 有 趣 的 每 个 人 。', '看 起 来 像 个 那 只 鸟 。', '门 开 著 ， 门 是 吗 ?', '我 想 见 你 姐 姐 。', '也 许 我 会 有 一 些 时 间 。', '在 别 老 师 ， 你 必 须 尊 敬 老 师 。', '桌 上 有 个 电 脑 。', '让 我 们 明 天 讨 论 这 个 寺 庙 。', '这 份 工 作 没 有 钱 的 。', '你 打 算 怎 么 样 ？', '我 将 乘 你 搭 公 车 。', '年 纪 够 大 了 ， 你 可 以 不 知 道 该 更 多 年 了 。', '我 们 从 两 个 不 这 么 年 轻 。', '你 还 是 假 的 。', '我 完 全 不 懂 这 件 事 。', '她 不 喜 欢 他 的 样 子 。', '不 要 问 我 钱 。', '你 周 日 不 需 要 工 作 。', '我 是 这 里 的 外 地 人 。', '他 比 我 大 三 岁 。', '汤 姆 没 有 孩 子 。', '我 今 天 忙 。', '汤 姆 今 晚 去 世 了 。', '你 不 要 跟 我 一 起 来 。', '我 决 定 买 辆 车 。', '他 将 要 成 为 一 名 工 程 师 。', '他 试 图 逃 跑 的 是 杀 人 。', '他 还 没 回 我 的 信 。', '他 是 一 个 棒 球 选 手 。', '汤 姆 害 怕 高 。', '她 冷 静 下 来 了 。', '生 活 很 艰 苦 。', '我 想 吃 一 些 用 苹 果 。', '你 能 把 它 给 自 己 了 吗 ？', '你 们 能 为 他 的 名 字 的 人 吗 ？', '宝 宝 还 没 用 卡 车 。', '要 是 在 新 运 动 物 上 发 现 的 话 ， 那 种 有 价 格 。', '我 不 喜 欢 在 食 物 馆 里 游 戏 。', '我 爱 她 能 非 常 爱 我 。', '我 看 见 一 个 马 路 被 马 路 。', '我 们 要 告 诉 他 们 。', '你 应 该 把 你 的 安 全 带 来 。', '这 个 犯 罪 和 我 一 点 关 系 都 没 有 。', '我 十 八 岁 时 ， 学 了 开 车 、 考 到 了 驾 照 。', '汤 姆 为 他 做 了 道 歉 。', '没 什 么 大 不 了 的 。', '我 们 到 达 了 那 里 有 两 个 星 期 。', '我 是 无 辜 的 。', '明 天 我 会 见 到 你 。', '我 买 了 两 条 新 的 奶 油 。', '对 ！', '我 不 是 老 板 。', '不 管 来 或 许 他 是 否 同 一 次 ， 这 样 的 会 不 同 意 。', '汤 姆 吃 肉 了 。', '我 周 日 不 在 家 。', '我 们 有 足 够 的 食 物 吗 ？', '我 的 兄 弟 不 是 我 两 年 前 。', '我 感 觉 这 不 舒 服 。', '亚 洲 的 比 亚 洲 大 很 多 。', '汤 姆 和 我 在 同 一 个 班 级 。', '我 住 在 这 儿 。', '我 很 抱 歉 ， 打 错 了 报 纸 。', '有 一 座 桥 。', '所 有 的 人 都 在 星 期 日 出 售 。', '我 们 去 年 上 了 一 个 月 。', '它 需 要 修 理 它 。', '他 给 了 他 的 新 来 信 。', '她 用 苹 果 汁 来 打 了 一 只 苹 果 。', '你 的 计 划 有 什 么 计 划 ？', '谢 谢 ， 我 已 经 吃 饱 了 。', '别 麻 烦 了 我 。', '请 你 帮 我 解 释 这 个 好 吗 ？', '从 哪 里 来 那 些 人 ？', '你 知 道 我 在 做 什 么 吗 ？', '回 家 吧 。', '汤 姆 不 会 认 为 那 里 有 一 个 人 。', '工 作 是 怎 么 样 的 工 作 吗 ？', '我 希 望 你 走 。', '请 你 把 盐 递 给 我 好 吗 ？', '请 不 要 告 诉 你 父 母 。', '请 把 我 的 黄 油 递 给 我 。', '我 知 道 为 什 么 汤 姆 在 学 法 语 。', '汤 姆 为 他 的 房 子 里 没 有 想 到 他 的 那 么 多 少 。', '他 们 所 有 的 努 力 都 白 费 了 。', '我 想 喝 点 冷 饮 。', '我 们 应 该 告 诉 自 己 如 何 做 。', '你 们 自 己 吃 蛋 糕 。', '我 全 靠 自 己 一 切 。', '真 的 是 真 的 。', '请 将 在 周 二 前 开 门 。', '我 的 母 亲 在 一 个 外 国 人 受 欢 迎 。', '为 什 么 我 应 该 道 歉 ？', '把 书 给 她 。', '请 把 这 本 字 典 翻 译 成 日 语 。', '这 看 起 来 像 个 男 人 一 样 。', '他 上 个 月 在 上 了 最 后 一 班 。', '他 对 大 家 都 很 友 好 。', '今 天 早 上 我 感 觉 不 舒 服 。', '我 们 走 下 雨 ， 我 们 就 会 去 。', '请 帮 我 打 扫 房 子 。', '汤 姆 的 叔 叔 叔 多 快 乐 。', '他 不 知 道 一 封 信 一 封 信 怎 么 说 。', '对 不 起 ， 但 我 听 不 太 清 楚 你 说 话 。', '他 让 我 搭 公 车 停 住 了 公 车 。', '他 走 了 路 的 记 忆 力 。', '他 能 够 读 得 很 好 。', '谁 在 打 电 视 ？', '你 怎 么 认 为 这 不 是 么 样 ？', '我 又 遇 见 了 一 次 机 会 。', '我 太 多 吃 过 水 果 。', '我 的 伞 在 哪 里 ？', '没 有 人 喜 欢 笑 。', '我 在 提 议 提 议 。', '金 钱 不 能 买 到 所 有 的 东 西 。', '我 不 怕 死 。', '我 可 以 在 哪 里 去 购 物 ？', '我 跟 我 的 人 说 过 我 想 法 是 个 男 人 的 想 法 。', '入 场 费 将 花 费 3 0 美 元 。', '汤 姆 有 他 自 己 的 问 题 。', '多 美 丽 的 花 园 是 一 个 漂 亮 的 花 。', '我 在 车 站 的 站 。', '英 语 是 一 种 世 界 性 的 语 言 ， 现 在 都 该 在 用 于 世 界 上 发 现 了 。', '他 在 一 生 产 的 学 生 日 本 被 出 现 。', '我 每 天 早 上 都 跑 步 。', '汤 姆 在 波 士 顿 住 了 一 年 。', '这 条 街 上 没 有 很 多 树 。', '你 起 床 的 是 什 么 ?', '当 你 年 轻 的 时 候 ， 我 和 一 个 大 约 会 。', '你 学 英 语 吗 ？', '她 穿 著 黑 色 的 衣 服 是 一 件 衣 服 。', '我 的 一 个 朋 友 是 一 个 世 界 里 的 语 言 。', '你 们 在 学 校 里 读 哪 个 ？', '我 从 没 见 过 汤 姆 那 么 生 气 。', '在 1 9 4 0 年 中 ， 大 象 从 印 象 印 象 发 生 了 什 么 。', '我 设 法 让 他 买 的 衣 服 了 。', '你 好 汤 姆 ， 汤 姆 ？', '火 场 大 概 知 道 这 场 比 赛 中 自 由 。', '这 个 房 间 里 的 气 候 不 太 热 。', '这 次 变 得 改 变 一 切 了 。', '我 不 想 让 汤 姆 独 自 做 。', '这 本 书 是 她 写 的 最 好 的 小 说 。', '她 以 为 她 的 女 儿 感 到 羞 耻 。', '洗 你 的 洗 步 。', '我 祝 你 好 运 。 你 会 尽 力 。', '你 为 什 么 让 汤 姆 那 样 做 ？', '他 们 拒 绝 了 他 们 的 拒 绝 。', '我 们 有 一 个 特 别 的 情 。', '有 人 拿 错 了 我 的 鞋 。', '他 开 车 是 个 坏 的 。', '那 时 候 可 能 只 有 一 点 到 现 在 。', '我 希 望 她 看 过 来 好 像 从 她 。', '很 抱 歉 我 忘 了 写 作 业 。', '我 本 以 为 汤 姆 愿 意 了 解 这 件 事 。', '他 的 故 事 给 我 留 下 了 很 深 的 印 象 。', '我 在 想 我 们 成 功 的 事 情 。', '这 里 有 一 家 旅 馆 吗 ？', '我 打 算 让 她 计 划 谈 了 。', '我 听 说 你 是 个 有 趣 的 人 。', '当 我 听 到 这 个 消 息 时 ， 我 想 起 了 我 的 名 字 。', '汤 姆 没 有 很 幸 运 。', '请 你 留 下 这 个 瓶 子 吗 ？', '没 有 人 理 解 我 。', '它 对 我 来 说 是 一 家 很 大 的 画 。', '这 座 山 被 雪 覆 盖 了 。', '有 人 在 撒 谎 。', '你 的 头 发 烧 了 。', '我 的 头 发 不 喜 欢 我 的 头 发 。', '他 是 我 的 朋 友 。', '那 是 我 的 大 衣 。', '你 最 好 立 马 去 睡 觉 。', '她 说 英 语 吗 ？', '当 我 醒 来 时 ， 天 正 下 著 雪 。', '我 去 过 欧 洲 很 多 次 。', '他 在 紧 张 前 总 是 让 他 做 错 误 。', '那 么 事 发 生 了 什 么 事 ？', '他 的 妻 子 是 个 很 棒 的 女 人 。', '你 们 自 己 吃 蛋 糕 。', '马 上 就 行 吧 。', '我 们 在 周 末 和 朋 友 玩 。', '我 等 她 请 求 婚 。', '我 们 的 旅 行 ， 尽 力 能 快 乐 。', '当 你 年 轻 的 时 候 , 你 应 该 多 读 点 儿 书 。', '迟 到 会 很 快 就 迟 到 了 。', '我 不 知 道 汤 姆 是 否 会 说 法 语 。', '她 上 个 月 在 美 国 。', '老 师 又 再 次 这 次 了 重 要 。', '请 不 要 看 我 。', '我 想 去 音 乐 会 。', '汤 姆 独 自 一 个 人 回 家 。', '我 问 汤 姆 我 是 否 会 回 来 的 。', '没 有 足 够 的 乘 客 受 伤 。', '你 能 说 那 么 。', '如 果 我 们 两 个 人 ， 我 们 就 更 想 做 到 达 成 一 个 更 加 拿 大 的 东 西 。', '他 能 说 法 语 说 得 很 流 利 。', '我 点 了 重 点 。', '停 止 吸 烟 。', '这 是 镇 上 最 便 宜 的 商 店 。', '我 依 然 帮 你 的 住 在 。', '我 在 树 林 的 人 身 边 。', '他 们 队 从 人 群 中 走 。', '玛 丽 的 房 间 有 一 种 漂 亮 的 帽 子 。', '你 们 所 有 的 人 都 准 备 好 了 吗 ？', '他 总 是 说 他 的 一 个 人 ， 但 是 他 总 是 要 做 日 本 人 。', '他 是 一 位 伟 大 的 诗 人 。', 'T o m 没 有 兄 弟 姐 妹 。', '你 能 把 我 的 回 程 序 放 到 可 以 当 上 吗 ？', '不 要 担 心 。', '这 个 传 闻 后 来 被 证 明 是 真 的 。', '已 经 没 事 。', '那 些 牛 排 是 那 些 生 物 。', '我 可 以 用 用 信 用 卡 吗 ？', '我 在 公 共 汽 车 上 睡 了 。', '女 儿 长 得 特 别 漂 亮 。', '你 的 目 标 给 我 的 很 深 刻 。', '您 想 吃 点 什 么 吗 ？', '我 花 园 里 整 个 下 午 都 在 花 园 。', '哪 里 痛 ？', '我 有 点 要 的 东 西 就 告 诉 你 一 点 东 西 。', '希 望 离 开 这 个 村 子 和 平 。', '我 不 喜 欢 红 酒 。', '把 你 的 姓 名 和 地 址 写 在 你 的 地 址 上 。', '我 会 尽 力 能 成 功 。', '她 拒 绝 接 受 我 们 的 帮 助 手 。', '汤 姆 什 么 事 都 没 有 做 。', '他 无 法 辞 职 。', '我 从 没 有 狗 的 狗 姊 妹 。', '我 的 等 到 ， 等 我 们 的 婚 礼 。', '我 不 知 道 你 的 理 由 汤 姆 的 玩 具 。', '她 看 起 来 很 年 轻 。', '由 于 我 讲 清 楚 ， 这 个 文 件 后 悔 不 出 现 。', '你 应 该 来 我 们 的 聚 会 。', '京 都 和 妹 妹 都 在 波 士 顿 。', '汤 姆 需 要 把 他 的 旅 行 习 惯 。', '你 今 天 可 以 休 息 。', '你 看 上 去 很 苍 白 。', '这 是 朵 人 造 花 。', '汤 姆 不 介 意 。', '你 乘 学 校 去 公 车 站 吗 ？', '你 最 好 请 把 你 的 钱 包 借 给 了 一 点 钱 。', '没 有 人 说 这 种 话 可 能 会 做 的 事 。', '我 们 之 前 从 汤 姆 回 家 中 回 来 。', '请 吃 午 饭 ， 两 辆 汽 车 。', '我 以 前 在 打 网 球 。', '请 打 开 收 音 机 。', '他 们 中 的 一 个 都 不 认 识 。', '体 育 有 益 健 康 。', '你 认 为 我 们 是 谁 ？', '这 本 小 说 真 的 很 贵 。', '我 的 手 臂 断 了 。', '你 喜 欢 日 本 菜 吗 ？', '她 对 我 的 计 划 一 个 很 反 对 。', '我 想 要 一 些 柳 橙 汁 。', '我 们 早 上 早 点 回 家 。', '汤 姆 打 算 去 音 乐 会 。', '我 需 要 我 的 帮 助 一 些 工 作 。', '我 认 为 我 是 对 的 。', '她 照 顾 孩 子 。', '警 察 盘 问 了 正 在 牢 里 的 事 故 。', '爱 迪 生 不 永 远 爱 老 实 。', '日 本 是 一 个 非 常 棒 的 国 家 。', '我 想 再 要 更 多 咖 啡 。', '每 个 人 都 在 等 汤 姆 。', '她 给 了 我 们 吃 很 多 的 东 西 。', '他 的 意 思 ， 你 该 接 受 这 个 的 提 议 。', '我 不 能 忍 受 。', '他 打 扫 他 的 房 间 。', '牛 在 草 地 上 吃 草 。', '教 堂 上 教 堂 吗 ？', '我 们 每 个 周 末 都 去 溜 冰 。', '我 找 不 到 我 的 票 。', '火 车 从 海 边 搭 飞 机 起 来 的 脚 。', '他 有 三 名 兄 长 。', '我 们 尽 力 地 利 用 了 这 个 机 会 。', '一 百 年 被 叫 做 一 个 世 纪 。', '让 我 们 来 这 个 问 题 吧 。', '她 要 怎 么 做 鱼 。', '她 走 路 去 上 学 。', '你 说 你 什 么 时 候 打 算 ？', '这 么 容 易 觉 得 很 简 单 。', '在 俄 罗 斯 的 贝 加 尔 湖 是 世 界 上 最 深 的 湖 泊 。', '汤 姆 突 然 哭 了 。', '昨 天 我 买 了 这 台 车 。', '汤 姆 告 诉 我 他 是 紧 张 。', '当 我 看 了 他 的 时 候 ， 他 不 要 再 照 顾 一 次 。', '汤 姆 告 诉 我 我 不 应 该 去 晚 上 一 个 人 出 去 。', '你 是 不 可 能 的 。', '警 察 在 哪 里 ？', '我 梦 到 他 有 梦 想 。', '他 看 过 这 封 信 。', '这 将 花 费 约 1 0 0 0 0 日 元 。', '我 今 天 早 上 累 了 。 我 累 。', '这 条 路 需 要 外 国 人 。', '新 的 城 市 里 是 一 个 城 市 的 城 市 。', '他 扔 一 块 石 头 到 池 塘 里 。', '旅 行 最 快 的 方 式 是 乘 飞 机 。', '你 有 一 切 的 东 西 。', '没 有 问 题 。', '别 忘 了 这 封 信 。', '他 的 儿 子 想 成 为 一 名 教 师 。', '我 第 一 次 见 到 了 第 二 名 乘 。', '他 照 顾 他 父 亲 的 孩 子 ， 照 顾 他 的 父 亲 。', '我 不 是 你 母 亲 。', '这 班 火 车 是 东 京 的 吗 ?', '你 有 朋 友 很 多 朋 友 。', '说 中 文 很 难 。', '我 想 让 你 看 。', '新 鲜 的 家 具 是 你 的 回 来 。', '走 了 我 们 的 时 候 ， 下 车 还 有 十 分 钟 。', '真 是 没 有 特 别 的 事 。', '他 应 该 是 汤 姆 的 兄 弟 。', '你 没 发 烧 。', '我 有 一 个 设 想 。', '空 中 国 是 一 名 乘 客 。', '我 父 母 经 常 穿 过 世 界 。', '他 希 望 他 不 会 再 来 那 个 箱 子 。', '她 问 了 他 问 题 。', '你 有 一 会 明 白 的 建 议 。', 'T o m 喝 了 些 果 汁 。', '当 心 T o m 发 生 了 什 么 ？', '麻 烦 让 我 看 看 一 下 你 好 吗 ？', '把 书 放 在 最 上 面 的 架 子 上 。', '试 著 改 变 任 何 人 都 不 能 再 做 到 的 事 。', '他 再 也 不 能 游 泳 了 。', '开 门 ， 是 吗 ？', '如 果 天 下 雨 的 话 , 我 不 会 下 雨 。', '我 每 个 周 末 跟 朋 友 去 钓 鱼 。', '给 我 带 东 西 吃 。', '我 那 些 女 孩 很 认 识 汤 姆 。', '你 能 怎 么 让 我 做 这 个 ？', '你 起 床 早 吗 ？', '我 想 去 那 里 。', '外 面 有 一 台 机 会 。', '你 的 计 划 就 要 离 开 的 地 方 。', '这 本 小 孩 儿 都 能 读 书 。', '你 在 哪 里 吃 午 饭 ？', '多 少 钱 ?', '我 用 1 0 美 元 买 了 它 。', '怎 么 了 他 到 家 ？', '他 擅 长 足 球 。', '我 认 为 汤 姆 总 是 不 会 同 意 。', '哪 里 痛 ？', '这 个 任 何 意 思 都 不 是 很 好 。', '我 昨 天 去 那 儿 了 。', '这 本 书 很 小 。', '自 己 的 房 子 是 属 于 股 色 的 。', '我 在 想 我 们 成 功 的 事 情 。', '日 本 的 计 划 值 得 第 一 次 。', '不 久 就 要 花 很 长 时 间 。', '说 清 楚 ， 清 楚 你 说 的 话 。', '据 我 所 知 ， 知 识 。', '不 要 问 题 就 行 。', '他 买 了 一 件 新 衣 服 给 他 的 女 儿 。', '鸟 儿 歌 唱 。', '你 不 需 要 枪 。', '只 有 1 0 0 0 分 钟 内 降 。', '帮 我 们 的 厨 房 是 目 的 。', '你 没 必 要 让 他 生 气 。', '他 是 个 小 孩 子 。', '我 全 身 酸 痛 。', '以 后 请 注 意 点 。', '你 需 要 救 护 车 吗 ？', '她 教 我 们 法 语 。', '但 愿 她 昨 晚 来 就 好 了 。', '这 真 的 很 可 怕 。', '我 现 在 很 饿 。', '英 国 的 首 都 是 世 界 上 使 用 最 大 的 。', '学 生 有 一 个 非 常 棒 的 金 。', '如 果 他 有 点 活 了 ， 他 会 成 功 的 。', '汤 姆 从 来 没 有 见 过 那 么 高 兴 。', '汤 姆 从 银 行 停 了 下 来 。', '他 也 学 得 很 好 。', '你 现 在 在 工 作 呢 ？', '我 的 两 只 是 买 苹 果 汁 。', '我 想 去 看 你 的 母 亲 。', '我 们 有 危 险 的 危 险 。', '一 切 正 常 。', '我 永 远 不 会 再 见 他 了 。', '要 是 你 和 我 们 一 起 来 就 好 了 。', '他 整 天 打 网 球 。', '这 辆 自 行 车 是 谁 的 ？', '什 么 时 候 想 来 就 过 来 吧 。', '我 上 周 买 了 。', '我 终 于 达 到 了 一 份 很 漂 亮 的 工 作 。', '他 开 车 自 己 的 车 。', '汤 姆 说 他 需 要 钱 。', '我 们 没 有 共 同 之 间 。', '他 一 个 小 时 读 了 一 次 的 书 。', '我 会 带 你 去 动 物 。', '她 会 讲 英 语 和 法 语 。', '我 父 亲 六 十 岁 就 退 休 了 。', '能 够 出 一 份 力 太 好 了 。', '我 父 亲 有 五 个 兄 弟 姐 妹 。', '我 阿 姨 做 了 一 条 新 裙 子 给 我 。', '一 个 年 有 四 个 月 。', '我 有 点 长 你 不 去 看 你 的 时 候 了 吗 ？', '这 个 是 你 的 。', '我 的 朋 友 要 求 我 们 所 以 他 来 完 成 了 一 个 朋 友 。', '您 能 用 一 台 电 脑 吗 ？', '那 就 是 叫 什 么 名 字 ？', '我 一 周 前 在 家 一 次 。', '他 在 公 司 里 让 我 觉 得 很 开 始 。', '山 坡 上 有 一 间 小 屋 。', '他 在 那 次 意 外 中 失 去 了 他 的 视 力 。', '只 有 人 在 树 上 上 。', '树 下 了 很 多 树 。', '可 能 只 是 汤 姆 开 始 。', '我 喜 欢 运 动 。', '老 师 教 育 他 的 健 康 如 何 游 泳 。', '这 房 子 让 我 想 叔 叔 住 了 。', '安 静 的 地 方 安 静 。', '我 买 了 一 台 新 电 视 机 。', '也 许 她 明 天 会 来 。', '不 要 让 任 何 人 试 图 让 这 个 噪 音 。', '你 知 道 好 的 餐 馆 吗 ？', '我 们 去 了 林 中 散 步 。', '你 想 要 什 么 ?', '汤 姆 把 日 历 挂 在 墙 上 。', '我 会 借 给 你 这 本 字 典 。', '汤 姆 游 泳 很 游 泳 。', '我 对 英 语 的 进 步 感 到 很 有 趣 。', '为 什 么 你 不 来 ？', '你 想 再 要 一 颗 吗 ？', '我 看 了 什 么 ， 但 什 么 都 没 看 见 。', '汤 姆 似 乎 比 以 前 说 法 语 。', '我 不 用 著 睡 觉 。', '如 果 你 想 去 ， 你 就 去 了 。', '你 几 点 会 离 开 ？', '我 不 是 个 傻 子 。', '这 里 有 一 座 年 前 在 了 这 里 。', '他 无 法 理 解 这 样 子 。', '我 听 到 一 声 喊 叫 ， 叫 一 整 夜 。', '我 穿 著 跟 你 同 样 的 衣 服 。', '电 脑 现 在 在 很 令 人 用 工 作 。', '汤 姆 不 问 任 何 关 心 他 的 问 题 。', '这 些 苹 果 很 大 。', '他 们 只 是 在 这 儿 生 活 。', '我 能 问 一 些 问 题 吗 ？', '我 们 必 须 需 要 计 划 。', '“ 你 说 德 语 吗 ？ ” “ 不 ， ” “ 我 也 不 用 。 ”', '当 他 不 知 道 那 是 什 么 时 候 ， 我 就 认 识 他 。', '我 不 认 为 汤 姆 要 太 多 帮 助 。', '他 似 乎 什 么 都 知 道 。', '他 们 两 年 结 婚 了 。', '我 认 为 汤 姆 是 高 兴 。', '我 可 以 去 厕 所 吗 ？', '他 一 直 都 在 我 对 我 。', '他 有 很 多 的 经 验 都 有 想 法 。', '他 尽 力 而 为 。', '孩 子 们 每 天 都 应 该 喝 点 牛 奶 。', '他 喜 欢 独 自 旅 行 。', '告 诉 我 们 你 应 该 把 我 们 的 计 划 对 我 们 来 说 ， 所 有 的 。', '我 任 何 地 方 都 找 不 到 他 。', '这 没 有 任 何 意 义 。', '我 们 接 受 了 所 有 的 决 定 。', '汤 姆 有 女 朋 友 在 波 士 顿 。', '我 叔 叔 住 在 国 外 多 年 。', '我 差 点 有 多 高 兴 。', '汤 姆 必 须 做 那 事 。', '这 是 世 界 上 最 短 的 车 。', '你 参 加 一 班 公 交 车 吗 ？', '美 国 的 钱 包 从 2 0 0 美 国 的 钱 。', '我 问 他 要 去 哪 里 。', '我 们 这 场 谈 论 天 不 知 道 现 在 哪 里 的 东 西 。', '做 个 派 对 很 好 。', '你 钱 的 价 格 每 天 费 用 多 少 钱 ？', '你 的 失 败 了 。', '这 个 女 孩 让 这 个 地 方 很 难 过 的 来 。', '你 还 不 够 开 始 。', '我 以 前 去 她 的 工 作 了 。', '这 条 裙 子 花 了 我 1 0 0 万 日 元 。', '你 们 谁 都 去 了 这 家 伙 ？', '不 要 把 东 西 停 在 。', '你 认 为 我 是 谁 ？', '你 吸 烟 吗 ?', '今 天 早 上 汤 姆 没 有 上 发 烧 。', '我 父 亲 明 天 下 雨 了 。', '让 我 来 会 发 生 这 件 事 。', '我 想 让 你 帮 个 忙 。', '他 会 在 第 一 次 回 来 。', '我 们 通 常 在 六 点 钟 的 时 候 参 加 一 场 交 通 事 故 。', '我 很 抱 歉 打 错 了 。', '这 是 我 的 书 。', '汤 姆 把 他 的 名 字 加 在 名 字 典 上 写 了 一 封 信 。', '他 在 桌 子 里 等 着 一 个 苹 果 。', '他 试 图 自 己 独 自 杀 。', '她 是 一 个 著 名 的 歌 手 。', '当 他 到 达 时 ， 他 弄 丢 了 。', '你 做 完 回 家 作 业 了 吗 ?', '这 里 的 天 气 已 经 取 得 了 十 分 钟 。', '我 在 前 必 须 在 下 个 澡 前 洗 澡 。', '如 果 他 每 个 人 去 美 国 ， 请 就 开 始 。', '我 父 亲 走 过 去 散 步 。', '我 的 计 程 车 双 胞 胎 没 有 计 划 。', '一 场 毁 灭 性 的 屋 子 ， 这 条 街 道 上 的 航 班 。', '春 天 晚 上 会 来 。', '那 个 考 试 没 有 他 考 试 失 败 的 事 。', '我 们 真 的 很 久 才 能 让 我 们 知 道 真 的 时 间 做 到 了 甚 么 。', '这 支 笔 不 好 写 。', '我 认 为 汤 姆 不 能 找 到 它 。', '那 是 我 来 的 主 意 。', '我 希 望 他 知 道 我 在 哪 里 。', '我 不 喜 欢 他 们 说 的 方 式 。', '他 们 无 法 让 她 所 有 的 事 情 都 无 所 谓 。', '我 们 的 日 本 是 日 本 人 。', '他 现 在 在 在 巴 黎 。', '它 是 一 个 很 好 的 方 法 。', '我 工 作 太 多 了 。', '汤 姆 不 知 道 玛 丽 想 来 ， 所 以 他 做 什 么 。', '他 喜 欢 鱼 。', '他 每 天 都 去 上 学 。', '我 们 为 什 么 不 吃 晚 饭 ？', '为 什 么 你 买 了 日 本 书 ？', '他 已 经 死 了 十 年 了 。', '我 希 望 汤 姆 会 同 意 做 。', '他 们 在 黑 后 的 旅 馆 后 提 供 黑 。', '汤 姆 的 时 间 戴 著 你 的 门 。', '你 今 天 早 上 起 床 了 ？', '我 父 亲 每 天 早 上 都 跑 步 。', '它 可 能 是 危 险 的 。', '这 是 什 么 时 候 建 的 ？', '我 今 天 早 上 在 学 时 间 读 书 。', '我 不 会 给 你 做 任 何 事 。', '让 我 们 进 行 吧 。', '昨 天 非 常 冷 。', '你 是 那 个 建 议 我 们 一 起 做 的 人 。', '现 在 的 房 子 不 是 现 在 的 。', '星 是 一 颗 行 星 。', '我 姑 姑 给 了 我 一 本 集 邮 册 。', '我 渴 。', '他 在 超 市 中 一 个 镇 上 。', '我 想 再 见 到 你 。', '你 能 把 胡 椒 递 给 我 好 吗 ？', '你 为 什 么 会 哭 ？', '他 明 天 将 会 打 棒 球 。', '我 打 算 搭 十 一 班 火 车 。', '你 打 算 自 己 一 人 把 它 全 部 吃 了 吗 ？', '我 想 你 了 我 吗 ？', '我 看 过 这 本 书 很 有 意 思 。', '你 觉 得 这 是 甚 么 能 做 的 ？', '今 晚 出 去 吃 吧 。 我 们 有 点 出 去 吧 。', '真 的 很 便 宜 。', '这 小 孩 不 是 对 小 说 。', '我 不 认 为 你 是 错 误 。', '他 没 疯 。', '如 果 你 ， 那 么 我 会 怎 么 想 ？', '我 们 知 道 你 们 什 么 。', '没 有 人 把 她 的 伤 害 旧 。', '不 要 因 为 自 己 的 笑 话 。', '我 会 给 你 一 本 书 。', '他 旅 行 已 经 去 旅 行 了 。', '她 对 他 的 小 声 音 说 话 ， 他 想 念 些 了 些 什 么 。', '汤 姆 把 他 的 笔 记 本 放 下 了 。', '你 什 么 时 候 回 家 ？', '我 早 上 很 早 起 。', '你 最 有 趣 的 朋 友 是 谁 ？', '我 谁 也 不 需 要 。', '我 会 在 尽 可 以 进 去 打 网 球 。', '他 不 知 道 那 么 做 他 有 三 个 谎 。', '她 让 我 进 入 了 她 的 房 间 。', '她 很 快 地 看 见 她 在 一 次 的 父 亲 。', '我 认 为 他 是 一 个 很 棒 的 作 家 。', '每 个 人 都 很 困 惑', '我 不 是 个 外 星 人 。', '我 坐 下 去 。', '那 是 真 的 。', '鱼 还 是 由 于 火 车 。', '我 们 有 一 个 特 别 的 节 食 。', '这 是 一 张 我 的 母 亲 照 片 。', '我 还 没 找 到 任 何 事 。', '请 回 我 的 头 洗 。', '我 认 为 有 人 在 敲 门 。', '我 出 生 于 1 9 6 8 9 年 。', '他 手 举 起 他 的 手 里 。', '他 喝 了 很 多 水 。', '慢 慢 来 。', '你 经 常 出 国 吗 ？', '我 妈 妈 早 不 早 起 。', '能 帮 我 一 个 忙 吗 ？', '让 我 们 每 首 歌 都 流 利 。', '他 决 定 成 为 一 名 教 师 。', '我 必 须 吃 药 。', '我 的 感 受 到 第 一 个 问 题 是 对 的 。', '每 个 人 都 有 他 的 每 个 人 。', '请 给 我 你 的 想 法 。', '明 天 我 会 待 在 家 里 。', '我 会 跟 你 一 起 回 来 。', '东 京 在 东 京 上 就 行 。', '她 非 常 亲 戚 。', '我 喜 欢 短 诗 。', '如 果 你 快 点 ， 火 车 很 快 就 能 赶 上 火 车 。', '你 在 我 的 婚 礼 。', '我 想 问 你 些 再 来 一 杯 问 题 。', '我 有 一 位 父 亲 是 著 名 小 说 家 的 朋 友 。', '请 回 家 。', '英 国 是 一 种 非 常 重 要 的 城 市 。', '她 假 装 是 一 个 假 的 人 。', '我 在 机 场 遇 见 了 一 个 朋 友 。', '我 弟 弟 会 开 车 。', '我 两 天 前 到 达 了 。', '我 永 远 不 会 忘 记 她 去 打 算 。', '指 著 别 人 是 不 礼 貌 的 。', '这 本 小 说 是 谁 拿 手 的 ？', '我 付 了 那 顶 账 。', '人 应 该 知 道 这 个 ， 每 个 人 都 是 不 知 道 真 的 。', '我 不 知 道 他 来 自 哪 里 。', '我 不 知 道 。', '我 已 经 读 完 了 这 本 书 。', '这 个 月 我 今 天 去 海 滩 。', '我 见 过 他 游 泳 游 泳 。', '爸 爸 会 在 这 里 早 就 会 回 家 。', '他 的 弟 弟 和 我 是 个 很 小 的 书 。', '你 家 在 这 附 近 吗 ？', '他 没 有 在 中 午 到 达 那 个 时 间 。', '这 是 一 个 奇 怪 的 类 似 乎 。', '玛 丽 很 漂 亮 ， 不 是 吗 ？', '我 有 很 多 问 题 。', '在 家 里 游 泳 很 危 险 。', '没 关 系 。', '这 架 飞 机 十 分 钟 后 悔 。', '你 想 要 公 司 吗 ？', '你 不 记 得 我 说 什 么 了 ？', '我 没 有 改 变 。', '来 看 看 它 吧 。', '汤 姆 不 知 道 他 应 该 做 什 么 。', '日 本 是 一 种 富 士 山 。', '在 晚 饭 后 打 电 话 给 你 们 ？', '我 在 紧 急 情 况 下 。', '那 些 书 都 是 他 们 的 。', '这 是 我 的 书 。', '我 希 望 所 有 的 人 都 好 。', '没 有 人 叫 她 。', '你 不 应 该 抽 烟 。', '你 要 我 去 车 站 吗 ？', '我 不 知 道 汤 姆 怎 么 了 。', '我 总 是 在 星 期 天 上 总 是 感 到 羞 耻 。', '她 每 天 都 练 习 弹 钢 琴 。', '我 还 没 吃 完 早 饭 。', '聚 会 上 我 和 他 谈 得 很 愉 快 。', '我 太 太 太 在 哪 儿 ？', '春 天 是 我 最 喜 欢 的 季 节 。', 'T o m 有 三 个 猫 。', '我 们 明 天 晚 上 有 个 聚 会 。', '全 天 气 都 要 看 天 气 。', '我 爱 汤 姆 时 间 爱 他 。', '我 下 雪 ， 就 是 去 了 。', '我 要 去 银 行 。', '汤 姆 不 知 道 玛 丽 的 感 受 到 他 的 伤 害 。', '他 喜 欢 听 收 音 机 。', '汤 姆 是 用 手 机 。', '你 应 该 好 好 地 利 用 这 个 机 会 。', '汤 姆 工 作 很 努 力 。', '我 需 要 用 信 用 卡 写 信 。', '我 会 等 你 的 第 一 名 。', '桌 子 上 的 椅 子 要 椅 子 。', '他 的 后 一 天 会 很 快 就 会 还 在 他 的 。', '你 电 话 号 码 是 多 少 ？', '我 们 不 能 帮 你 。', '你 爱 坐 哪 里 就 可 以 坐 哪 里 。', '她 是 老 师 。', '你 看 起 来 很 困 了 。', '我 们 明 天 谈 论 它 。', '我 很 快 掉 了 。', '这 个 成 功 属 于 一 个 大 学 家 的 成 功 。', '我 今 天 收 到 她 的 来 信 。', '汤 姆 ， 我 们 必 须 谈 。', '你 现 在 在 哪 里 呢 ？', '你 家 怎 么 样 ？', '不 要 把 脏 手 从 树 干 进 入 。', '这 本 书 是 汤 姆 的 学 生 。', '我 想 把 英 语 说 得 很 流 利 。', '他 一 整 天 都 没 有 在 吃 惊 。', '汤 姆 不 想 独 自 去 。', '对 一 个 星 期 天 的 话 ， 我 的 旅 行 不 准 备 住 。', '你 做 了 什 么 事 ?', '我 今 天 早 上 到 车 站 。', '你 们 带 他 们 买 了 吗 ？', '我 们 应 该 遵 守 法 律 。', '我 再 也 不 爱 他 了 。', '我 喜 欢 音 乐 。', '你 能 帮 我 做 我 的 手 提 箱 吗 ？', '你 很 可 能 错 了 。', '她 今 天 比 昨 天 更 好 。', '我 上 个 月 在 伦 敦 。', '恐 怕 我 不 能 问 你 。 你 别 人 。', '她 哭 了 ， 哭 泣 。', '火 警 已 经 灭 了 。', '汤 姆 想 开 始 上 唱 歌 。', '你 能 给 我 来 点 儿 买 点 东 西 吗 ？', '价 格 一 直 升 起 床 。', '我 们 不 知 道 要 怎 么 办 。', '你 想 要 杯 咖 啡 吗 ？', '如 果 你 需 要 任 何 东 西 给 我 打 电 话 的 。', '当 我 是 时 候 ， 我 的 阅 读 书 。', '你 父 亲 什 么 时 候 回 家 ？', '我 去 过 那 里 很 多 次 了 。', '为 什 么 你 不 应 该 对 它 ？', '他 跑 了 火 灾 。', '你 可 以 再 说 一 次 吗 ？', '我 已 经 把 衣 服 换 了 。', '你 应 该 成 功 ， 让 自 己 继 续 。', '全 体 通 过 国 家 都 觉 得 这 个 英 语 。', '你 们 好 吗 ？', '我 没 有 穿 过 。', '汤 姆 太 热 了 。', '飞 机 就 要 花 钱 。', '你 喜 欢 拿 你 随 便 的 。', '我 是 外 国 人 。', '你 写 信 吗 ？', '你 不 必 吃 肉 。', '我 能 私 下 见 你 吗 ？', '非 常 希 望 他 的 生 气 。', '我 不 想 生 活 的 时 候 ， 我 不 想 待 在 生 活 。', '我 有 一 辆 公 交 车 吗 ？', '她 所 有 的 人 都 做 她 想 要 自 己 。', '你 在 这 里 工 作 多 久 了 ？', '你 的 时 候 有 什 么 时 候 ？', '尽 管 你 做 任 何 事 ， 所 以 我 都 需 要 尽 全 力 。', '真 是 烦 人 。', '我 认 识 他 。', '请 看 看 你 的 邮 票 。', '我 爸 爸 不 喜 欢 足 球 。', '我 们 没 理 由 害 羞 。', '天 空 中 乌 云 密 布 。', '他 昨 天 没 上 学 。', '她 教 了 三 年 前 学 习 。', '今 晚 我 感 觉 不 错 。', '我 在 找 你 的 袋 子 里 看 到 了 你 。', '我 们 去 了 医 院 。', '希 望 我 的 记 忆 力 能 好 一 点 。', '我 每 个 人 都 去 过 国 外 。', '她 有 一 点 钱 。', '他 们 彼 此 相 爱 。', '你 在 那 里 做 什 么 呢 ？', '不 快 点 ， 否 则 你 会 错 过 火 车 。', '快 点 ， 否 则 你 会 错 过 火 车 。', '他 写 了 一 本 关 于 一 本 关 于 鸟 类 的 书 。', '我 写 下 那 个 电 话 号 码 了 。', '下 个 月 我 会 见 你 。', '在 下 一 个 火 车 站 取 消 了 。', '我 从 来 没 有 爬 过 富 士 山 。', '无 论 她 说 我 做 什 么 ， 我 都 能 做 到 。', '看 来 像 这 只 狗 吃 什 么 。', '汤 姆 明 天 将 离 开 波 士 顿 。', '说 谎 是 错 误 的 。', '我 看 到 你 。', '汤 姆 不 说 太 多 。', '我 能 怎 么 样 ？', '战 争 已 经 不 结 束 了 。', '你 该 多 少 钱 买 这 个 词 ？', '这 座 山 被 雪 覆 盖 了 。', '从 日 本 来 到 三 个 月 ， 他 已 经 离 开 了 。', '你 认 为 我 在 开 玩 笑 吗 ？', '许 多 吃 蔬 菜 。', '这 不 是 刚 好 玩 的 ！', '他 是 我 的 这 个 部 门 。', '大 家 都 想 跟 你 说 话 。', '她 小 提 琴 拉 得 很 好 。', '你 现 在 就 可 以 回 家 了 。', '他 嫉 妒 我 的 成 功 。', '从 第 二 门 开 始 下 来 的 那 个 小 偷 。', '我 认 为 这 是 我 能 的 机 器 。', '我 以 为 这 会 没 有 想 到 汤 姆 。', '问 题 在 哪 里 ？', '我 能 想 象 护 士 吗 ？', '我 借 钱 。', '现 在 售 票 。', '这 个 女 孩 酷 不 打 破 了 她 的 孩 。', '她 每 周 去 散 步 。', '你 通 常 什 么 时 候 起 床 ？', '我 回 来 的 。', '你 可 以 帮 我 保 留 这 个 报 告 吗 ?', '我 打 开 始 一 直 在 打 网 球 。', '他 有 一 个 大 家 庭 。', '他 很 少 知 道 怎 么 说 他 的 事 情 。', '她 只 是 个 孩 子 。', '我 认 为 汤 姆 不 严 格 。', '他 忘 了 忘 记 。', '他 有 一 个 安 静 ， 她 站 着 。', '她 穿 著 黑 色 的 衣 服 是 黑 色 的 。', '我 要 去 公 园 。', '他 周 游 世 界 各 地 。', '晚 饭 是 我 们 的 时 间 到 了 。', '英 语 是 一 种 日 语 言 。', '我 妈 妈 弹 钢 琴 。', '她 总 是 照 顾 孩 子 。', '你 计 划 去 了 什 么 ？', '现 在 读 这 个 地 方 。', '这 是 时 间 花 了 钱 。', '我 不 能 确 定 要 说 什 么 。', '你 能 把 这 个 地 址 寄 到 吗 ？', '我 期 待 著 您 的 再 次 光 临 。', '汤 姆 最 终 做 了 什 么 。', '发 生 了 什 么 事 吗 ？', '复 原 需 要 花 很 长 的 时 间 吗 ？', '前 几 天 我 买 了 一 台 照 相 机 。', '抱 歉 ， 我 没 有 早 点 回 复 你 。', '这 个 问 题 很 容 易 回 答 。', '你 要 唱 歌 吗 ？', '有 人 告 诉 我 我 的 想 法 。', '他 比 以 前 的 健 康 比 财 富 。', '房 间 里 闻 起 来 很 房 间 。', '你 想 怎 么 剪 你 的 头 发 ？', '你 咳 嗽 吗 ？', '汤 姆 没 有 我 ， 我 相 信 他 没 有 信 任 我 。', '我 听 过 这 首 歌 的 法 语 版 。', '那 三 天 前 是 我 们 三 天 。', '孩 子 们 在 公 园 里 玩 得 很 有 趣 。', '做 他 的 事 让 我 使 他 做 。', '钟 响 了 吗 ？', '我 感 觉 很 冷 。', '我 想 我 会 搭 公 车 。', '让 我 们 去 公 园 散 步 吧 。', '你 看 起 来 很 困 了 。', '你 早 餐 几 点 吃 的 ？', '我 的 手 表 坏 了 。', '只 有 一 些 牛 奶 的 时 间 就 能 拿 出 来 了 。', '他 保 证 这 个 人 可 以 保 护 自 己 。', '现 在 来 一 直 该 试 试 。', '她 有 着 热 的 眼 睛 。', '我 想 你 。', '他 们 应 该 父 母 的 孩 子 。', '我 没 做 什 么 与 众 不 同 的 事 。', '在 花 园 里 。', '我 马 上 没 去 做 吗 ？', '我 们 尽 力 而 为 ， 她 会 迟 到 。', '这 还 活 着 呢 ？', '我 不 是 自 己 独 自 做 这 事 。', '这 个 箱 子 太 重 了 无 法 携 带 。', '他 要 抚 养 一 大 家 人 。', '这 是 一 个 惊 讶 。', '他 把 一 颗 球 扔 掉 了 球 扔 掉 。', '我 应 该 已 经 带 了 钱 。', '学 校 在 四 月 十 美 国 。', '他 没 有 迟 到 。', '她 开 车 到 了 一 辆 车 。', '你 没 有 锁 门 吗 ？', '我 有 很 多 好 玩 。', '我 不 能 是 因 为 你 ， 这 是 我 能 自 己 的 地 人 。', '用 手 机 吃 饭 难 吗 ？', '保 持 微 笑 。', '汤 姆 没 有 驾 驶 证 。', '他 不 如 我 所 以 我 同 的 人 。', '法 律 并 不 总 是 最 好 的 人 。', '昨 晚 我 们 过 得 很 开 心 。', '我 不 想 落 榜 。', '因 为 我 不 知 道 该 改 变 甚 么 , 所 以 我 正 在 改 变 的 工 作 。', '真 的 真 的 是 真 的 吗 ？', '这 架 飞 机 我 的 头 痛 苦 。', '我 们 期 待 著 你 和 你 的 家 人 看 到 。', '我 现 在 不 能 回 答 你 。', '她 擅 长 网 球 。', '这 是 一 个 医 院 。', '我 们 明 天 回 来 。', '我 们 明 天 早 上 开 始 。', '你 想 再 来 些 蛋 糕 吗 ？', '我 没 有 打 算 去 那 座 桥 。', '今 天 的 天 气 比 昨 天 好 。', '汤 姆 今 天 早 上 花 了 一 点 半 比 较 早 一 点 儿 。', '这 里 的 夏 天 真 热 。', '我 正 在 把 它 找 到 雪 停 了 。', '春 天 是 最 后 一 天 的 季 节 。', '请 你 给 我 看 看 展 示 吗 ？', '我 在 路 上 。', '我 父 亲 是 健 康 的 身 体 。', '我 有 一 个 很 好 的 闻 给 你 。', '汤 姆 没 有 我 要 求 他 做 。', '天 上 没 有 一 片 云 。', '谁 为 这 个 你 用 了 谁 的 信 ？', '我 把 我 的 车 站 留 在 这 里 了 。', '一 个 突 然 ， 我 们 现 在 的 狗 出 现 了 一 些 产 生 。', '我 现 在 最 好 立 刻 。', '昨 天 你 喜 欢 的 工 作 了 吗 ？', '那 是 一 本 书 。', '我 明 天 需 要 知 道 明 天 。', '我 不 用 你 做 那 事 。', '这 是 个 危 险 的 危 险 的 。', '我 没 有 见 到 你 。', '新 学 校 有 一 位 老 师 。', '你 可 以 随 时 都 可 以 来 。', '我 们 在 看 什 么 让 盒 子 看 盒 子 。', '终 于 达 到 了 他 的 目 标 。', '汤 姆 是 我 最 喜 欢 的 男 孩 。', '这 里 的 夏 天 很 热 。', '我 吃 了 三 明 治 。', '我 会 带 你 逛 逛 逛 逛 的 。', '但 愿 汤 姆 去 那 里 。', '他 在 音 乐 。', '一 个 男 人 发 现 了 一 个 头 发 的 男 人 。', '晚 饭 后 我 洗 了 餐 具 。', 'T o m 每 个 礼 拜 都 买 回 去 波 士 顿 。', '行 动 一 下 地 方 。', '我 孩 子 们 去 学 校 。', '她 现 在 忙 ， 没 有 办 法 跟 您 说 话 。', '英 语 和 许 多 其 他 人 都 是 一 种 语 言 。', '我 喜 欢 吃 肉 。', '这 太 贵 了 。', '我 喜 欢 鸡 蛋 。', '这 个 池 塘 里 很 多 周 围 的 石 油 。', '您 在 忙 吗 ？', '明 天 是 一 个 安 静 的 ， 可 能 不 会 把 它 完 成 的 。', '如 果 你 不 知 道 ， 就 问 你 。', '他 网 球 打 得 很 好 。', '在 回 家 的 路 上 ， 我 会 不 会 回 家 。', '他 放 学 后 打 棒 球 。', '我 早 就 有 感 觉 到 这 可 能 会 发 生 。', '你 明 天 可 以 七 点 叫 我 起 床 。', '水 给 我 了 水 。', '他 十 分 钟 前 来 这 里 。', '你 可 以 在 公 园 里 装 满 了 公 车 。', '我 全 力 地 告 诉 你 我 你 了 。', '我 负 担 不 起 负 责 任 。', '她 不 是 个 好 厨 师 。', '你 不 必 吃 它 。']
2025-06-03 15:42:57,039 INFO: 

2025-06-03 15:42:57,500 INFO: BLEU-1: 0.7515
2025-06-03 15:42:57,500 INFO: BLEU-2: 0.6629
2025-06-03 15:42:57,500 INFO: BLEU-3: 0.5824
2025-06-03 15:42:57,500 INFO: BLEU-4: 0.5074
